Archive member included to satisfy reference by file (symbol)

C:/ST/STM32CubeIDE_1.19.0/STM32CubeIDE/plugins/com.st.stm32cube.ide.mcu.externaltools.gnu-tools-for-stm32.13.3.rel1.win32_1.0.0.202411081344/tools/bin/../lib/gcc/arm-none-eabi/13.3.1/../../../../arm-none-eabi/lib/thumb/v7e-m+fp/hard\libstdc++_nano.a(new_op.o)
                              ./Core/Src/BoardManagerWrapper.o (operator new(unsigned int))
C:/ST/STM32CubeIDE_1.19.0/STM32CubeIDE/plugins/com.st.stm32cube.ide.mcu.externaltools.gnu-tools-for-stm32.13.3.rel1.win32_1.0.0.202411081344/tools/bin/../lib/gcc/arm-none-eabi/13.3.1/../../../../arm-none-eabi/lib/thumb/v7e-m+fp/hard\libstdc++_nano.a(new_handler.o)
                              C:/ST/STM32CubeIDE_1.19.0/STM32CubeIDE/plugins/com.st.stm32cube.ide.mcu.externaltools.gnu-tools-for-stm32.13.3.rel1.win32_1.0.0.202411081344/tools/bin/../lib/gcc/arm-none-eabi/13.3.1/../../../../arm-none-eabi/lib/thumb/v7e-m+fp/hard\libstdc++_nano.a(new_op.o) (std::get_new_handler())
C:/ST/STM32CubeIDE_1.19.0/STM32CubeIDE/plugins/com.st.stm32cube.ide.mcu.externaltools.gnu-tools-for-stm32.13.3.rel1.win32_1.0.0.202411081344/tools/bin/../lib/gcc/arm-none-eabi/13.3.1/../../../../arm-none-eabi/lib/thumb/v7e-m+fp/hard\libc_nano.a(libc_a-abort.o)
                              C:/ST/STM32CubeIDE_1.19.0/STM32CubeIDE/plugins/com.st.stm32cube.ide.mcu.externaltools.gnu-tools-for-stm32.13.3.rel1.win32_1.0.0.202411081344/tools/bin/../lib/gcc/arm-none-eabi/13.3.1/../../../../arm-none-eabi/lib/thumb/v7e-m+fp/hard\libstdc++_nano.a(new_op.o) (abort)
C:/ST/STM32CubeIDE_1.19.0/STM32CubeIDE/plugins/com.st.stm32cube.ide.mcu.externaltools.gnu-tools-for-stm32.13.3.rel1.win32_1.0.0.202411081344/tools/bin/../lib/gcc/arm-none-eabi/13.3.1/../../../../arm-none-eabi/lib/thumb/v7e-m+fp/hard\libc_nano.a(libc_a-exit.o)
                              C:/ST/STM32CubeIDE_1.19.0/STM32CubeIDE/plugins/com.st.stm32cube.ide.mcu.externaltools.gnu-tools-for-stm32.13.3.rel1.win32_1.0.0.202411081344/tools/bin/../lib/gcc/arm-none-eabi/13.3.1/../../../../arm-none-eabi/lib/thumb/v7e-m+fp/hard/crt0.o (exit)
C:/ST/STM32CubeIDE_1.19.0/STM32CubeIDE/plugins/com.st.stm32cube.ide.mcu.externaltools.gnu-tools-for-stm32.13.3.rel1.win32_1.0.0.202411081344/tools/bin/../lib/gcc/arm-none-eabi/13.3.1/../../../../arm-none-eabi/lib/thumb/v7e-m+fp/hard\libc_nano.a(libc_a-malloc.o)
                              C:/ST/STM32CubeIDE_1.19.0/STM32CubeIDE/plugins/com.st.stm32cube.ide.mcu.externaltools.gnu-tools-for-stm32.13.3.rel1.win32_1.0.0.202411081344/tools/bin/../lib/gcc/arm-none-eabi/13.3.1/../../../../arm-none-eabi/lib/thumb/v7e-m+fp/hard\libstdc++_nano.a(new_op.o) (malloc)
C:/ST/STM32CubeIDE_1.19.0/STM32CubeIDE/plugins/com.st.stm32cube.ide.mcu.externaltools.gnu-tools-for-stm32.13.3.rel1.win32_1.0.0.202411081344/tools/bin/../lib/gcc/arm-none-eabi/13.3.1/../../../../arm-none-eabi/lib/thumb/v7e-m+fp/hard\libc_nano.a(libc_a-mallocr.o)
                              C:/ST/STM32CubeIDE_1.19.0/STM32CubeIDE/plugins/com.st.stm32cube.ide.mcu.externaltools.gnu-tools-for-stm32.13.3.rel1.win32_1.0.0.202411081344/tools/bin/../lib/gcc/arm-none-eabi/13.3.1/../../../../arm-none-eabi/lib/thumb/v7e-m+fp/hard\libc_nano.a(libc_a-malloc.o) (_malloc_r)
C:/ST/STM32CubeIDE_1.19.0/STM32CubeIDE/plugins/com.st.stm32cube.ide.mcu.externaltools.gnu-tools-for-stm32.13.3.rel1.win32_1.0.0.202411081344/tools/bin/../lib/gcc/arm-none-eabi/13.3.1/../../../../arm-none-eabi/lib/thumb/v7e-m+fp/hard\libc_nano.a(libc_a-mlock.o)
                              C:/ST/STM32CubeIDE_1.19.0/STM32CubeIDE/plugins/com.st.stm32cube.ide.mcu.externaltools.gnu-tools-for-stm32.13.3.rel1.win32_1.0.0.202411081344/tools/bin/../lib/gcc/arm-none-eabi/13.3.1/../../../../arm-none-eabi/lib/thumb/v7e-m+fp/hard\libc_nano.a(libc_a-mallocr.o) (__malloc_lock)
C:/ST/STM32CubeIDE_1.19.0/STM32CubeIDE/plugins/com.st.stm32cube.ide.mcu.externaltools.gnu-tools-for-stm32.13.3.rel1.win32_1.0.0.202411081344/tools/bin/../lib/gcc/arm-none-eabi/13.3.1/../../../../arm-none-eabi/lib/thumb/v7e-m+fp/hard\libc_nano.a(libc_a-findfp.o)
                              C:/ST/STM32CubeIDE_1.19.0/STM32CubeIDE/plugins/com.st.stm32cube.ide.mcu.externaltools.gnu-tools-for-stm32.13.3.rel1.win32_1.0.0.202411081344/tools/bin/../lib/gcc/arm-none-eabi/13.3.1/../../../../arm-none-eabi/lib/thumb/v7e-m+fp/hard\libc_nano.a(libc_a-exit.o) (__stdio_exit_handler)
C:/ST/STM32CubeIDE_1.19.0/STM32CubeIDE/plugins/com.st.stm32cube.ide.mcu.externaltools.gnu-tools-for-stm32.13.3.rel1.win32_1.0.0.202411081344/tools/bin/../lib/gcc/arm-none-eabi/13.3.1/../../../../arm-none-eabi/lib/thumb/v7e-m+fp/hard\libc_nano.a(libc_a-fwalk.o)
                              C:/ST/STM32CubeIDE_1.19.0/STM32CubeIDE/plugins/com.st.stm32cube.ide.mcu.externaltools.gnu-tools-for-stm32.13.3.rel1.win32_1.0.0.202411081344/tools/bin/../lib/gcc/arm-none-eabi/13.3.1/../../../../arm-none-eabi/lib/thumb/v7e-m+fp/hard\libc_nano.a(libc_a-findfp.o) (_fwalk_sglue)
[...]
Memory Configuration

Name             Origin             Length             Attributes
RAM              0x20000000         0x0001c000         xrw
FLASH            0x08000000         0x00080000         xr
*default*        0x00000000         0xffffffff

Linker script and memory map

LOAD C:/ST/STM32CubeIDE_1.19.0/STM32CubeIDE/plugins/com.st.stm32cube.ide.mcu.externaltools.gnu-tools-for-stm32.13.3.rel1.win32_1.0.0.202411081344/tools/bin/../lib/gcc/arm-none-eabi/13.3.1/thumb/v7e-m+fp/hard/crti.o
LOAD C:/ST/STM32CubeIDE_1.19.0/STM32CubeIDE/plugins/com.st.stm32cube.ide.mcu.externaltools.gnu-tools-for-stm32.13.3.rel1.win32_1.0.0.202411081344/tools/bin/../lib/gcc/arm-none-eabi/13.3.1/thumb/v7e-m+fp/hard/crtbegin.o
LOAD C:/ST/STM32CubeIDE_1.19.0/STM32CubeIDE/plugins/com.st.stm32cube.ide.mcu.externaltools.gnu-tools-for-stm32.13.3.rel1.win32_1.0.0.202411081344/tools/bin/../lib/gcc/arm-none-eabi/13.3.1/../../../../arm-none-eabi/lib/thumb/v7e-m+fp/hard/crt0.o
LOAD ./Core/Src/BoardManager.o
LOAD ./Core/Src/BoardManagerWrapper.o
LOAD ./Core/Src/IOPin.o
LOAD ./Core/Src/IOPinwrapper.o
LOAD ./Core/Src/gpio.o
LOAD ./Core/Src/main.o
LOAD ./Core/Src/stm32g4xx_hal_msp.o
LOAD ./Core/Src/stm32g4xx_it.o
LOAD ./Core/Src/syscalls.o
LOAD ./Core/Src/sysmem.o
LOAD ./Core/Src/system_stm32g4xx.o
LOAD ./Core/Startup/startup_stm32g491vetx.o
LOAD ./Drivers/STM32G4xx_HAL_Driver/Src/stm32g4xx_hal.o
LOAD ./Drivers/STM32G4xx_HAL_Driver/Src/stm32g4xx_hal_cortex.o
LOAD ./Drivers/STM32G4xx_HAL_Driver/Src/stm32g4xx_hal_dma.o
LOAD ./Drivers/STM32G4xx_HAL_Driver/Src/stm32g4xx_hal_dma_ex.o
LOAD ./Drivers/STM32G4xx_HAL_Driver/Src/stm32g4xx_hal_exti.o
LOAD ./Drivers/STM32G4xx_HAL_Driver/Src/stm32g4xx_hal_flash.o
LOAD ./Drivers/STM32G4xx_HAL_Driver/Src/stm32g4xx_hal_flash_ex.o
LOAD ./Drivers/STM32G4xx_HAL_Driver/Src/stm32g4xx_hal_flash_ramfunc.o
LOAD ./Drivers/STM32G4xx_HAL_Driver/Src/stm32g4xx_hal_gpio.o
LOAD ./Drivers/STM32G4xx_HAL_Driver/Src/stm32g4xx_hal_pwr.o
LOAD ./Drivers/STM32G4xx_HAL_Driver/Src/stm32g4xx_hal_pwr_ex.o
LOAD ./Drivers/STM32G4xx_HAL_Driver/Src/stm32g4xx_hal_rcc.o
LOAD ./Drivers/STM32G4xx_HAL_Driver/Src/stm32g4xx_hal_rcc_ex.o
START GROUP
LOAD C:/ST/STM32CubeIDE_1.19.0/STM32CubeIDE/plugins/com.st.stm32cube.ide.mcu.externaltools.gnu-tools-for-stm32.13.3.rel1.win32_1.0.0.202411081344/tools/bin/../lib/gcc/arm-none-eabi/13.3.1/../../../../arm-none-eabi/lib/thumb/v7e-m+fp/hard\libstdc++_nano.a
LOAD C:/ST/STM32CubeIDE_1.19.0/STM32CubeIDE/plugins/com.st.stm32cube.ide.mcu.externaltools.gnu-tools-for-stm32.13.3.rel1.win32_1.0.0.202411081344/tools/bin/../lib/gcc/arm-none-eabi/13.3.1/../../../../arm-none-eabi/lib/thumb/v7e-m+fp/hard\libsupc++_nano.a
END GROUP
LOAD C:/ST/STM32CubeIDE_1.19.0/STM32CubeIDE/plugins/com.st.stm32cube.ide.mcu.externaltools.gnu-tools-for-stm32.13.3.rel1.win32_1.0.0.202411081344/tools/bin/../lib/gcc/arm-none-eabi/13.3.1/../../../../arm-none-eabi/lib/thumb/v7e-m+fp/hard\libstdc++_nano.a
LOAD C:/ST/STM32CubeIDE_1.19.0/STM32CubeIDE/plugins/com.st.stm32cube.ide.mcu.externaltools.gnu-tools-for-stm32.13.3.rel1.win32_1.0.0.202411081344/tools/bin/../lib/gcc/arm-none-eabi/13.3.1/../../../../arm-none-eabi/lib/thumb/v7e-m+fp/hard\libm.a
LOAD C:/ST/STM32CubeIDE_1.19.0/STM32CubeIDE/plugins/com.st.stm32cube.ide.mcu.externaltools.gnu-tools-for-stm32.13.3.rel1.win32_1.0.0.202411081344/tools/bin/../lib/gcc/arm-none-eabi/13.3.1/../../../../arm-none-eabi/lib/thumb/v7e-m+fp/hard\libc_nano.a
START GROUP
LOAD C:/ST/STM32CubeIDE_1.19.0/STM32CubeIDE/plugins/com.st.stm32cube.ide.mcu.externaltools.gnu-tools-for-stm32.13.3.rel1.win32_1.0.0.202411081344/tools/bin/../lib/gcc/arm-none-eabi/13.3.1/thumb/v7e-m+fp/hard\libgcc.a
LOAD C:/ST/STM32CubeIDE_1.19.0/STM32CubeIDE/plugins/com.st.stm32cube.ide.mcu.externaltools.gnu-tools-for-stm32.13.3.rel1.win32_1.0.0.202411081344/tools/bin/../lib/gcc/arm-none-eabi/13.3.1/../../../../arm-none-eabi/lib/thumb/v7e-m+fp/hard\libc_nano.a
END GROUP
START GROUP
LOAD C:/ST/STM32CubeIDE_1.19.0/STM32CubeIDE/plugins/com.st.stm32cube.ide.mcu.externaltools.gnu-tools-for-stm32.13.3.rel1.win32_1.0.0.202411081344/tools/bin/../lib/gcc/arm-none-eabi/13.3.1/thumb/v7e-m+fp/hard\libgcc.a
LOAD C:/ST/STM32CubeIDE_1.19.0/STM32CubeIDE/plugins/com.st.stm32cube.ide.mcu.externaltools.gnu-tools-for-stm32.13.3.rel1.win32_1.0.0.202411081344/tools/bin/../lib/gcc/arm-none-eabi/13.3.1/../../../../arm-none-eabi/lib/thumb/v7e-m+fp/hard\libc_nano.a
LOAD C:/ST/STM32CubeIDE_1.19.0/STM32CubeIDE/plugins/com.st.stm32cube.ide.mcu.externaltools.gnu-tools-for-stm32.13.3.rel1.win32_1.0.0.202411081344/tools/bin/../lib/gcc/arm-none-eabi/13.3.1/../../../../arm-none-eabi/lib/thumb/v7e-m+fp/hard\libnosys.a
END GROUP
START GROUP
LOAD C:/ST/STM32CubeIDE_1.19.0/STM32CubeIDE/plugins/com.st.stm32cube.ide.mcu.externaltools.gnu-tools-for-stm32.13.3.rel1.win32_1.0.0.202411081344/tools/bin/../lib/gcc/arm-none-eabi/13.3.1/thumb/v7e-m+fp/hard\libgcc.a
LOAD C:/ST/STM32CubeIDE_1.19.0/STM32CubeIDE/plugins/com.st.stm32cube.ide.mcu.externaltools.gnu-tools-for-stm32.13.3.rel1.win32_1.0.0.202411081344/tools/bin/../lib/gcc/arm-none-eabi/13.3.1/../../../../arm-none-eabi/lib/thumb/v7e-m+fp/hard\libc_nano.a
LOAD C:/ST/STM32CubeIDE_1.19.0/STM32CubeIDE/plugins/com.st.stm32cube.ide.mcu.externaltools.gnu-tools-for-stm32.13.3.rel1.win32_1.0.0.202411081344/tools/bin/../lib/gcc/arm-none-eabi/13.3.1/../../../../arm-none-eabi/lib/thumb/v7e-m+fp/hard\libnosys.a
END GROUP
LOAD C:/ST/STM32CubeIDE_1.19.0/STM32CubeIDE/plugins/com.st.stm32cube.ide.mcu.externaltools.gnu-tools-for-stm32.13.3.rel1.win32_1.0.0.202411081344/tools/bin/../lib/gcc/arm-none-eabi/13.3.1/thumb/v7e-m+fp/hard/crtend.o
LOAD C:/ST/STM32CubeIDE_1.19.0/STM32CubeIDE/plugins/com.st.stm32cube.ide.mcu.externaltools.gnu-tools-for-stm32.13.3.rel1.win32_1.0.0.202411081344/tools/bin/../lib/gcc/arm-none-eabi/13.3.1/thumb/v7e-m+fp/hard/crtn.o
                0x2001c000                        _estack = (ORIGIN (RAM) + LENGTH (RAM))
                0x00000200                        _Min_Heap_Size = 0x200
                0x00000400                        _Min_Stack_Size = 0x400

.isr_vector     0x08000000      0x1d8
                0x08000000                        . = ALIGN (0x4)
 *(.isr_vector)
 .isr_vector    0x08000000      0x1d8 ./Core/Startup/startup_stm32g491vetx.o
                0x08000000                g_pfnVectors
                0x080001d8                        . = ALIGN (0x4)

.text           0x080001d8     0x18b0
                0x080001d8                        . = ALIGN (0x4)
 *(.text)
 .text          0x080001d8       0x40 C:/ST/STM32CubeIDE_1.19.0/STM32CubeIDE/plugins/com.st.stm32cube.ide.mcu.externaltools.gnu-tools-for-stm32.13.3.rel1.win32_1.0.0.202411081344/tools/bin/../lib/gcc/arm-none-eabi/13.3.1/thumb/v7e-m+fp/hard/crtbegin.o
 *(.text*)
 .text._ZN12BoardManagerC2Ev
                0x08000218       0x34 ./Core/Src/BoardManager.o
                0x08000218                BoardManager::BoardManager()
                0x08000218                BoardManager::BoardManager()
 .text._ZN12BoardManager7executeEv
                0x0800024c       0x1a ./Core/Src/BoardManager.o
                0x0800024c                BoardManager::execute()
 .text.bm_create
                0x08000266       0x1a ./Core/Src/BoardManagerWrapper.o
                0x08000266                bm_create
 .text.bm_execute
                0x08000280       0x16 ./Core/Src/BoardManagerWrapper.o
                0x08000280                bm_execute
 *fill*         0x08000296        0x2 
 .text._ZN5IOPinC2EP12GPIO_TypeDeft
                0x08000298       0x30 ./Core/Src/IOPin.o
                0x08000298                IOPin::IOPin(GPIO_TypeDef*, unsigned short)
                0x08000298                IOPin::IOPin(GPIO_TypeDef*, unsigned short)
 .text._ZN5IOPin6toggleEv
                0x080002c8       0x20 ./Core/Src/IOPin.o
                0x080002c8                IOPin::toggle()
 .text._ZN13IOPin_wrapperC2ER5IOPin
                0x080002e8       0x1e ./Core/Src/IOPinwrapper.o
                0x080002e8                IOPin_wrapper::IOPin_wrapper(IOPin&)
                0x080002e8                IOPin_wrapper::IOPin_wrapper(IOPin&)
 .text._ZN13IOPin_wrapper10toggle_ledEv
                0x08000306       0x1a ./Core/Src/IOPinwrapper.o
                0x08000306                IOPin_wrapper::toggle_led()
 .text.MX_GPIO_Init
                0x08000320       0x64 ./Core/Src/gpio.o
                0x08000320                MX_GPIO_Init
 .text.main     0x08000384       0x34 ./Core/Src/main.o
                0x08000384                main
 .text.SystemClock_Config
                0x080003b8       0x80 ./Core/Src/main.o
                0x080003b8                SystemClock_Config
 .text.Error_Handler
                0x08000438        0xc ./Core/Src/main.o
                0x08000438                Error_Handler
 .text.HAL_MspInit
                0x08000444       0x48 ./Core/Src/stm32g4xx_hal_msp.o
                0x08000444                HAL_MspInit
 .text.NMI_Handler
                0x0800048c        0x8 ./Core/Src/stm32g4xx_it.o
                0x0800048c                NMI_Handler
 .text.HardFault_Handler
                0x08000494        0x8 ./Core/Src/stm32g4xx_it.o
                0x08000494                HardFault_Handler
 .text.MemManage_Handler
                0x0800049c        0x8 ./Core/Src/stm32g4xx_it.o
                0x0800049c                MemManage_Handler
 .text.BusFault_Handler
                0x080004a4        0x8 ./Core/Src/stm32g4xx_it.o
                0x080004a4                BusFault_Handler
 .text.UsageFault_Handler
                0x080004ac        0x8 ./Core/Src/stm32g4xx_it.o
                0x080004ac                UsageFault_Handler
 .text.SVC_Handler
                0x080004b4        0xe ./Core/Src/stm32g4xx_it.o
                0x080004b4                SVC_Handler
 .text.DebugMon_Handler
                0x080004c2        0xe ./Core/Src/stm32g4xx_it.o
                0x080004c2                DebugMon_Handler
 .text.PendSV_Handler
                0x080004d0        0xe ./Core/Src/stm32g4xx_it.o
                0x080004d0                PendSV_Handler
 .text.SysTick_Handler
                0x080004de        0xc ./Core/Src/stm32g4xx_it.o
                0x080004de                SysTick_Handler
 .text._getpid  0x080004ea       0x10 ./Core/Src/syscalls.o
                0x080004ea                _getpid
 .text._kill    0x080004fa       0x20 ./Core/Src/syscalls.o
                0x080004fa                _kill
 .text._exit    0x0800051a       0x16 ./Core/Src/syscalls.o
                0x0800051a                _exit
 .text._sbrk    0x08000530       0x6c ./Core/Src/sysmem.o
                0x08000530                _sbrk
 .text.SystemInit
                0x0800059c       0x24 ./Core/Src/system_stm32g4xx.o
                0x0800059c                SystemInit
 .text.Reset_Handler
                0x080005c0       0x50 ./Core/Startup/startup_stm32g491vetx.o
                0x080005c0                Reset_Handler
 .text.Default_Handler
                0x08000610        0x2 ./Core/Startup/startup_stm32g491vetx.o
                0x08000610                RTC_Alarm_IRQHandler
                0x08000610                EXTI2_IRQHandler
                0x08000610                TIM8_TRG_COM_IRQHandler
                0x08000610                TIM8_CC_IRQHandler
                0x08000610                TIM1_CC_IRQHandler
                0x08000610                USB_HP_IRQHandler
                0x08000610                CORDIC_IRQHandler
                0x08000610                DMA2_Channel8_IRQHandler
                0x08000610                EXTI3_IRQHandler
                0x08000610                I2C3_ER_IRQHandler
                0x08000610                EXTI0_IRQHandler
                0x08000610                I2C2_EV_IRQHandler
                0x08000610                FPU_IRQHandler
                0x08000610                FDCAN1_IT1_IRQHandler
                0x08000610                TIM1_UP_TIM16_IRQHandler
                0x08000610                ADC1_2_IRQHandler
                0x08000610                SPI1_IRQHandler
                0x08000610                TIM6_DAC_IRQHandler
                0x08000610                TIM8_UP_IRQHandler
                0x08000610                DMA2_Channel2_IRQHandler
                0x08000610                DMA1_Channel4_IRQHandler
                0x08000610                TIM20_TRG_COM_IRQHandler
                0x08000610                USART3_IRQHandler
                0x08000610                DMA1_Channel7_IRQHandler
                0x08000610                UART5_IRQHandler
                0x08000610                ADC3_IRQHandler
                0x08000610                TIM4_IRQHandler
                0x08000610                DMA2_Channel1_IRQHandler
                0x08000610                QUADSPI_IRQHandler
                0x08000610                I2C1_EV_IRQHandler
                0x08000610                DMA1_Channel6_IRQHandler
                0x08000610                UART4_IRQHandler
                0x08000610                DMA2_Channel4_IRQHandler
                0x08000610                TIM3_IRQHandler
                0x08000610                RCC_IRQHandler
                0x08000610                TIM20_UP_IRQHandler
                0x08000610                DMA1_Channel1_IRQHandler
                0x08000610                Default_Handler
                0x08000610                DMA2_Channel7_IRQHandler
                0x08000610                RTC_TAMP_LSECSS_IRQHandler
                0x08000610                FMAC_IRQHandler
                0x08000610                EXTI15_10_IRQHandler
                0x08000610                DMA1_Channel8_IRQHandler
                0x08000610                TIM7_IRQHandler
                0x08000610                UCPD1_IRQHandler
                0x08000610                I2C3_EV_IRQHandler
                0x08000610                EXTI9_5_IRQHandler
                0x08000610                RTC_WKUP_IRQHandler
                0x08000610                PVD_PVM_IRQHandler
                0x08000610                SPI2_IRQHandler
                0x08000610                DMA2_Channel5_IRQHandler
                0x08000610                CRS_IRQHandler
                0x08000610                DMA1_Channel5_IRQHandler
                0x08000610                USB_LP_IRQHandler
                0x08000610                EXTI4_IRQHandler
                0x08000610                RNG_IRQHandler
                0x08000610                TIM1_TRG_COM_TIM17_IRQHandler
                0x08000610                FDCAN2_IT1_IRQHandler
                0x08000610                DMA1_Channel3_IRQHandler
                0x08000610                WWDG_IRQHandler
                0x08000610                FDCAN2_IT0_IRQHandler
                0x08000610                LPUART1_IRQHandler
                0x08000610                DMA2_Channel6_IRQHandler
                0x08000610                FDCAN1_IT0_IRQHandler
                0x08000610                TIM2_IRQHandler
                0x08000610                COMP1_2_3_IRQHandler
                0x08000610                EXTI1_IRQHandler
                0x08000610                USART2_IRQHandler
                0x08000610                TIM20_BRK_IRQHandler
                0x08000610                I2C2_ER_IRQHandler
                0x08000610                DMA1_Channel2_IRQHandler
                0x08000610                TIM8_BRK_IRQHandler
                0x08000610                FLASH_IRQHandler
                0x08000610                TIM20_CC_IRQHandler
                0x08000610                USART1_IRQHandler
                0x08000610                SPI3_IRQHandler
                0x08000610                I2C1_ER_IRQHandler
                0x08000610                LPTIM1_IRQHandler
                0x08000610                DMAMUX_OVR_IRQHandler
                0x08000610                USBWakeUp_IRQHandler
                0x08000610                SAI1_IRQHandler
                0x08000610                DMA2_Channel3_IRQHandler
                0x08000610                COMP4_IRQHandler
                0x08000610                TIM1_BRK_TIM15_IRQHandler
 .text.HAL_Init
                0x08000612       0x30 ./Drivers/STM32G4xx_HAL_Driver/Src/stm32g4xx_hal.o
                0x08000612                HAL_Init
 *fill*         0x08000642        0x2 
 .text.HAL_InitTick
                0x08000644       0x74 ./Drivers/STM32G4xx_HAL_Driver/Src/stm32g4xx_hal.o
                0x08000644                HAL_InitTick
 .text.HAL_IncTick
                0x080006b8       0x24 ./Drivers/STM32G4xx_HAL_Driver/Src/stm32g4xx_hal.o
                0x080006b8                HAL_IncTick
 .text.HAL_GetTick
                0x080006dc       0x18 ./Drivers/STM32G4xx_HAL_Driver/Src/stm32g4xx_hal.o
                0x080006dc                HAL_GetTick
 .text.HAL_Delay
                0x080006f4       0x44 ./Drivers/STM32G4xx_HAL_Driver/Src/stm32g4xx_hal.o
                0x080006f4                HAL_Delay
 .text.__NVIC_SetPriorityGrouping
                0x08000738       0x48 ./Drivers/STM32G4xx_HAL_Driver/Src/stm32g4xx_hal_cortex.o
 .text.__NVIC_GetPriorityGrouping
                0x08000780       0x1c ./Drivers/STM32G4xx_HAL_Driver/Src/stm32g4xx_hal_cortex.o
 .text.__NVIC_SetPriority
                0x0800079c       0x54 ./Drivers/STM32G4xx_HAL_Driver/Src/stm32g4xx_hal_cortex.o
 .text.NVIC_EncodePriority
                0x080007f0       0x66 ./Drivers/STM32G4xx_HAL_Driver/Src/stm32g4xx_hal_cortex.o
 *fill*         0x08000856        0x2 
 .text.SysTick_Config
                0x08000858       0x44 ./Drivers/STM32G4xx_HAL_Driver/Src/stm32g4xx_hal_cortex.o
 .text.HAL_NVIC_SetPriorityGrouping
                0x0800089c       0x16 ./Drivers/STM32G4xx_HAL_Driver/Src/stm32g4xx_hal_cortex.o
                0x0800089c                HAL_NVIC_SetPriorityGrouping
 .text.HAL_NVIC_SetPriority
                0x080008b2       0x34 ./Drivers/STM32G4xx_HAL_Driver/Src/stm32g4xx_hal_cortex.o
                0x080008b2                HAL_NVIC_SetPriority
 .text.HAL_SYSTICK_Config
                0x080008e6       0x18 ./Drivers/STM32G4xx_HAL_Driver/Src/stm32g4xx_hal_cortex.o
                0x080008e6                HAL_SYSTICK_Config
 *fill*         0x080008fe        0x2 
 .text.HAL_GPIO_Init
                0x08000900      0x318 ./Drivers/STM32G4xx_HAL_Driver/Src/stm32g4xx_hal_gpio.o
                0x08000900                HAL_GPIO_Init
 .text.HAL_GPIO_WritePin
                0x08000c18       0x30 ./Drivers/STM32G4xx_HAL_Driver/Src/stm32g4xx_hal_gpio.o
                0x08000c18                HAL_GPIO_WritePin
 .text.HAL_GPIO_TogglePin
                0x08000c48       0x34 ./Drivers/STM32G4xx_HAL_Driver/Src/stm32g4xx_hal_gpio.o
                0x08000c48                HAL_GPIO_TogglePin
 .text.HAL_PWREx_ControlVoltageScaling
                0x08000c7c      0x148 ./Drivers/STM32G4xx_HAL_Driver/Src/stm32g4xx_hal_pwr_ex.o
                0x08000c7c                HAL_PWREx_ControlVoltageScaling
 .text.HAL_RCC_OscConfig
                0x08000dc4      0x624 ./Drivers/STM32G4xx_HAL_Driver/Src/stm32g4xx_hal_rcc.o
                0x08000dc4                HAL_RCC_OscConfig
 .text.HAL_RCC_ClockConfig
                0x080013e8      0x278 ./Drivers/STM32G4xx_HAL_Driver/Src/stm32g4xx_hal_rcc.o
                0x080013e8                HAL_RCC_ClockConfig
 .text.HAL_RCC_GetSysClockFreq
                0x08001660       0xc4 ./Drivers/STM32G4xx_HAL_Driver/Src/stm32g4xx_hal_rcc.o
                0x08001660                HAL_RCC_GetSysClockFreq
 .text.RCC_GetSysClockFreqFromPLLSource
                0x08001724       0x8c ./Drivers/STM32G4xx_HAL_Driver/Src/stm32g4xx_hal_rcc.o
 .text._Znwj    0x080017b0       0x22 C:/ST/STM32CubeIDE_1.19.0/STM32CubeIDE/plugins/com.st.stm32cube.ide.mcu.externaltools.gnu-tools-for-stm32.13.3.rel1.win32_1.0.0.202411081344/tools/bin/../lib/gcc/arm-none-eabi/13.3.1/../../../../arm-none-eabi/lib/thumb/v7e-m+fp/hard\libstdc++_nano.a(new_op.o)
                0x080017b0                operator new(unsigned int)
 *fill*         0x080017d2        0x2 
 .text._ZSt15get_new_handlerv
                0x080017d4       0x10 C:/ST/STM32CubeIDE_1.19.0/STM32CubeIDE/plugins/com.st.stm32cube.ide.mcu.externaltools.gnu-tools-for-stm32.13.3.rel1.win32_1.0.0.202411081344/tools/bin/../lib/gcc/arm-none-eabi/13.3.1/../../../../arm-none-eabi/lib/thumb/v7e-m+fp/hard\libstdc++_nano.a(new_handler.o)
                0x080017d4                std::get_new_handler()
 .text.abort    0x080017e4        0xe C:/ST/STM32CubeIDE_1.19.0/STM32CubeIDE/plugins/com.st.stm32cube.ide.mcu.externaltools.gnu-tools-for-stm32.13.3.rel1.win32_1.0.0.202411081344/tools/bin/../lib/gcc/arm-none-eabi/13.3.1/../../../../arm-none-eabi/lib/thumb/v7e-m+fp/hard\libc_nano.a(libc_a-abort.o)
                0x080017e4                abort
 *fill*         0x080017f2        0x2 
 .text.malloc   0x080017f4       0x10 C:/ST/STM32CubeIDE_1.19.0/STM32CubeIDE/plugins/com.st.stm32cube.ide.mcu.externaltools.gnu-tools-for-stm32.13.3.rel1.win32_1.0.0.202411081344/tools/bin/../lib/gcc/arm-none-eabi/13.3.1/../../../../arm-none-eabi/lib/thumb/v7e-m+fp/hard\libc_nano.a(libc_a-malloc.o)
                0x080017f4                malloc
 .text.sbrk_aligned
                0x08001804       0x44 C:/ST/STM32CubeIDE_1.19.0/STM32CubeIDE/plugins/com.st.stm32cube.ide.mcu.externaltools.gnu-tools-for-stm32.13.3.rel1.win32_1.0.0.202411081344/tools/bin/../lib/gcc/arm-none-eabi/13.3.1/../../../../arm-none-eabi/lib/thumb/v7e-m+fp/hard\libc_nano.a(libc_a-mallocr.o)
 .text._malloc_r
                0x08001848      0x100 C:/ST/STM32CubeIDE_1.19.0/STM32CubeIDE/plugins/com.st.stm32cube.ide.mcu.externaltools.gnu-tools-for-stm32.13.3.rel1.win32_1.0.0.202411081344/tools/bin/../lib/gcc/arm-none-eabi/13.3.1/../../../../arm-none-eabi/lib/thumb/v7e-m+fp/hard\libc_nano.a(libc_a-mallocr.o)
                0x08001848                _malloc_r
 .text.__malloc_lock
                0x08001948        0xc C:/ST/STM32CubeIDE_1.19.0/STM32CubeIDE/plugins/com.st.stm32cube.ide.mcu.externaltools.gnu-tools-for-stm32.13.3.rel1.win32_1.0.0.202411081344/tools/bin/../lib/gcc/arm-none-eabi/13.3.1/../../../../arm-none-eabi/lib/thumb/v7e-m+fp/hard\libc_nano.a(libc_a-mlock.o)
                0x08001948                __malloc_lock
 .text.__malloc_unlock
                0x08001954        0xc C:/ST/STM32CubeIDE_1.19.0/STM32CubeIDE/plugins/com.st.stm32cube.ide.mcu.externaltools.gnu-tools-for-stm32.13.3.rel1.win32_1.0.0.202411081344/tools/bin/../lib/gcc/arm-none-eabi/13.3.1/../../../../arm-none-eabi/lib/thumb/v7e-m+fp/hard\libc_nano.a(libc_a-mlock.o)
                0x08001954                __malloc_unlock
 .text.memset   0x08001960       0x10 C:/ST/STM32CubeIDE_1.19.0/STM32CubeIDE/plugins/com.st.stm32cube.ide.mcu.externaltools.gnu-tools-for-stm32.13.3.rel1.win32_1.0.0.202411081344/tools/bin/../lib/gcc/arm-none-eabi/13.3.1/../../../../arm-none-eabi/lib/thumb/v7e-m+fp/hard\libc_nano.a(libc_a-memset.o)
                0x08001960                memset
 .text._raise_r
                0x08001970       0x50 C:/ST/STM32CubeIDE_1.19.0/STM32CubeIDE/plugins/com.st.stm32cube.ide.mcu.externaltools.gnu-tools-for-stm32.13.3.rel1.win32_1.0.0.202411081344/tools/bin/../lib/gcc/arm-none-eabi/13.3.1/../../../../arm-none-eabi/lib/thumb/v7e-m+fp/hard\libc_nano.a(libc_a-signal.o)
                0x08001970                _raise_r
 .text.raise    0x080019c0       0x10 C:/ST/STM32CubeIDE_1.19.0/STM32CubeIDE/plugins/com.st.stm32cube.ide.mcu.externaltools.gnu-tools-for-stm32.13.3.rel1.win32_1.0.0.202411081344/tools/bin/../lib/gcc/arm-none-eabi/13.3.1/../../../../arm-none-eabi/lib/thumb/v7e-m+fp/hard\libc_nano.a(libc_a-signal.o)
                0x080019c0                raise
 .text._kill_r  0x080019d0       0x24 C:/ST/STM32CubeIDE_1.19.0/STM32CubeIDE/plugins/com.st.stm32cube.ide.mcu.externaltools.gnu-tools-for-stm32.13.3.rel1.win32_1.0.0.202411081344/tools/bin/../lib/gcc/arm-none-eabi/13.3.1/../../../../arm-none-eabi/lib/thumb/v7e-m+fp/hard\libc_nano.a(libc_a-signalr.o)
                0x080019d0                _kill_r
 .text._getpid_r
                0x080019f4        0x4 C:/ST/STM32CubeIDE_1.19.0/STM32CubeIDE/plugins/com.st.stm32cube.ide.mcu.externaltools.gnu-tools-for-stm32.13.3.rel1.win32_1.0.0.202411081344/tools/bin/../lib/gcc/arm-none-eabi/13.3.1/../../../../arm-none-eabi/lib/thumb/v7e-m+fp/hard\libc_nano.a(libc_a-signalr.o)
                0x080019f4                _getpid_r
 .text._sbrk_r  0x080019f8       0x20 C:/ST/STM32CubeIDE_1.19.0/STM32CubeIDE/plugins/com.st.stm32cube.ide.mcu.externaltools.gnu-tools-for-stm32.13.3.rel1.win32_1.0.0.202411081344/tools/bin/../lib/gcc/arm-none-eabi/13.3.1/../../../../arm-none-eabi/lib/thumb/v7e-m+fp/hard\libc_nano.a(libc_a-sbrkr.o)
                0x080019f8                _sbrk_r
 .text.__errno  0x08001a18        0xc C:/ST/STM32CubeIDE_1.19.0/STM32CubeIDE/plugins/com.st.stm32cube.ide.mcu.externaltools.gnu-tools-for-stm32.13.3.rel1.win32_1.0.0.202411081344/tools/bin/../lib/gcc/arm-none-eabi/13.3.1/../../../../arm-none-eabi/lib/thumb/v7e-m+fp/hard\libc_nano.a(libc_a-errno.o)
                0x08001a18                __errno
 .text.__libc_init_array
                0x08001a24       0x48 C:/ST/STM32CubeIDE_1.19.0/STM32CubeIDE/plugins/com.st.stm32cube.ide.mcu.externaltools.gnu-tools-for-stm32.13.3.rel1.win32_1.0.0.202411081344/tools/bin/../lib/gcc/arm-none-eabi/13.3.1/../../../../arm-none-eabi/lib/thumb/v7e-m+fp/hard\libc_nano.a(libc_a-init.o)
                0x08001a24                __libc_init_array
 .text.__retarget_lock_acquire_recursive
                0x08001a6c        0x2 C:/ST/STM32CubeIDE_1.19.0/STM32CubeIDE/plugins/com.st.stm32cube.ide.mcu.externaltools.gnu-tools-for-stm32.13.3.rel1.win32_1.0.0.202411081344/tools/bin/../lib/gcc/arm-none-eabi/13.3.1/../../../../arm-none-eabi/lib/thumb/v7e-m+fp/hard\libc_nano.a(libc_a-lock.o)
                0x08001a6c                __retarget_lock_acquire_recursive
 .text.__retarget_lock_release_recursive
                0x08001a6e        0x2 C:/ST/STM32CubeIDE_1.19.0/STM32CubeIDE/plugins/com.st.stm32cube.ide.mcu.externaltools.gnu-tools-for-stm32.13.3.rel1.win32_1.0.0.202411081344/tools/bin/../lib/gcc/arm-none-eabi/13.3.1/../../../../arm-none-eabi/lib/thumb/v7e-m+fp/hard\libc_nano.a(libc_a-lock.o)
                0x08001a6e                __retarget_lock_release_recursive
 *(.glue_7)
 .glue_7        0x08001a70        0x0 linker stubs
 *(.glue_7t)
 .glue_7t       0x08001a70        0x0 linker stubs
 *(.eh_frame)
 .eh_frame      0x08001a70        0x0 C:/ST/STM32CubeIDE_1.19.0/STM32CubeIDE/plugins/com.st.stm32cube.ide.mcu.externaltools.gnu-tools-for-stm32.13.3.rel1.win32_1.0.0.202411081344/tools/bin/../lib/gcc/arm-none-eabi/13.3.1/thumb/v7e-m+fp/hard/crtbegin.o
 *(.init)
 .init          0x08001a70        0x4 C:/ST/STM32CubeIDE_1.19.0/STM32CubeIDE/plugins/com.st.stm32cube.ide.mcu.externaltools.gnu-tools-for-stm32.13.3.rel1.win32_1.0.0.202411081344/tools/bin/../lib/gcc/arm-none-eabi/13.3.1/thumb/v7e-m+fp/hard/crti.o
                0x08001a70                _init
 .init          0x08001a74        0x8 C:/ST/STM32CubeIDE_1.19.0/STM32CubeIDE/plugins/com.st.stm32cube.ide.mcu.externaltools.gnu-tools-for-stm32.13.3.rel1.win32_1.0.0.202411081344/tools/bin/../lib/gcc/arm-none-eabi/13.3.1/thumb/v7e-m+fp/hard/crtn.o
 *(.fini)
 .fini          0x08001a7c        0x4 C:/ST/STM32CubeIDE_1.19.0/STM32CubeIDE/plugins/com.st.stm32cube.ide.mcu.externaltools.gnu-tools-for-stm32.13.3.rel1.win32_1.0.0.202411081344/tools/bin/../lib/gcc/arm-none-eabi/13.3.1/thumb/v7e-m+fp/hard/crti.o
                0x08001a7c                _fini
 .fini          0x08001a80        0x8 C:/ST/STM32CubeIDE_1.19.0/STM32CubeIDE/plugins/com.st.stm32cube.ide.mcu.externaltools.gnu-tools-for-stm32.13.3.rel1.win32_1.0.0.202411081344/tools/bin/../lib/gcc/arm-none-eabi/13.3.1/thumb/v7e-m+fp/hard/crtn.o
                0x08001a88                        . = ALIGN (0x4)
                0x08001a88                        _etext = .

.vfp11_veneer   0x08001a88        0x0
 .vfp11_veneer  0x08001a88        0x0 linker stubs

.v4_bx          0x08001a88        0x0
 .v4_bx         0x08001a88        0x0 linker stubs

.iplt           0x08001a88        0x0
 .iplt          0x08001a88        0x0 C:/ST/STM32CubeIDE_1.19.0/STM32CubeIDE/plugins/com.st.stm32cube.ide.mcu.externaltools.gnu-tools-for-stm32.13.3.rel1.win32_1.0.0.202411081344/tools/bin/../lib/gcc/arm-none-eabi/13.3.1/thumb/v7e-m+fp/hard/crtbegin.o

.rodata         0x08001a88       0x10
                0x08001a88                        . = ALIGN (0x4)
 *(.rodata)
 *(.rodata*)
 .rodata.AHBPrescTable
                0x08001a88       0x10 ./Core/Src/system_stm32g4xx.o
                0x08001a88                AHBPrescTable
                0x08001a98                        . = ALIGN (0x4)

.ARM.extab      0x08001a98        0x0
                0x08001a98                        . = ALIGN (0x4)
 *(.ARM.extab* .gnu.linkonce.armextab.*)
                0x08001a98                        . = ALIGN (0x4)

.ARM            0x08001a98        0x0
                0x08001a98                        . = ALIGN (0x4)
                0x08001a98                        __exidx_start = .
 *(.ARM.exidx*)
                0x08001a98                        __exidx_end = .
                0x08001a98                        . = ALIGN (0x4)

.preinit_array  0x08001a98        0x0
                0x08001a98                        . = ALIGN (0x4)
                0x08001a98                        PROVIDE (__preinit_array_start = .)
 *(.preinit_array*)
                0x08001a98                        PROVIDE (__preinit_array_end = .)
                0x08001a98                        . = ALIGN (0x4)

.init_array     0x08001a98        0x4
                0x08001a98                        . = ALIGN (0x4)
                0x08001a98                        PROVIDE (__init_array_start = .)
 *(SORT_BY_NAME(.init_array.*))
 *(.init_array*)
 .init_array    0x08001a98        0x4 C:/ST/STM32CubeIDE_1.19.0/STM32CubeIDE/plugins/com.st.stm32cube.ide.mcu.externaltools.gnu-tools-for-stm32.13.3.rel1.win32_1.0.0.202411081344/tools/bin/../lib/gcc/arm-none-eabi/13.3.1/thumb/v7e-m+fp/hard/crtbegin.o
                0x08001a9c                        PROVIDE (__init_array_end = .)
                0x08001a9c                        . = ALIGN (0x4)

.fini_array     0x08001a9c        0x4
                0x08001a9c                        . = ALIGN (0x4)
                [!provide]                        PROVIDE (__fini_array_start = .)
 *(SORT_BY_NAME(.fini_array.*))
 *(.fini_array*)
 .fini_array    0x08001a9c        0x4 C:/ST/STM32CubeIDE_1.19.0/STM32CubeIDE/plugins/com.st.stm32cube.ide.mcu.externaltools.gnu-tools-for-stm32.13.3.rel1.win32_1.0.0.202411081344/tools/bin/../lib/gcc/arm-none-eabi/13.3.1/thumb/v7e-m+fp/hard/crtbegin.o
                [!provide]                        PROVIDE (__fini_array_end = .)
                0x08001aa0                        . = ALIGN (0x4)
                0x08001aa0                        _sidata = LOADADDR (.data)

.rel.dyn        0x08001aa0        0x0
 .rel.iplt      0x08001aa0        0x0 C:/ST/STM32CubeIDE_1.19.0/STM32CubeIDE/plugins/com.st.stm32cube.ide.mcu.externaltools.gnu-tools-for-stm32.13.3.rel1.win32_1.0.0.202411081344/tools/bin/../lib/gcc/arm-none-eabi/13.3.1/thumb/v7e-m+fp/hard/crtbegin.o

.data           0x20000000       0x5c load address 0x08001aa0
                0x20000000                        . = ALIGN (0x4)
                0x20000000                        _sdata = .
 *(.data)
 *(.data*)
 .data.SystemCoreClock
                0x20000000        0x4 ./Core/Src/system_stm32g4xx.o
                0x20000000                SystemCoreClock
 .data.uwTickPrio
                0x20000004        0x4 ./Drivers/STM32G4xx_HAL_Driver/Src/stm32g4xx_hal.o
                0x20000004                uwTickPrio
 .data.uwTickFreq
                0x20000008        0x4 ./Drivers/STM32G4xx_HAL_Driver/Src/stm32g4xx_hal.o
                0x20000008                uwTickFreq
 .data._impure_ptr
                0x2000000c        0x4 C:/ST/STM32CubeIDE_1.19.0/STM32CubeIDE/plugins/com.st.stm32cube.ide.mcu.externaltools.gnu-tools-for-stm32.13.3.rel1.win32_1.0.0.202411081344/tools/bin/../lib/gcc/arm-none-eabi/13.3.1/../../../../arm-none-eabi/lib/thumb/v7e-m+fp/hard\libc_nano.a(libc_a-impure.o)
                0x2000000c                _impure_ptr
 .data._impure_data
                0x20000010       0x4c C:/ST/STM32CubeIDE_1.19.0/STM32CubeIDE/plugins/com.st.stm32cube.ide.mcu.externaltools.gnu-tools-for-stm32.13.3.rel1.win32_1.0.0.202411081344/tools/bin/../lib/gcc/arm-none-eabi/13.3.1/../../../../arm-none-eabi/lib/thumb/v7e-m+fp/hard\libc_nano.a(libc_a-impure.o)
                0x20000010                _impure_data
 *(.RamFunc)
 *(.RamFunc*)
                0x2000005c                        . = ALIGN (0x4)
                0x2000005c                        _edata = .

.igot.plt       0x2000005c        0x0 load address 0x08001afc
 .igot.plt      0x2000005c        0x0 C:/ST/STM32CubeIDE_1.19.0/STM32CubeIDE/plugins/com.st.stm32cube.ide.mcu.externaltools.gnu-tools-for-stm32.13.3.rel1.win32_1.0.0.202411081344/tools/bin/../lib/gcc/arm-none-eabi/13.3.1/thumb/v7e-m+fp/hard/crtbegin.o
                0x2000005c                        . = ALIGN (0x4)

.bss            0x2000005c      0x174 load address 0x08001afc
                0x2000005c                        _sbss = .
                0x2000005c                        __bss_start__ = _sbss
 *(.bss)
 .bss           0x2000005c       0x1c C:/ST/STM32CubeIDE_1.19.0/STM32CubeIDE/plugins/com.st.stm32cube.ide.mcu.externaltools.gnu-tools-for-stm32.13.3.rel1.win32_1.0.0.202411081344/tools/bin/../lib/gcc/arm-none-eabi/13.3.1/thumb/v7e-m+fp/hard/crtbegin.o
 *(.bss*)
 .bss.bm        0x20000078        0x4 ./Core/Src/main.o
                0x20000078                bm
 .bss.__sbrk_heap_end
                0x2000007c        0x4 ./Core/Src/sysmem.o
 .bss.uwTick    0x20000080        0x4 ./Drivers/STM32G4xx_HAL_Driver/Src/stm32g4xx_hal.o
                0x20000080                uwTick
 .bss._ZN12_GLOBAL__N_113__new_handlerE
                0x20000084        0x4 C:/ST/STM32CubeIDE_1.19.0/STM32CubeIDE/plugins/com.st.stm32cube.ide.mcu.externaltools.gnu-tools-for-stm32.13.3.rel1.win32_1.0.0.202411081344/tools/bin/../lib/gcc/arm-none-eabi/13.3.1/../../../../arm-none-eabi/lib/thumb/v7e-m+fp/hard\libstdc++_nano.a(new_handler.o)
 .bss.__malloc_sbrk_start
                0x20000088        0x4 C:/ST/STM32CubeIDE_1.19.0/STM32CubeIDE/plugins/com.st.stm32cube.ide.mcu.externaltools.gnu-tools-for-stm32.13.3.rel1.win32_1.0.0.202411081344/tools/bin/../lib/gcc/arm-none-eabi/13.3.1/../../../../arm-none-eabi/lib/thumb/v7e-m+fp/hard\libc_nano.a(libc_a-mallocr.o)
                0x20000088                __malloc_sbrk_start
 .bss.__malloc_free_list
                0x2000008c        0x4 C:/ST/STM32CubeIDE_1.19.0/STM32CubeIDE/plugins/com.st.stm32cube.ide.mcu.externaltools.gnu-tools-for-stm32.13.3.rel1.win32_1.0.0.202411081344/tools/bin/../lib/gcc/arm-none-eabi/13.3.1/../../../../arm-none-eabi/lib/thumb/v7e-m+fp/hard\libc_nano.a(libc_a-mallocr.o)
                0x2000008c                __malloc_free_list
 .bss.__sf      0x20000090      0x138 C:/ST/STM32CubeIDE_1.19.0/STM32CubeIDE/plugins/com.st.stm32cube.ide.mcu.externaltools.gnu-tools-for-stm32.13.3.rel1.win32_1.0.0.202411081344/tools/bin/../lib/gcc/arm-none-eabi/13.3.1/../../../../arm-none-eabi/lib/thumb/v7e-m+fp/hard\libc_nano.a(libc_a-findfp.o)
                0x20000090                __sf
 .bss.errno     0x200001c8        0x4 C:/ST/STM32CubeIDE_1.19.0/STM32CubeIDE/plugins/com.st.stm32cube.ide.mcu.externaltools.gnu-tools-for-stm32.13.3.rel1.win32_1.0.0.202411081344/tools/bin/../lib/gcc/arm-none-eabi/13.3.1/../../../../arm-none-eabi/lib/thumb/v7e-m+fp/hard\libc_nano.a(libc_a-reent.o)
                0x200001c8                errno
 .bss.__lock___malloc_recursive_mutex
                0x200001cc        0x1 C:/ST/STM32CubeIDE_1.19.0/STM32CubeIDE/plugins/com.st.stm32cube.ide.mcu.externaltools.gnu-tools-for-stm32.13.3.rel1.win32_1.0.0.202411081344/tools/bin/../lib/gcc/arm-none-eabi/13.3.1/../../../../arm-none-eabi/lib/thumb/v7e-m+fp/hard\libc_nano.a(libc_a-lock.o)
                0x200001cc                __lock___malloc_recursive_mutex
 *(COMMON)
                0x200001d0                        . = ALIGN (0x4)
 *fill*         0x200001cd        0x3 
                0x200001d0                        _ebss = .
                0x200001d0                        __bss_end__ = _ebss

._user_heap_stack
                0x200001d0      0x600 load address 0x08001afc
                0x200001d0                        . = ALIGN (0x8)
                [!provide]                        PROVIDE (end = .)
                0x200001d0                        PROVIDE (_end = .)
                0x200003d0                        . = (. + _Min_Heap_Size)
 *fill*         0x200001d0      0x200 
                0x200007d0                        . = (. + _Min_Stack_Size)
 *fill*         0x200003d0      0x400 
                0x200007d0                        . = ALIGN (0x8)

/DISCARD/
 libc.a(*)
 libm.a(*)
 libgcc.a(*)

.ARM.attributes
                0x00000000       0x30
 *(.ARM.attributes)
 .ARM.attributes
                0x00000000       0x22 C:/ST/STM32CubeIDE_1.19.0/STM32CubeIDE/plugins/com.st.stm32cube.ide.mcu.externaltools.gnu-tools-for-stm32.13.3.rel1.win32_1.0.0.202411081344/tools/bin/../lib/gcc/arm-none-eabi/13.3.1/thumb/v7e-m+fp/hard/crti.o
 .ARM.attributes
                0x00000022       0x34 C:/ST/STM32CubeIDE_1.19.0/STM32CubeIDE/plugins/com.st.stm32cube.ide.mcu.externaltools.gnu-tools-for-stm32.13.3.rel1.win32_1.0.0.202411081344/tools/bin/../lib/gcc/arm-none-eabi/13.3.1/thumb/v7e-m+fp/hard/crtbegin.o
 .ARM.attributes
                0x00000056       0x34 ./Core/Src/BoardManager.o
 .ARM.attributes
                0x0000008a       0x34 ./Core/Src/BoardManagerWrapper.o
 .ARM.attributes
                0x000000be       0x34 ./Core/Src/IOPin.o
 .ARM.attributes
                0x000000f2       0x34 ./Core/Src/IOPinwrapper.o
 .ARM.attributes
                0x00000126       0x34 ./Core/Src/gpio.o
 .ARM.attributes
                0x0000015a       0x34 ./Core/Src/main.o
 .ARM.attributes
                0x0000018e       0x34 ./Core/Src/stm32g4xx_hal_msp.o
 .ARM.attributes
                0x000001c2       0x34 ./Core/Src/stm32g4xx_it.o
 .ARM.attributes
                0x000001f6       0x34 ./Core/Src/syscalls.o
 .ARM.attributes
                0x0000022a       0x34 ./Core/Src/sysmem.o
 .ARM.attributes
                0x0000025e       0x34 ./Core/Src/system_stm32g4xx.o
 .ARM.attributes
                0x00000292       0x21 ./Core/Startup/startup_stm32g491vetx.o
 .ARM.attributes
                0x000002b3       0x34 ./Drivers/STM32G4xx_HAL_Driver/Src/stm32g4xx_hal.o
 .ARM.attributes
                0x000002e7       0x34 ./Drivers/STM32G4xx_HAL_Driver/Src/stm32g4xx_hal_cortex.o
 .ARM.attributes
                0x0000031b       0x34 ./Drivers/STM32G4xx_HAL_Driver/Src/stm32g4xx_hal_gpio.o
 .ARM.attributes
                0x0000034f       0x34 ./Drivers/STM32G4xx_HAL_Driver/Src/stm32g4xx_hal_pwr_ex.o
 .ARM.attributes
                0x00000383       0x34 ./Drivers/STM32G4xx_HAL_Driver/Src/stm32g4xx_hal_rcc.o
 .ARM.attributes
                0x000003b7       0x34 C:/ST/STM32CubeIDE_1.19.0/STM32CubeIDE/plugins/com.st.stm32cube.ide.mcu.externaltools.gnu-tools-for-stm32.13.3.rel1.win32_1.0.0.202411081344/tools/bin/../lib/gcc/arm-none-eabi/13.3.1/../../../../arm-none-eabi/lib/thumb/v7e-m+fp/hard\libstdc++_nano.a(new_op.o)
 .ARM.attributes
                0x000003eb       0x34 C:/ST/STM32CubeIDE_1.19.0/STM32CubeIDE/plugins/com.st.stm32cube.ide.mcu.externaltools.gnu-tools-for-stm32.13.3.rel1.win32_1.0.0.202411081344/tools/bin/../lib/gcc/arm-none-eabi/13.3.1/../../../../arm-none-eabi/lib/thumb/v7e-m+fp/hard\libstdc++_nano.a(new_handler.o)
 .ARM.attributes
                0x0000041f       0x34 C:/ST/STM32CubeIDE_1.19.0/STM32CubeIDE/plugins/com.st.stm32cube.ide.mcu.externaltools.gnu-tools-for-stm32.13.3.rel1.win32_1.0.0.202411081344/tools/bin/../lib/gcc/arm-none-eabi/13.3.1/../../../../arm-none-eabi/lib/thumb/v7e-m+fp/hard\libc_nano.a(libc_a-abort.o)
 .ARM.attributes
                0x00000453       0x34 C:/ST/STM32CubeIDE_1.19.0/STM32CubeIDE/plugins/com.st.stm32cube.ide.mcu.externaltools.gnu-tools-for-stm32.13.3.rel1.win32_1.0.0.202411081344/tools/bin/../lib/gcc/arm-none-eabi/13.3.1/../../../../arm-none-eabi/lib/thumb/v7e-m+fp/hard\libc_nano.a(libc_a-malloc.o)
 .ARM.attributes
                0x00000487       0x34 C:/ST/STM32CubeIDE_1.19.0/STM32CubeIDE/plugins/com.st.stm32cube.ide.mcu.externaltools.gnu-tools-for-stm32.13.3.rel1.win32_1.0.0.202411081344/tools/bin/../lib/gcc/arm-none-eabi/13.3.1/../../../../arm-none-eabi/lib/thumb/v7e-m+fp/hard\libc_nano.a(libc_a-mallocr.o)
 .ARM.attributes
                0x000004bb       0x34 C:/ST/STM32CubeIDE_1.19.0/STM32CubeIDE/plugins/com.st.stm32cube.ide.mcu.externaltools.gnu-tools-for-stm32.13.3.rel1.win32_1.0.0.202411081344/tools/bin/../lib/gcc/arm-none-eabi/13.3.1/../../../../arm-none-eabi/lib/thumb/v7e-m+fp/hard\libc_nano.a(libc_a-mlock.o)
 .ARM.attributes
                0x000004ef       0x34 C:/ST/STM32CubeIDE_1.19.0/STM32CubeIDE/plugins/com.st.stm32cube.ide.mcu.externaltools.gnu-tools-for-stm32.13.3.rel1.win32_1.0.0.202411081344/tools/bin/../lib/gcc/arm-none-eabi/13.3.1/../../../../arm-none-eabi/lib/thumb/v7e-m+fp/hard\libc_nano.a(libc_a-findfp.o)
 .ARM.attributes
                0x00000523       0x34 C:/ST/STM32CubeIDE_1.19.0/STM32CubeIDE/plugins/com.st.stm32cube.ide.mcu.externaltools.gnu-tools-for-stm32.13.3.rel1.win32_1.0.0.202411081344/tools/bin/../lib/gcc/arm-none-eabi/13.3.1/../../../../arm-none-eabi/lib/thumb/v7e-m+fp/hard\libc_nano.a(libc_a-memset.o)
 .ARM.attributes
                0x00000557       0x34 C:/ST/STM32CubeIDE_1.19.0/STM32CubeIDE/plugins/com.st.stm32cube.ide.mcu.externaltools.gnu-tools-for-stm32.13.3.rel1.win32_1.0.0.202411081344/tools/bin/../lib/gcc/arm-none-eabi/13.3.1/../../../../arm-none-eabi/lib/thumb/v7e-m+fp/hard\libc_nano.a(libc_a-signal.o)
 .ARM.attributes
                0x0000058b       0x34 C:/ST/STM32CubeIDE_1.19.0/STM32CubeIDE/plugins/com.st.stm32cube.ide.mcu.externaltools.gnu-tools-for-stm32.13.3.rel1.win32_1.0.0.202411081344/tools/bin/../lib/gcc/arm-none-eabi/13.3.1/../../../../arm-none-eabi/lib/thumb/v7e-m+fp/hard\libc_nano.a(libc_a-reent.o)
 .ARM.attributes
                0x000005bf       0x34 C:/ST/STM32CubeIDE_1.19.0/STM32CubeIDE/plugins/com.st.stm32cube.ide.mcu.externaltools.gnu-tools-for-stm32.13.3.rel1.win32_1.0.0.202411081344/tools/bin/../lib/gcc/arm-none-eabi/13.3.1/../../../../arm-none-eabi/lib/thumb/v7e-m+fp/hard\libc_nano.a(libc_a-impure.o)
 .ARM.attributes
                0x000005f3       0x34 C:/ST/STM32CubeIDE_1.19.0/STM32CubeIDE/plugins/com.st.stm32cube.ide.mcu.externaltools.gnu-tools-for-stm32.13.3.rel1.win32_1.0.0.202411081344/tools/bin/../lib/gcc/arm-none-eabi/13.3.1/../../../../arm-none-eabi/lib/thumb/v7e-m+fp/hard\libc_nano.a(libc_a-signalr.o)
 .ARM.attributes
                0x00000627       0x34 C:/ST/STM32CubeIDE_1.19.0/STM32CubeIDE/plugins/com.st.stm32cube.ide.mcu.externaltools.gnu-tools-for-stm32.13.3.rel1.win32_1.0.0.202411081344/tools/bin/../lib/gcc/arm-none-eabi/13.3.1/../../../../arm-none-eabi/lib/thumb/v7e-m+fp/hard\libc_nano.a(libc_a-sbrkr.o)
 .ARM.attributes
                0x0000065b       0x34 C:/ST/STM32CubeIDE_1.19.0/STM32CubeIDE/plugins/com.st.stm32cube.ide.mcu.externaltools.gnu-tools-for-stm32.13.3.rel1.win32_1.0.0.202411081344/tools/bin/../lib/gcc/arm-none-eabi/13.3.1/../../../../arm-none-eabi/lib/thumb/v7e-m+fp/hard\libc_nano.a(libc_a-errno.o)
 .ARM.attributes
                0x0000068f       0x34 C:/ST/STM32CubeIDE_1.19.0/STM32CubeIDE/plugins/com.st.stm32cube.ide.mcu.externaltools.gnu-tools-for-stm32.13.3.rel1.win32_1.0.0.202411081344/tools/bin/../lib/gcc/arm-none-eabi/13.3.1/../../../../arm-none-eabi/lib/thumb/v7e-m+fp/hard\libc_nano.a(libc_a-init.o)
 .ARM.attributes
                0x000006c3       0x34 C:/ST/STM32CubeIDE_1.19.0/STM32CubeIDE/plugins/com.st.stm32cube.ide.mcu.externaltools.gnu-tools-for-stm32.13.3.rel1.win32_1.0.0.202411081344/tools/bin/../lib/gcc/arm-none-eabi/13.3.1/../../../../arm-none-eabi/lib/thumb/v7e-m+fp/hard\libc_nano.a(libc_a-lock.o)
 .ARM.attributes
                0x000006f7       0x22 C:/ST/STM32CubeIDE_1.19.0/STM32CubeIDE/plugins/com.st.stm32cube.ide.mcu.externaltools.gnu-tools-for-stm32.13.3.rel1.win32_1.0.0.202411081344/tools/bin/../lib/gcc/arm-none-eabi/13.3.1/thumb/v7e-m+fp/hard/crtn.o
OUTPUT(Led.elf elf32-littlearm)
LOAD linker stubs
LOAD C:/ST/STM32CubeIDE_1.19.0/STM32CubeIDE/plugins/com.st.stm32cube.ide.mcu.externaltools.gnu-tools-for-stm32.13.3.rel1.win32_1.0.0.202411081344/tools/bin/../lib/gcc/arm-none-eabi/13.3.1/../../../../arm-none-eabi/lib/thumb/v7e-m+fp/hard\libc.a
LOAD C:/ST/STM32CubeIDE_1.19.0/STM32CubeIDE/plugins/com.st.stm32cube.ide.mcu.externaltools.gnu-tools-for-stm32.13.3.rel1.win32_1.0.0.202411081344/tools/bin/../lib/gcc/arm-none-eabi/13.3.1/../../../../arm-none-eabi/lib/thumb/v7e-m+fp/hard\libm.a
LOAD C:/ST/STM32CubeIDE_1.19.0/STM32CubeIDE/plugins/com.st.stm32cube.ide.mcu.externaltools.gnu-tools-for-stm32.13.3.rel1.win32_1.0.0.202411081344/tools/bin/../lib/gcc/arm-none-eabi/13.3.1/thumb/v7e-m+fp/hard\libgcc.a

.debug_info     0x00000000     0x5943
 .debug_info    0x00000000      0x354 ./Core/Src/BoardManager.o
 .debug_info    0x00000354      0x2e7 ./Core/Src/BoardManagerWrapper.o
 .debug_info    0x0000063b      0x273 ./Core/Src/IOPin.o
 .debug_info    0x000008ae      0x2a2 ./Core/Src/IOPinwrapper.o
 .debug_info    0x00000b50      0x430 ./Core/Src/gpio.o
 .debug_info    0x00000f80      0x30f ./Core/Src/main.o
 .debug_info    0x0000128f      0x2d1 ./Core/Src/stm32g4xx_hal_msp.o
 .debug_info    0x00001560      0x113 ./Core/Src/stm32g4xx_it.o
 .debug_info    0x00001673      0x6a3 ./Core/Src/syscalls.o
 .debug_info    0x00001d16      0x168 ./Core/Src/sysmem.o
 .debug_info    0x00001e7e      0x58e ./Core/Src/system_stm32g4xx.o
 .debug_info    0x0000240c       0x30 ./Core/Startup/startup_stm32g491vetx.o
 .debug_info    0x0000243c      0xb29 ./Drivers/STM32G4xx_HAL_Driver/Src/stm32g4xx_hal.o
 .debug_info    0x00002f65      0xd8d ./Drivers/STM32G4xx_HAL_Driver/Src/stm32g4xx_hal_cortex.o
 .debug_info    0x00003cf2      0x772 ./Drivers/STM32G4xx_HAL_Driver/Src/stm32g4xx_hal_gpio.o
 .debug_info    0x00004464      0x944 ./Drivers/STM32G4xx_HAL_Driver/Src/stm32g4xx_hal_pwr_ex.o
 .debug_info    0x00004da8      0xb9b ./Drivers/STM32G4xx_HAL_Driver/Src/stm32g4xx_hal_rcc.o

.debug_abbrev   0x00000000     0x1b2f
 .debug_abbrev  0x00000000      0x1da ./Core/Src/BoardManager.o
 .debug_abbrev  0x000001da      0x1b0 ./Core/Src/BoardManagerWrapper.o
 .debug_abbrev  0x0000038a      0x1b3 ./Core/Src/IOPin.o
 .debug_abbrev  0x0000053d      0x19f ./Core/Src/IOPinwrapper.o
 .debug_abbrev  0x000006dc      0x14e ./Core/Src/gpio.o
 .debug_abbrev  0x0000082a      0x1c8 ./Core/Src/main.o
 .debug_abbrev  0x000009f2       0xc6 ./Core/Src/stm32g4xx_hal_msp.o
 .debug_abbrev  0x00000ab8       0x73 ./Core/Src/stm32g4xx_it.o
 .debug_abbrev  0x00000b2b      0x1b6 ./Core/Src/syscalls.o
 .debug_abbrev  0x00000ce1       0xbc ./Core/Src/sysmem.o
 .debug_abbrev  0x00000d9d      0x11a ./Core/Src/system_stm32g4xx.o
 .debug_abbrev  0x00000eb7       0x24 ./Core/Startup/startup_stm32g491vetx.o
 .debug_abbrev  0x00000edb      0x271 ./Drivers/STM32G4xx_HAL_Driver/Src/stm32g4xx_hal.o
 .debug_abbrev  0x0000114c      0x31c ./Drivers/STM32G4xx_HAL_Driver/Src/stm32g4xx_hal_cortex.o
 .debug_abbrev  0x00001468      0x1d2 ./Drivers/STM32G4xx_HAL_Driver/Src/stm32g4xx_hal_gpio.o
 .debug_abbrev  0x0000163a      0x22c ./Drivers/STM32G4xx_HAL_Driver/Src/stm32g4xx_hal_pwr_ex.o
 .debug_abbrev  0x00001866      0x2c9 ./Drivers/STM32G4xx_HAL_Driver/Src/stm32g4xx_hal_rcc.o

.debug_aranges  0x00000000      0x728
 .debug_aranges
                0x00000000       0x28 ./Core/Src/BoardManager.o
 .debug_aranges
                0x00000028       0x28 ./Core/Src/BoardManagerWrapper.o
 .debug_aranges
                0x00000050       0x28 ./Core/Src/IOPin.o
 .debug_aranges
                0x00000078       0x28 ./Core/Src/IOPinwrapper.o
 .debug_aranges
                0x000000a0       0x20 ./Core/Src/gpio.o
 .debug_aranges
                0x000000c0       0x30 ./Core/Src/main.o
 .debug_aranges
                0x000000f0       0x20 ./Core/Src/stm32g4xx_hal_msp.o
 .debug_aranges
                0x00000110       0x60 ./Core/Src/stm32g4xx_it.o
 .debug_aranges
                0x00000170       0xa8 ./Core/Src/syscalls.o
 .debug_aranges
                0x00000218       0x20 ./Core/Src/sysmem.o
 .debug_aranges
                0x00000238       0x28 ./Core/Src/system_stm32g4xx.o
 .debug_aranges
                0x00000260       0x28 ./Core/Startup/startup_stm32g491vetx.o
 .debug_aranges
                0x00000288      0x148 ./Drivers/STM32G4xx_HAL_Driver/Src/stm32g4xx_hal.o
 .debug_aranges
                0x000003d0      0x128 ./Drivers/STM32G4xx_HAL_Driver/Src/stm32g4xx_hal_cortex.o
 .debug_aranges
                0x000004f8       0x58 ./Drivers/STM32G4xx_HAL_Driver/Src/stm32g4xx_hal_gpio.o
 .debug_aranges
                0x00000550      0x140 ./Drivers/STM32G4xx_HAL_Driver/Src/stm32g4xx_hal_pwr_ex.o
 .debug_aranges
                0x00000690       0x98 ./Drivers/STM32G4xx_HAL_Driver/Src/stm32g4xx_hal_rcc.o

.debug_rnglists
                0x00000000      0x51b
 .debug_rnglists
                0x00000000       0x19 ./Core/Src/BoardManager.o
 .debug_rnglists
                0x00000019       0x19 ./Core/Src/BoardManagerWrapper.o
 .debug_rnglists
                0x00000032       0x19 ./Core/Src/IOPin.o
 .debug_rnglists
                0x0000004b       0x19 ./Core/Src/IOPinwrapper.o
 .debug_rnglists
                0x00000064       0x13 ./Core/Src/gpio.o
 .debug_rnglists
                0x00000077       0x20 ./Core/Src/main.o
 .debug_rnglists
                0x00000097       0x13 ./Core/Src/stm32g4xx_hal_msp.o
 .debug_rnglists
                0x000000aa       0x43 ./Core/Src/stm32g4xx_it.o
 .debug_rnglists
                0x000000ed       0x79 ./Core/Src/syscalls.o
 .debug_rnglists
                0x00000166       0x13 ./Core/Src/sysmem.o
 .debug_rnglists
                0x00000179       0x1a ./Core/Src/system_stm32g4xx.o
 .debug_rnglists
                0x00000193       0x19 ./Core/Startup/startup_stm32g491vetx.o
 .debug_rnglists
                0x000001ac       0xf1 ./Drivers/STM32G4xx_HAL_Driver/Src/stm32g4xx_hal.o
 .debug_rnglists
                0x0000029d       0xda ./Drivers/STM32G4xx_HAL_Driver/Src/stm32g4xx_hal_cortex.o
 .debug_rnglists
                0x00000377       0x3f ./Drivers/STM32G4xx_HAL_Driver/Src/stm32g4xx_hal_gpio.o
 .debug_rnglists
                0x000003b6       0xf1 ./Drivers/STM32G4xx_HAL_Driver/Src/stm32g4xx_hal_pwr_ex.o
 .debug_rnglists
                0x000004a7       0x74 ./Drivers/STM32G4xx_HAL_Driver/Src/stm32g4xx_hal_rcc.o

.debug_macro    0x00000000    0x20030
 .debug_macro   0x00000000      0x1dd ./Core/Src/BoardManager.o
 .debug_macro   0x000001dd      0xbb0 ./Core/Src/BoardManager.o
 .debug_macro   0x00000d8d      0x14f ./Core/Src/BoardManager.o
 .debug_macro   0x00000edc       0x2e ./Core/Src/BoardManager.o
 .debug_macro   0x00000f0a       0x28 ./Core/Src/BoardManager.o
 .debug_macro   0x00000f32       0x1c ./Core/Src/BoardManager.o
 .debug_macro   0x00000f4e       0x22 ./Core/Src/BoardManager.o
 .debug_macro   0x00000f70       0x8e ./Core/Src/BoardManager.o
 .debug_macro   0x00000ffe       0x51 ./Core/Src/BoardManager.o
 .debug_macro   0x0000104f      0x103 ./Core/Src/BoardManager.o
 .debug_macro   0x00001152       0x6a ./Core/Src/BoardManager.o
 .debug_macro   0x000011bc      0x1df ./Core/Src/BoardManager.o
 .debug_macro   0x0000139b       0x1c ./Core/Src/BoardManager.o
 .debug_macro   0x000013b7       0x22 ./Core/Src/BoardManager.o
 .debug_macro   0x000013d9       0xfb ./Core/Src/BoardManager.o
 .debug_macro   0x000014d4     0x1011 ./Core/Src/BoardManager.o
 .debug_macro   0x000024e5      0x11f ./Core/Src/BoardManager.o
 .debug_macro   0x00002604    0x11e7f ./Core/Src/BoardManager.o
 .debug_macro   0x00014483       0x6d ./Core/Src/BoardManager.o
 .debug_macro   0x000144f0     0x3558 ./Core/Src/BoardManager.o
 .debug_macro   0x00017a48      0x197 ./Core/Src/BoardManager.o
 .debug_macro   0x00017bdf       0x5c ./Core/Src/BoardManager.o
 .debug_macro   0x00017c3b     0x1535 ./Core/Src/BoardManager.o
 .debug_macro   0x00019170      0x5cf ./Core/Src/BoardManager.o
 .debug_macro   0x0001973f      0x1b6 ./Core/Src/BoardManager.o
 .debug_macro   0x000198f5      0x2d0 ./Core/Src/BoardManager.o
 .debug_macro   0x00019bc5      0x4a2 ./Core/Src/BoardManager.o
 .debug_macro   0x0001a067      0x18b ./Core/Src/BoardManager.o
 .debug_macro   0x0001a1f2       0x43 ./Core/Src/BoardManager.o
 .debug_macro   0x0001a235      0x23d ./Core/Src/BoardManager.o
 .debug_macro   0x0001a472      0x211 ./Core/Src/BoardManager.o
 .debug_macro   0x0001a683      0x416 ./Core/Src/BoardManager.o
 .debug_macro   0x0001aa99      0x10e ./Core/Src/BoardManager.o
 .debug_macro   0x0001aba7      0x122 ./Core/Src/BoardManager.o
 .debug_macro   0x0001acc9      0x3d1 ./Core/Src/BoardManager.o
 .debug_macro   0x0001b09a      0x321 ./Core/Src/BoardManager.o
 .debug_macro   0x0001b3bb      0x1e7 ./Core/Src/BoardManagerWrapper.o
 .debug_macro   0x0001b5a2      0x1c9 ./Core/Src/IOPin.o
 .debug_macro   0x0001b76b      0x1d3 ./Core/Src/IOPinwrapper.o
 .debug_macro   0x0001b93e      0x1ba ./Core/Src/gpio.o
 .debug_macro   0x0001baf8      0xad8 ./Core/Src/gpio.o
 .debug_macro   0x0001c5d0     0x1011 ./Core/Src/gpio.o
 .debug_macro   0x0001d5e1      0x190 ./Core/Src/gpio.o
 .debug_macro   0x0001d771      0x1c8 ./Core/Src/main.o
 .debug_macro   0x0001d939      0x1b0 ./Core/Src/stm32g4xx_hal_msp.o
 .debug_macro   0x0001dae9      0x1ba ./Core/Src/stm32g4xx_it.o
 .debug_macro   0x0001dca3      0x274 ./Core/Src/syscalls.o
 .debug_macro   0x0001df17       0x5b ./Core/Src/syscalls.o
 .debug_macro   0x0001df72       0x2a ./Core/Src/syscalls.o
 .debug_macro   0x0001df9c       0x94 ./Core/Src/syscalls.o
 .debug_macro   0x0001e030       0x43 ./Core/Src/syscalls.o
 .debug_macro   0x0001e073       0x34 ./Core/Src/syscalls.o
 .debug_macro   0x0001e0a7       0x57 ./Core/Src/syscalls.o
 .debug_macro   0x0001e0fe      0x370 ./Core/Src/syscalls.o
 .debug_macro   0x0001e46e       0x16 ./Core/Src/syscalls.o
 .debug_macro   0x0001e484       0x4a ./Core/Src/syscalls.o
 .debug_macro   0x0001e4ce       0x34 ./Core/Src/syscalls.o
 .debug_macro   0x0001e502       0x10 ./Core/Src/syscalls.o
 .debug_macro   0x0001e512       0x58 ./Core/Src/syscalls.o
 .debug_macro   0x0001e56a       0x8e ./Core/Src/syscalls.o
 .debug_macro   0x0001e5f8       0x1c ./Core/Src/syscalls.o
 .debug_macro   0x0001e614      0x185 ./Core/Src/syscalls.o
 .debug_macro   0x0001e799       0x10 ./Core/Src/syscalls.o
 .debug_macro   0x0001e7a9       0x3c ./Core/Src/syscalls.o
 .debug_macro   0x0001e7e5       0x10 ./Core/Src/syscalls.o
 .debug_macro   0x0001e7f5       0x10 ./Core/Src/syscalls.o
 .debug_macro   0x0001e805       0x10 ./Core/Src/syscalls.o
 .debug_macro   0x0001e815       0x1c ./Core/Src/syscalls.o
 .debug_macro   0x0001e831       0x52 ./Core/Src/syscalls.o
 .debug_macro   0x0001e883       0x22 ./Core/Src/syscalls.o
 .debug_macro   0x0001e8a5       0x10 ./Core/Src/syscalls.o
 .debug_macro   0x0001e8b5       0x52 ./Core/Src/syscalls.o
 .debug_macro   0x0001e907       0xcf ./Core/Src/syscalls.o
 .debug_macro   0x0001e9d6       0x1c ./Core/Src/syscalls.o
 .debug_macro   0x0001e9f2       0x3d ./Core/Src/syscalls.o
 .debug_macro   0x0001ea2f       0x35 ./Core/Src/syscalls.o
 .debug_macro   0x0001ea64      0x12c ./Core/Src/syscalls.o
 .debug_macro   0x0001eb90       0x16 ./Core/Src/syscalls.o
 .debug_macro   0x0001eba6       0x16 ./Core/Src/syscalls.o
 .debug_macro   0x0001ebbc       0x29 ./Core/Src/syscalls.o
 .debug_macro   0x0001ebe5       0x10 ./Core/Src/syscalls.o
 .debug_macro   0x0001ebf5      0x242 ./Core/Src/syscalls.o
 .debug_macro   0x0001ee37       0x1c ./Core/Src/syscalls.o
 .debug_macro   0x0001ee53       0x10 ./Core/Src/syscalls.o
 .debug_macro   0x0001ee63       0x10 ./Core/Src/syscalls.o
 .debug_macro   0x0001ee73       0x16 ./Core/Src/syscalls.o
 .debug_macro   0x0001ee89      0x146 ./Core/Src/syscalls.o
 .debug_macro   0x0001efcf      0x18a ./Core/Src/syscalls.o
 .debug_macro   0x0001f159       0x16 ./Core/Src/syscalls.o
 .debug_macro   0x0001f16f       0xce ./Core/Src/syscalls.o
 .debug_macro   0x0001f23d      0x112 ./Core/Src/sysmem.o
 .debug_macro   0x0001f34f      0x23c ./Core/Src/sysmem.o
 .debug_macro   0x0001f58b      0x1a6 ./Core/Src/system_stm32g4xx.o
 .debug_macro   0x0001f731      0x1f4 ./Drivers/STM32G4xx_HAL_Driver/Src/stm32g4xx_hal.o
 .debug_macro   0x0001f925      0x1a6 ./Drivers/STM32G4xx_HAL_Driver/Src/stm32g4xx_hal_cortex.o
 .debug_macro   0x0001facb      0x1ad ./Drivers/STM32G4xx_HAL_Driver/Src/stm32g4xx_hal_gpio.o
 .debug_macro   0x0001fc78      0x1d0 ./Drivers/STM32G4xx_HAL_Driver/Src/stm32g4xx_hal_pwr_ex.o
 .debug_macro   0x0001fe48      0x1e8 ./Drivers/STM32G4xx_HAL_Driver/Src/stm32g4xx_hal_rcc.o

.debug_line     0x00000000     0x8fe0
 .debug_line    0x00000000      0x762 ./Core/Src/BoardManager.o
 .debug_line    0x00000762      0x777 ./Core/Src/BoardManagerWrapper.o
 .debug_line    0x00000ed9      0x723 ./Core/Src/IOPin.o
 .debug_line    0x000015fc      0x73e ./Core/Src/IOPinwrapper.o
 .debug_line    0x00001d3a      0x70a ./Core/Src/gpio.o
 .debug_line    0x00002444      0x799 ./Core/Src/main.o
 .debug_line    0x00002bdd      0x6fd ./Core/Src/stm32g4xx_hal_msp.o
 .debug_line    0x000032da      0x7ac ./Core/Src/stm32g4xx_it.o
 .debug_line    0x00003a86      0x8ac ./Core/Src/syscalls.o
 .debug_line    0x00004332      0x588 ./Core/Src/sysmem.o
 .debug_line    0x000048ba      0x76a ./Core/Src/system_stm32g4xx.o
 .debug_line    0x00005024       0x7b ./Core/Startup/startup_stm32g491vetx.o
 .debug_line    0x0000509f      0xb36 ./Drivers/STM32G4xx_HAL_Driver/Src/stm32g4xx_hal.o
 .debug_line    0x00005bd5      0xc9b ./Drivers/STM32G4xx_HAL_Driver/Src/stm32g4xx_hal_cortex.o
 .debug_line    0x00006870      0xb22 ./Drivers/STM32G4xx_HAL_Driver/Src/stm32g4xx_hal_gpio.o
 .debug_line    0x00007392      0xc95 ./Drivers/STM32G4xx_HAL_Driver/Src/stm32g4xx_hal_pwr_ex.o
 .debug_line    0x00008027      0xfb9 ./Drivers/STM32G4xx_HAL_Driver/Src/stm32g4xx_hal_rcc.o

.debug_str      0x00000000    0xb8af9
 .debug_str     0x00000000    0xb8af9 ./Core/Src/BoardManager.o
                              0xb12c8 (size before relaxing)
 .debug_str     0x000b8af9    0xb12c6 ./Core/Src/BoardManagerWrapper.o
 .debug_str     0x000b8af9    0xb11cb ./Core/Src/IOPin.o
 .debug_str     0x000b8af9    0xb122d ./Core/Src/IOPinwrapper.o
 .debug_str     0x000b8af9    0xb0e9f ./Core/Src/gpio.o
 .debug_str     0x000b8af9    0xb0e8f ./Core/Src/main.o
 .debug_str     0x000b8af9    0xb0dd4 ./Core/Src/stm32g4xx_hal_msp.o
 .debug_str     0x000b8af9    0xb0d04 ./Core/Src/stm32g4xx_it.o
 .debug_str     0x000b8af9     0x99df ./Core/Src/syscalls.o
 .debug_str     0x000b8af9     0x777d ./Core/Src/sysmem.o
 .debug_str     0x000b8af9    0xb0e84 ./Core/Src/system_stm32g4xx.o
 .debug_str     0x000b8af9       0x7f ./Core/Startup/startup_stm32g491vetx.o
 .debug_str     0x000b8af9    0xb1a8f ./Drivers/STM32G4xx_HAL_Driver/Src/stm32g4xx_hal.o
 .debug_str     0x000b8af9    0xb174b ./Drivers/STM32G4xx_HAL_Driver/Src/stm32g4xx_hal_cortex.o
 .debug_str     0x000b8af9    0xb100f ./Drivers/STM32G4xx_HAL_Driver/Src/stm32g4xx_hal_gpio.o
 .debug_str     0x000b8af9    0xb1372 ./Drivers/STM32G4xx_HAL_Driver/Src/stm32g4xx_hal_pwr_ex.o
 .debug_str     0x000b8af9    0xb157d ./Drivers/STM32G4xx_HAL_Driver/Src/stm32g4xx_hal_rcc.o

.comment        0x00000000       0x43
 .comment       0x00000000       0x43 ./Core/Src/BoardManager.o
                                 0x44 (size before relaxing)
 .comment       0x00000043       0x44 ./Core/Src/BoardManagerWrapper.o
 .comment       0x00000043       0x44 ./Core/Src/IOPin.o
 .comment       0x00000043       0x44 ./Core/Src/IOPinwrapper.o
 .comment       0x00000043       0x44 ./Core/Src/gpio.o
 .comment       0x00000043       0x44 ./Core/Src/main.o
 .comment       0x00000043       0x44 ./Core/Src/stm32g4xx_hal_msp.o
 .comment       0x00000043       0x44 ./Core/Src/stm32g4xx_it.o
 .comment       0x00000043       0x44 ./Core/Src/syscalls.o
 .comment       0x00000043       0x44 ./Core/Src/sysmem.o
 .comment       0x00000043       0x44 ./Core/Src/system_stm32g4xx.o
 .comment       0x00000043       0x44 ./Drivers/STM32G4xx_HAL_Driver/Src/stm32g4xx_hal.o
 .comment       0x00000043       0x44 ./Drivers/STM32G4xx_HAL_Driver/Src/stm32g4xx_hal_cortex.o
 .comment       0x00000043       0x44 ./Drivers/STM32G4xx_HAL_Driver/Src/stm32g4xx_hal_gpio.o
 .comment       0x00000043       0x44 ./Drivers/STM32G4xx_HAL_Driver/Src/stm32g4xx_hal_pwr_ex.o
 .comment       0x00000043       0x44 ./Drivers/STM32G4xx_HAL_Driver/Src/stm32g4xx_hal_rcc.o

.debug_frame    0x00000000     0x1ddc
 .debug_frame   0x00000000       0x58 ./Core/Src/BoardManager.o
 .debug_frame   0x00000058       0x54 ./Core/Src/BoardManagerWrapper.o
 .debug_frame   0x000000ac       0x5c ./Core/Src/IOPin.o
 .debug_frame   0x00000108       0x5c ./Core/Src/IOPinwrapper.o
 .debug_frame   0x00000164       0x34 ./Core/Src/gpio.o
 .debug_frame   0x00000198       0x68 ./Core/Src/main.o
 .debug_frame   0x00000200       0x38 ./Core/Src/stm32g4xx_hal_msp.o
 .debug_frame   0x00000238      0x104 ./Core/Src/stm32g4xx_it.o
 .debug_frame   0x0000033c      0x2ac ./Core/Src/syscalls.o
 .debug_frame   0x000005e8       0x34 ./Core/Src/sysmem.o
 .debug_frame   0x0000061c       0x58 ./Core/Src/system_stm32g4xx.o
 .debug_frame   0x00000674      0x500 ./Drivers/STM32G4xx_HAL_Driver/Src/stm32g4xx_hal.o
 .debug_frame   0x00000b74      0x4e8 ./Drivers/STM32G4xx_HAL_Driver/Src/stm32g4xx_hal_cortex.o
 .debug_frame   0x0000105c      0x14c ./Drivers/STM32G4xx_HAL_Driver/Src/stm32g4xx_hal_gpio.o
 .debug_frame   0x000011a8      0x4fc ./Drivers/STM32G4xx_HAL_Driver/Src/stm32g4xx_hal_pwr_ex.o
 .debug_frame   0x000016a4      0x23c ./Drivers/STM32G4xx_HAL_Driver/Src/stm32g4xx_hal_rcc.o
 .debug_frame   0x000018e0       0x28 C:/ST/STM32CubeIDE_1.19.0/STM32CubeIDE/plugins/com.st.stm32cube.ide.mcu.externaltools.gnu-tools-for-stm32.13.3.rel1.win32_1.0.0.202411081344/tools/bin/../lib/gcc/arm-none-eabi/13.3.1/../../../../arm-none-eabi/lib/thumb/v7e-m+fp/hard\libstdc++_nano.a(new_op.o)
 .debug_frame   0x00001908       0x30 C:/ST/STM32CubeIDE_1.19.0/STM32CubeIDE/plugins/com.st.stm32cube.ide.mcu.externaltools.gnu-tools-for-stm32.13.3.rel1.win32_1.0.0.202411081344/tools/bin/../lib/gcc/arm-none-eabi/13.3.1/../../../../arm-none-eabi/lib/thumb/v7e-m+fp/hard\libstdc++_nano.a(new_handler.o)
 .debug_frame   0x00001938       0x28 C:/ST/STM32CubeIDE_1.19.0/STM32CubeIDE/plugins/com.st.stm32cube.ide.mcu.externaltools.gnu-tools-for-stm32.13.3.rel1.win32_1.0.0.202411081344/tools/bin/../lib/gcc/arm-none-eabi/13.3.1/../../../../arm-none-eabi/lib/thumb/v7e-m+fp/hard\libc_nano.a(libc_a-abort.o)
 .debug_frame   0x00001960       0x30 C:/ST/STM32CubeIDE_1.19.0/STM32CubeIDE/plugins/com.st.stm32cube.ide.mcu.externaltools.gnu-tools-for-stm32.13.3.rel1.win32_1.0.0.202411081344/tools/bin/../lib/gcc/arm-none-eabi/13.3.1/../../../../arm-none-eabi/lib/thumb/v7e-m+fp/hard\libc_nano.a(libc_a-malloc.o)
 .debug_frame   0x00001990       0x50 C:/ST/STM32CubeIDE_1.19.0/STM32CubeIDE/plugins/com.st.stm32cube.ide.mcu.externaltools.gnu-tools-for-stm32.13.3.rel1.win32_1.0.0.202411081344/tools/bin/../lib/gcc/arm-none-eabi/13.3.1/../../../../arm-none-eabi/lib/thumb/v7e-m+fp/hard\libc_nano.a(libc_a-mallocr.o)
 .debug_frame   0x000019e0       0x30 C:/ST/STM32CubeIDE_1.19.0/STM32CubeIDE/plugins/com.st.stm32cube.ide.mcu.externaltools.gnu-tools-for-stm32.13.3.rel1.win32_1.0.0.202411081344/tools/bin/../lib/gcc/arm-none-eabi/13.3.1/../../../../arm-none-eabi/lib/thumb/v7e-m+fp/hard\libc_nano.a(libc_a-mlock.o)
 .debug_frame   0x00001a10      0x144 C:/ST/STM32CubeIDE_1.19.0/STM32CubeIDE/plugins/com.st.stm32cube.ide.mcu.externaltools.gnu-tools-for-stm32.13.3.rel1.win32_1.0.0.202411081344/tools/bin/../lib/gcc/arm-none-eabi/13.3.1/../../../../arm-none-eabi/lib/thumb/v7e-m+fp/hard\libc_nano.a(libc_a-findfp.o)
 .debug_frame   0x00001b54       0x20 C:/ST/STM32CubeIDE_1.19.0/STM32CubeIDE/plugins/com.st.stm32cube.ide.mcu.externaltools.gnu-tools-for-stm32.13.3.rel1.win32_1.0.0.202411081344/tools/bin/../lib/gcc/arm-none-eabi/13.3.1/../../../../arm-none-eabi/lib/thumb/v7e-m+fp/hard\libc_nano.a(libc_a-memset.o)
 .debug_frame   0x00001b74       0xcc C:/ST/STM32CubeIDE_1.19.0/STM32CubeIDE/plugins/com.st.stm32cube.ide.mcu.externaltools.gnu-tools-for-stm32.13.3.rel1.win32_1.0.0.202411081344/tools/bin/../lib/gcc/arm-none-eabi/13.3.1/../../../../arm-none-eabi/lib/thumb/v7e-m+fp/hard\libc_nano.a(libc_a-signal.o)
 .debug_frame   0x00001c40       0x38 C:/ST/STM32CubeIDE_1.19.0/STM32CubeIDE/plugins/com.st.stm32cube.ide.mcu.externaltools.gnu-tools-for-stm32.13.3.rel1.win32_1.0.0.202411081344/tools/bin/../lib/gcc/arm-none-eabi/13.3.1/../../../../arm-none-eabi/lib/thumb/v7e-m+fp/hard\libc_nano.a(libc_a-reent.o)
 .debug_frame   0x00001c78       0x3c C:/ST/STM32CubeIDE_1.19.0/STM32CubeIDE/plugins/com.st.stm32cube.ide.mcu.externaltools.gnu-tools-for-stm32.13.3.rel1.win32_1.0.0.202411081344/tools/bin/../lib/gcc/arm-none-eabi/13.3.1/../../../../arm-none-eabi/lib/thumb/v7e-m+fp/hard\libc_nano.a(libc_a-signalr.o)
 .debug_frame   0x00001cb4       0x2c C:/ST/STM32CubeIDE_1.19.0/STM32CubeIDE/plugins/com.st.stm32cube.ide.mcu.externaltools.gnu-tools-for-stm32.13.3.rel1.win32_1.0.0.202411081344/tools/bin/../lib/gcc/arm-none-eabi/13.3.1/../../../../arm-none-eabi/lib/thumb/v7e-m+fp/hard\libc_nano.a(libc_a-sbrkr.o)
 .debug_frame   0x00001ce0       0x20 C:/ST/STM32CubeIDE_1.19.0/STM32CubeIDE/plugins/com.st.stm32cube.ide.mcu.externaltools.gnu-tools-for-stm32.13.3.rel1.win32_1.0.0.202411081344/tools/bin/../lib/gcc/arm-none-eabi/13.3.1/../../../../arm-none-eabi/lib/thumb/v7e-m+fp/hard\libc_nano.a(libc_a-errno.o)
 .debug_frame   0x00001d00       0x2c C:/ST/STM32CubeIDE_1.19.0/STM32CubeIDE/plugins/com.st.stm32cube.ide.mcu.externaltools.gnu-tools-for-stm32.13.3.rel1.win32_1.0.0.202411081344/tools/bin/../lib/gcc/arm-none-eabi/13.3.1/../../../../arm-none-eabi/lib/thumb/v7e-m+fp/hard\libc_nano.a(libc_a-init.o)
 .debug_frame   0x00001d2c       0xb0 C:/ST/STM32CubeIDE_1.19.0/STM32CubeIDE/plugins/com.st.stm32cube.ide.mcu.externaltools.gnu-tools-for-stm32.13.3.rel1.win32_1.0.0.202411081344/tools/bin/../lib/gcc/arm-none-eabi/13.3.1/../../../../arm-none-eabi/lib/thumb/v7e-m+fp/hard\libc_nano.a(libc_a-lock.o)

.debug_line_str
                0x00000000       0x63
 .debug_line_str
                0x00000000       0x63 ./Core/Startup/startup_stm32g491vetx.o
