Archive member included to satisfy reference by file (symbol)

c:/Users/aniru.000/AppData/Roaming/Code/User/globalStorage/bmd.stm32-for-vscode/@xpack-dev-tools/arm-none-eabi-gcc/15.2.1-1.1.1/.content/bin/../lib/gcc/arm-none-eabi/15.2.1/../../../../arm-none-eabi/lib/thumb/v7e-m+fp/hard\libstdc++_nano.a(new_op.o)
                              build/release/BoardManagerWrapper.o (operator new(unsigned int))
c:/Users/aniru.000/AppData/Roaming/Code/User/globalStorage/bmd.stm32-for-vscode/@xpack-dev-tools/arm-none-eabi-gcc/15.2.1-1.1.1/.content/bin/../lib/gcc/arm-none-eabi/15.2.1/../../../../arm-none-eabi/lib/thumb/v7e-m+fp/hard\libstdc++_nano.a(new_handler.o)
                              c:/Users/aniru.000/AppData/Roaming/Code/User/globalStorage/bmd.stm32-for-vscode/@xpack-dev-tools/arm-none-eabi-gcc/15.2.1-1.1.1/.content/bin/../lib/gcc/arm-none-eabi/15.2.1/../../../../arm-none-eabi/lib/thumb/v7e-m+fp/hard\libstdc++_nano.a(new_op.o) (std::get_new_handler())
c:/Users/aniru.000/AppData/Roaming/Code/User/globalStorage/bmd.stm32-for-vscode/@xpack-dev-tools/arm-none-eabi-gcc/15.2.1-1.1.1/.content/bin/../lib/gcc/arm-none-eabi/15.2.1/../../../../arm-none-eabi/lib/thumb/v7e-m+fp/hard\libc_nano.a(libc_a-abort.o)
                              c:/Users/aniru.000/AppData/Roaming/Code/User/globalStorage/bmd.stm32-for-vscode/@xpack-dev-tools/arm-none-eabi-gcc/15.2.1-1.1.1/.content/bin/../lib/gcc/arm-none-eabi/15.2.1/../../../../arm-none-eabi/lib/thumb/v7e-m+fp/hard\libstdc++_nano.a(new_op.o) (abort)
c:/Users/aniru.000/AppData/Roaming/Code/User/globalStorage/bmd.stm32-for-vscode/@xpack-dev-tools/arm-none-eabi-gcc/15.2.1-1.1.1/.content/bin/../lib/gcc/arm-none-eabi/15.2.1/../../../../arm-none-eabi/lib/thumb/v7e-m+fp/hard\libc_nano.a(libc_a-atexit.o)
                              c:/Users/aniru.000/AppData/Roaming/Code/User/globalStorage/bmd.stm32-for-vscode/@xpack-dev-tools/arm-none-eabi-gcc/15.2.1-1.1.1/.content/bin/../lib/gcc/arm-none-eabi/15.2.1/../../../../arm-none-eabi/lib/thumb/v7e-m+fp/hard/crt0.o (atexit)
c:/Users/aniru.000/AppData/Roaming/Code/User/globalStorage/bmd.stm32-for-vscode/@xpack-dev-tools/arm-none-eabi-gcc/15.2.1-1.1.1/.content/bin/../lib/gcc/arm-none-eabi/15.2.1/../../../../arm-none-eabi/lib/thumb/v7e-m+fp/hard\libc_nano.a(libc_a-exit.o)
                              c:/Users/aniru.000/AppData/Roaming/Code/User/globalStorage/bmd.stm32-for-vscode/@xpack-dev-tools/arm-none-eabi-gcc/15.2.1-1.1.1/.content/bin/../lib/gcc/arm-none-eabi/15.2.1/../../../../arm-none-eabi/lib/thumb/v7e-m+fp/hard/crt0.o (exit)
c:/Users/aniru.000/AppData/Roaming/Code/User/globalStorage/bmd.stm32-for-vscode/@xpack-dev-tools/arm-none-eabi-gcc/15.2.1-1.1.1/.content/bin/../lib/gcc/arm-none-eabi/15.2.1/../../../../arm-none-eabi/lib/thumb/v7e-m+fp/hard\libc_nano.a(libc_a-malloc.o)
                              c:/Users/aniru.000/AppData/Roaming/Code/User/globalStorage/bmd.stm32-for-vscode/@xpack-dev-tools/arm-none-eabi-gcc/15.2.1-1.1.1/.content/bin/../lib/gcc/arm-none-eabi/15.2.1/../../../../arm-none-eabi/lib/thumb/v7e-m+fp/hard\libstdc++_nano.a(new_op.o) (malloc)
c:/Users/aniru.000/AppData/Roaming/Code/User/globalStorage/bmd.stm32-for-vscode/@xpack-dev-tools/arm-none-eabi-gcc/15.2.1-1.1.1/.content/bin/../lib/gcc/arm-none-eabi/15.2.1/../../../../arm-none-eabi/lib/thumb/v7e-m+fp/hard\libc_nano.a(libc_a-mallocr.o)
                              c:/Users/aniru.000/AppData/Roaming/Code/User/globalStorage/bmd.stm32-for-vscode/@xpack-dev-tools/arm-none-eabi-gcc/15.2.1-1.1.1/.content/bin/../lib/gcc/arm-none-eabi/15.2.1/../../../../arm-none-eabi/lib/thumb/v7e-m+fp/hard\libc_nano.a(libc_a-malloc.o) (_malloc_r)
c:/Users/aniru.000/AppData/Roaming/Code/User/globalStorage/bmd.stm32-for-vscode/@xpack-dev-tools/arm-none-eabi-gcc/15.2.1-1.1.1/.content/bin/../lib/gcc/arm-none-eabi/15.2.1/../../../../arm-none-eabi/lib/thumb/v7e-m+fp/hard\libc_nano.a(libc_a-mlock.o)
                              c:/Users/aniru.000/AppData/Roaming/Code/User/globalStorage/bmd.stm32-for-vscode/@xpack-dev-tools/arm-none-eabi-gcc/15.2.1-1.1.1/.content/bin/../lib/gcc/arm-none-eabi/15.2.1/../../../../arm-none-eabi/lib/thumb/v7e-m+fp/hard\libc_nano.a(libc_a-mallocr.o) (__malloc_lock)
c:/Users/aniru.000/AppData/Roaming/Code/User/globalStorage/bmd.stm32-for-vscode/@xpack-dev-tools/arm-none-eabi-gcc/15.2.1-1.1.1/.content/bin/../lib/gcc/arm-none-eabi/15.2.1/../../../../arm-none-eabi/lib/thumb/v7e-m+fp/hard\libc_nano.a(libc_a-findfp.o)
                              c:/Users/aniru.000/AppData/Roaming/Code/User/globalStorage/bmd.stm32-for-vscode/@xpack-dev-tools/arm-none-eabi-gcc/15.2.1-1.1.1/.content/bin/../lib/gcc/arm-none-eabi/15.2.1/../../../../arm-none-eabi/lib/thumb/v7e-m+fp/hard\libc_nano.a(libc_a-exit.o) (__stdio_exit_handler)
c:/Users/aniru.000/AppData/Roaming/Code/User/globalStorage/bmd.stm32-for-vscode/@xpack-dev-tools/arm-none-eabi-gcc/15.2.1-1.1.1/.content/bin/../lib/gcc/arm-none-eabi/15.2.1/../../../../arm-none-eabi/lib/thumb/v7e-m+fp/hard\libc_nano.a(libc_a-fwalk.o)
[...]
Memory Configuration

Name             Origin             Length             Attributes
RAM              0x20000000         0x0001c000         xrw
FLASH            0x08000000         0x00080000         xr
*default*        0x00000000         0xffffffff

Linker script and memory map

LOAD c:/Users/aniru.000/AppData/Roaming/Code/User/globalStorage/bmd.stm32-for-vscode/@xpack-dev-tools/arm-none-eabi-gcc/15.2.1-1.1.1/.content/bin/../lib/gcc/arm-none-eabi/15.2.1/thumb/v7e-m+fp/hard/crti.o
LOAD c:/Users/aniru.000/AppData/Roaming/Code/User/globalStorage/bmd.stm32-for-vscode/@xpack-dev-tools/arm-none-eabi-gcc/15.2.1-1.1.1/.content/bin/../lib/gcc/arm-none-eabi/15.2.1/thumb/v7e-m+fp/hard/crtbegin.o
LOAD c:/Users/aniru.000/AppData/Roaming/Code/User/globalStorage/bmd.stm32-for-vscode/@xpack-dev-tools/arm-none-eabi-gcc/15.2.1-1.1.1/.content/bin/../lib/gcc/arm-none-eabi/15.2.1/../../../../arm-none-eabi/lib/thumb/v7e-m+fp/hard/crt0.o
LOAD build/release/gpio.o
LOAD build/release/stm32g4xx_hal.o
LOAD build/release/stm32g4xx_hal_cortex.o
LOAD build/release/stm32g4xx_hal_dma.o
LOAD build/release/stm32g4xx_hal_dma_ex.o
LOAD build/release/stm32g4xx_hal_exti.o
LOAD build/release/stm32g4xx_hal_flash.o
LOAD build/release/stm32g4xx_hal_flash_ex.o
LOAD build/release/stm32g4xx_hal_flash_ramfunc.o
LOAD build/release/stm32g4xx_hal_gpio.o
LOAD build/release/stm32g4xx_hal_msp.o
LOAD build/release/stm32g4xx_hal_pwr.o
LOAD build/release/stm32g4xx_hal_pwr_ex.o
LOAD build/release/stm32g4xx_hal_rcc.o
LOAD build/release/stm32g4xx_hal_rcc_ex.o
LOAD build/release/stm32g4xx_it.o
LOAD build/release/syscalls.o
LOAD build/release/sysmem.o
LOAD build/release/system_stm32g4xx.o
LOAD build/release/BoardManager.o
LOAD build/release/BoardManagerWrapper.o
LOAD build/release/IOPin.o
LOAD build/release/IOPinwrapper.o
LOAD build/release/main.o
LOAD build/release/startup_stm32g491vetx.o
LOAD c:/Users/aniru.000/AppData/Roaming/Code/User/globalStorage/bmd.stm32-for-vscode/@xpack-dev-tools/arm-none-eabi-gcc/15.2.1-1.1.1/.content/bin/../lib/gcc/arm-none-eabi/15.2.1/../../../../arm-none-eabi/lib/thumb/v7e-m+fp/hard\libstdc++_nano.a
LOAD c:/Users/aniru.000/AppData/Roaming/Code/User/globalStorage/bmd.stm32-for-vscode/@xpack-dev-tools/arm-none-eabi-gcc/15.2.1-1.1.1/.content/bin/../lib/gcc/arm-none-eabi/15.2.1/../../../../arm-none-eabi/lib/thumb/v7e-m+fp/hard\libsupc++_nano.a
LOAD c:/Users/aniru.000/AppData/Roaming/Code/User/globalStorage/bmd.stm32-for-vscode/@xpack-dev-tools/arm-none-eabi-gcc/15.2.1-1.1.1/.content/bin/../lib/gcc/arm-none-eabi/15.2.1/../../../../arm-none-eabi/lib/thumb/v7e-m+fp/hard\libstdc++_nano.a
LOAD c:/Users/aniru.000/AppData/Roaming/Code/User/globalStorage/bmd.stm32-for-vscode/@xpack-dev-tools/arm-none-eabi-gcc/15.2.1-1.1.1/.content/bin/../lib/gcc/arm-none-eabi/15.2.1/../../../../arm-none-eabi/lib/thumb/v7e-m+fp/hard\libm.a
LOAD c:/Users/aniru.000/AppData/Roaming/Code/User/globalStorage/bmd.stm32-for-vscode/@xpack-dev-tools/arm-none-eabi-gcc/15.2.1-1.1.1/.content/bin/../lib/gcc/arm-none-eabi/15.2.1/../../../../arm-none-eabi/lib/thumb/v7e-m+fp/hard\libc_nano.a
START GROUP
LOAD c:/Users/aniru.000/AppData/Roaming/Code/User/globalStorage/bmd.stm32-for-vscode/@xpack-dev-tools/arm-none-eabi-gcc/15.2.1-1.1.1/.content/bin/../lib/gcc/arm-none-eabi/15.2.1/thumb/v7e-m+fp/hard\libgcc.a
LOAD c:/Users/aniru.000/AppData/Roaming/Code/User/globalStorage/bmd.stm32-for-vscode/@xpack-dev-tools/arm-none-eabi-gcc/15.2.1-1.1.1/.content/bin/../lib/gcc/arm-none-eabi/15.2.1/../../../../arm-none-eabi/lib/thumb/v7e-m+fp/hard\libc_nano.a
END GROUP
START GROUP
LOAD c:/Users/aniru.000/AppData/Roaming/Code/User/globalStorage/bmd.stm32-for-vscode/@xpack-dev-tools/arm-none-eabi-gcc/15.2.1-1.1.1/.content/bin/../lib/gcc/arm-none-eabi/15.2.1/thumb/v7e-m+fp/hard\libgcc.a
LOAD c:/Users/aniru.000/AppData/Roaming/Code/User/globalStorage/bmd.stm32-for-vscode/@xpack-dev-tools/arm-none-eabi-gcc/15.2.1-1.1.1/.content/bin/../lib/gcc/arm-none-eabi/15.2.1/../../../../arm-none-eabi/lib/thumb/v7e-m+fp/hard\libc_nano.a
LOAD c:/Users/aniru.000/AppData/Roaming/Code/User/globalStorage/bmd.stm32-for-vscode/@xpack-dev-tools/arm-none-eabi-gcc/15.2.1-1.1.1/.content/bin/../lib/gcc/arm-none-eabi/15.2.1/../../../../arm-none-eabi/lib/thumb/v7e-m+fp/hard\libnosys.a
END GROUP
START GROUP
LOAD c:/Users/aniru.000/AppData/Roaming/Code/User/globalStorage/bmd.stm32-for-vscode/@xpack-dev-tools/arm-none-eabi-gcc/15.2.1-1.1.1/.content/bin/../lib/gcc/arm-none-eabi/15.2.1/thumb/v7e-m+fp/hard\libgcc.a
LOAD c:/Users/aniru.000/AppData/Roaming/Code/User/globalStorage/bmd.stm32-for-vscode/@xpack-dev-tools/arm-none-eabi-gcc/15.2.1-1.1.1/.content/bin/../lib/gcc/arm-none-eabi/15.2.1/../../../../arm-none-eabi/lib/thumb/v7e-m+fp/hard\libc_nano.a
LOAD c:/Users/aniru.000/AppData/Roaming/Code/User/globalStorage/bmd.stm32-for-vscode/@xpack-dev-tools/arm-none-eabi-gcc/15.2.1-1.1.1/.content/bin/../lib/gcc/arm-none-eabi/15.2.1/../../../../arm-none-eabi/lib/thumb/v7e-m+fp/hard\libnosys.a
END GROUP
LOAD c:/Users/aniru.000/AppData/Roaming/Code/User/globalStorage/bmd.stm32-for-vscode/@xpack-dev-tools/arm-none-eabi-gcc/15.2.1-1.1.1/.content/bin/../lib/gcc/arm-none-eabi/15.2.1/thumb/v7e-m+fp/hard/crtend.o
LOAD c:/Users/aniru.000/AppData/Roaming/Code/User/globalStorage/bmd.stm32-for-vscode/@xpack-dev-tools/arm-none-eabi-gcc/15.2.1-1.1.1/.content/bin/../lib/gcc/arm-none-eabi/15.2.1/thumb/v7e-m+fp/hard/crtn.o
                0x2001c000                        _estack = (ORIGIN (RAM) + LENGTH (RAM))
                0x00000200                        _Min_Heap_Size = 0x200
                0x00000400                        _Min_Stack_Size = 0x400

.isr_vector     0x08000000      0x1d8
                0x08000000                        . = ALIGN (0x4)
 *(.isr_vector)
 .isr_vector    0x08000000      0x1d8 build/release/startup_stm32g491vetx.o
                0x08000000                g_pfnVectors
                0x080001d8                        . = ALIGN (0x4)

.text           0x080001d8     0x11fc
                0x080001d8                        . = ALIGN (0x4)
 *(.text)
 .text          0x080001d8       0x2c build/release/BoardManager.o
                0x080001d8                BoardManager::BoardManager()
                0x080001d8                BoardManager::BoardManager()
                0x080001f8                BoardManager::execute()
 .text          0x08000204       0x1a build/release/BoardManagerWrapper.o
                0x08000204                bm_create
                0x08000216                bm_execute
 .text          0x0800021e       0x12 build/release/IOPin.o
                0x0800021e                IOPin::IOPin(GPIO_TypeDef*, unsigned short)
                0x0800021e                IOPin::IOPin(GPIO_TypeDef*, unsigned short)
                0x08000224                IOPin::toggle()
 .text          0x08000230        0xe build/release/IOPinwrapper.o
                0x08000230                IOPin_wrapper::IOPin_wrapper(IOPin&)
                0x08000230                IOPin_wrapper::IOPin_wrapper(IOPin&)
                0x08000234                IOPin_wrapper::toggle_led()
 *(.text*)
 *fill*         0x0800023e        0x2 
 .text.__do_global_dtors_aux
                0x08000240       0x28 c:/Users/aniru.000/AppData/Roaming/Code/User/globalStorage/bmd.stm32-for-vscode/@xpack-dev-tools/arm-none-eabi-gcc/15.2.1-1.1.1/.content/bin/../lib/gcc/arm-none-eabi/15.2.1/thumb/v7e-m+fp/hard/crtbegin.o
 .text.frame_dummy
                0x08000268       0x1c c:/Users/aniru.000/AppData/Roaming/Code/User/globalStorage/bmd.stm32-for-vscode/@xpack-dev-tools/arm-none-eabi-gcc/15.2.1-1.1.1/.content/bin/../lib/gcc/arm-none-eabi/15.2.1/thumb/v7e-m+fp/hard/crtbegin.o
 .text.MX_GPIO_Init
                0x08000284       0x58 build/release/gpio.o
                0x08000284                MX_GPIO_Init
 .text.HAL_InitTick
                0x080002dc       0x50 build/release/stm32g4xx_hal.o
                0x080002dc                HAL_InitTick
 .text.HAL_Init
                0x0800032c       0x20 build/release/stm32g4xx_hal.o
                0x0800032c                HAL_Init
 .text.HAL_IncTick
                0x0800034c       0x18 build/release/stm32g4xx_hal.o
                0x0800034c                HAL_IncTick
 .text.HAL_GetTick
                0x08000364        0xc build/release/stm32g4xx_hal.o
                0x08000364                HAL_GetTick
 .text.HAL_Delay
                0x08000370       0x28 build/release/stm32g4xx_hal.o
                0x08000370                HAL_Delay
 .text.__NVIC_SetPriority
                0x08000398       0x28 build/release/stm32g4xx_hal_cortex.o
 .text.NVIC_EncodePriority
                0x080003c0       0x46 build/release/stm32g4xx_hal_cortex.o
 *fill*         0x08000406        0x2 
 .text.HAL_NVIC_SetPriorityGrouping
                0x08000408       0x24 build/release/stm32g4xx_hal_cortex.o
                0x08000408                HAL_NVIC_SetPriorityGrouping
 .text.HAL_NVIC_SetPriority
                0x0800042c       0x20 build/release/stm32g4xx_hal_cortex.o
                0x0800042c                HAL_NVIC_SetPriority
 .text.HAL_SYSTICK_Config
                0x0800044c       0x28 build/release/stm32g4xx_hal_cortex.o
                0x0800044c                HAL_SYSTICK_Config
 .text.HAL_GPIO_Init
                0x08000474      0x1f4 build/release/stm32g4xx_hal_gpio.o
                0x08000474                HAL_GPIO_Init
 .text.HAL_GPIO_WritePin
                0x08000668        0xa build/release/stm32g4xx_hal_gpio.o
                0x08000668                HAL_GPIO_WritePin
 .text.HAL_GPIO_TogglePin
                0x08000672       0x12 build/release/stm32g4xx_hal_gpio.o
                0x08000672                HAL_GPIO_TogglePin
 .text.HAL_MspInit
                0x08000684       0x30 build/release/stm32g4xx_hal_msp.o
                0x08000684                HAL_MspInit
 .text.HAL_PWREx_ControlVoltageScaling
                0x080006b4      0x10c build/release/stm32g4xx_hal_pwr_ex.o
                0x080006b4                HAL_PWREx_ControlVoltageScaling
 .text.RCC_GetSysClockFreqFromPLLSource
                0x080007c0       0x58 build/release/stm32g4xx_hal_rcc.o
 .text.HAL_RCC_OscConfig
                0x08000818      0x4e8 build/release/stm32g4xx_hal_rcc.o
                0x08000818                HAL_RCC_OscConfig
 .text.HAL_RCC_GetSysClockFreq
                0x08000d00       0x88 build/release/stm32g4xx_hal_rcc.o
                0x08000d00                HAL_RCC_GetSysClockFreq
 .text.HAL_RCC_ClockConfig
                0x08000d88      0x204 build/release/stm32g4xx_hal_rcc.o
                0x08000d88                HAL_RCC_ClockConfig
 .text.NMI_Handler
                0x08000f8c        0x2 build/release/stm32g4xx_it.o
                0x08000f8c                NMI_Handler
 .text.HardFault_Handler
                0x08000f8e        0x2 build/release/stm32g4xx_it.o
                0x08000f8e                HardFault_Handler
 .text.MemManage_Handler
                0x08000f90        0x2 build/release/stm32g4xx_it.o
                0x08000f90                MemManage_Handler
 .text.BusFault_Handler
                0x08000f92        0x2 build/release/stm32g4xx_it.o
                0x08000f92                BusFault_Handler
 .text.UsageFault_Handler
                0x08000f94        0x2 build/release/stm32g4xx_it.o
                0x08000f94                UsageFault_Handler
 .text.SVC_Handler
                0x08000f96        0x2 build/release/stm32g4xx_it.o
                0x08000f96                SVC_Handler
 .text.DebugMon_Handler
                0x08000f98        0x2 build/release/stm32g4xx_it.o
                0x08000f98                DebugMon_Handler
 .text.PendSV_Handler
                0x08000f9a        0x2 build/release/stm32g4xx_it.o
                0x08000f9a                PendSV_Handler
 .text.SysTick_Handler
                0x08000f9c        0x8 build/release/stm32g4xx_it.o
                0x08000f9c                SysTick_Handler
 .text._getpid  0x08000fa4        0x4 build/release/syscalls.o
                0x08000fa4                _getpid
 .text._kill    0x08000fa8       0x10 build/release/syscalls.o
                0x08000fa8                _kill
 .text._exit    0x08000fb8        0xc build/release/syscalls.o
                0x08000fb8                _exit
 .text._sbrk    0x08000fc4       0x4c build/release/sysmem.o
                0x08000fc4                _sbrk
 .text.SystemInit
                0x08001010       0x14 build/release/system_stm32g4xx.o
                0x08001010                SystemInit
 .text.Error_Handler
                0x08001024        0x4 build/release/main.o
                0x08001024                Error_Handler
 .text.SystemClock_Config
                0x08001028       0x60 build/release/main.o
                0x08001028                SystemClock_Config
 .text.main     0x08001088       0x2c build/release/main.o
                0x08001088                main
 .text.Reset_Handler
                0x080010b4       0x50 build/release/startup_stm32g491vetx.o
                0x080010b4                Reset_Handler
 .text.Default_Handler
                0x08001104        0x2 build/release/startup_stm32g491vetx.o
                0x08001104                RTC_Alarm_IRQHandler
                0x08001104                EXTI2_IRQHandler
                0x08001104                TIM8_TRG_COM_IRQHandler
                0x08001104                TIM8_CC_IRQHandler
                0x08001104                TIM1_CC_IRQHandler
                0x08001104                USB_HP_IRQHandler
                0x08001104                CORDIC_IRQHandler
                0x08001104                DMA2_Channel8_IRQHandler
                0x08001104                EXTI3_IRQHandler
                0x08001104                I2C3_ER_IRQHandler
                0x08001104                EXTI0_IRQHandler
                0x08001104                I2C2_EV_IRQHandler
                0x08001104                FPU_IRQHandler
                0x08001104                FDCAN1_IT1_IRQHandler
                0x08001104                TIM1_UP_TIM16_IRQHandler
                0x08001104                ADC1_2_IRQHandler
                0x08001104                SPI1_IRQHandler
                0x08001104                TIM6_DAC_IRQHandler
                0x08001104                TIM8_UP_IRQHandler
                0x08001104                DMA2_Channel2_IRQHandler
                0x08001104                DMA1_Channel4_IRQHandler
                0x08001104                TIM20_TRG_COM_IRQHandler
                0x08001104                USART3_IRQHandler
                0x08001104                DMA1_Channel7_IRQHandler
                0x08001104                UART5_IRQHandler
                0x08001104                ADC3_IRQHandler
                0x08001104                TIM4_IRQHandler
                0x08001104                DMA2_Channel1_IRQHandler
                0x08001104                QUADSPI_IRQHandler
                0x08001104                I2C1_EV_IRQHandler
                0x08001104                DMA1_Channel6_IRQHandler
                0x08001104                UART4_IRQHandler
                0x08001104                DMA2_Channel4_IRQHandler
                0x08001104                TIM3_IRQHandler
                0x08001104                RCC_IRQHandler
                0x08001104                TIM20_UP_IRQHandler
                0x08001104                DMA1_Channel1_IRQHandler
                0x08001104                Default_Handler
                0x08001104                DMA2_Channel7_IRQHandler
                0x08001104                RTC_TAMP_LSECSS_IRQHandler
                0x08001104                FMAC_IRQHandler
                0x08001104                EXTI15_10_IRQHandler
                0x08001104                DMA1_Channel8_IRQHandler
                0x08001104                TIM7_IRQHandler
                0x08001104                UCPD1_IRQHandler
                0x08001104                I2C3_EV_IRQHandler
                0x08001104                EXTI9_5_IRQHandler
                0x08001104                RTC_WKUP_IRQHandler
                0x08001104                PVD_PVM_IRQHandler
                0x08001104                SPI2_IRQHandler
                0x08001104                DMA2_Channel5_IRQHandler
                0x08001104                CRS_IRQHandler
                0x08001104                DMA1_Channel5_IRQHandler
                0x08001104                USB_LP_IRQHandler
                0x08001104                EXTI4_IRQHandler
                0x08001104                RNG_IRQHandler
                0x08001104                TIM1_TRG_COM_TIM17_IRQHandler
                0x08001104                FDCAN2_IT1_IRQHandler
                0x08001104                DMA1_Channel3_IRQHandler
                0x08001104                WWDG_IRQHandler
                0x08001104                FDCAN2_IT0_IRQHandler
                0x08001104                LPUART1_IRQHandler
                0x08001104                DMA2_Channel6_IRQHandler
                0x08001104                FDCAN1_IT0_IRQHandler
                0x08001104                TIM2_IRQHandler
                0x08001104                COMP1_2_3_IRQHandler
                0x08001104                EXTI1_IRQHandler
                0x08001104                USART2_IRQHandler
                0x08001104                TIM20_BRK_IRQHandler
                0x08001104                I2C2_ER_IRQHandler
                0x08001104                DMA1_Channel2_IRQHandler
                0x08001104                TIM8_BRK_IRQHandler
                0x08001104                FLASH_IRQHandler
                0x08001104                TIM20_CC_IRQHandler
                0x08001104                USART1_IRQHandler
                0x08001104                SPI3_IRQHandler
                0x08001104                I2C1_ER_IRQHandler
                0x08001104                LPTIM1_IRQHandler
                0x08001104                DMAMUX_OVR_IRQHandler
                0x08001104                USBWakeUp_IRQHandler
                0x08001104                SAI1_IRQHandler
                0x08001104                DMA2_Channel3_IRQHandler
                0x08001104                COMP4_IRQHandler
                0x08001104                TIM1_BRK_TIM15_IRQHandler
 .text._Znwj    0x08001106       0x22 c:/Users/aniru.000/AppData/Roaming/Code/User/globalStorage/bmd.stm32-for-vscode/@xpack-dev-tools/arm-none-eabi-gcc/15.2.1-1.1.1/.content/bin/../lib/gcc/arm-none-eabi/15.2.1/../../../../arm-none-eabi/lib/thumb/v7e-m+fp/hard\libstdc++_nano.a(new_op.o)
                0x08001106                operator new(unsigned int)
 .text._ZSt15get_new_handlerv
                0x08001128       0x10 c:/Users/aniru.000/AppData/Roaming/Code/User/globalStorage/bmd.stm32-for-vscode/@xpack-dev-tools/arm-none-eabi-gcc/15.2.1-1.1.1/.content/bin/../lib/gcc/arm-none-eabi/15.2.1/../../../../arm-none-eabi/lib/thumb/v7e-m+fp/hard\libstdc++_nano.a(new_handler.o)
                0x08001128                std::get_new_handler()
 .text.abort    0x08001138        0xe c:/Users/aniru.000/AppData/Roaming/Code/User/globalStorage/bmd.stm32-for-vscode/@xpack-dev-tools/arm-none-eabi-gcc/15.2.1-1.1.1/.content/bin/../lib/gcc/arm-none-eabi/15.2.1/../../../../arm-none-eabi/lib/thumb/v7e-m+fp/hard\libc_nano.a(libc_a-abort.o)
                0x08001138                abort
 *fill*         0x08001146        0x2 
 .text.malloc   0x08001148       0x10 c:/Users/aniru.000/AppData/Roaming/Code/User/globalStorage/bmd.stm32-for-vscode/@xpack-dev-tools/arm-none-eabi-gcc/15.2.1-1.1.1/.content/bin/../lib/gcc/arm-none-eabi/15.2.1/../../../../arm-none-eabi/lib/thumb/v7e-m+fp/hard\libc_nano.a(libc_a-malloc.o)
                0x08001148                malloc
 .text.sbrk_aligned
                0x08001158       0x44 c:/Users/aniru.000/AppData/Roaming/Code/User/globalStorage/bmd.stm32-for-vscode/@xpack-dev-tools/arm-none-eabi-gcc/15.2.1-1.1.1/.content/bin/../lib/gcc/arm-none-eabi/15.2.1/../../../../arm-none-eabi/lib/thumb/v7e-m+fp/hard\libc_nano.a(libc_a-mallocr.o)
 .text._malloc_r
                0x0800119c       0xf8 c:/Users/aniru.000/AppData/Roaming/Code/User/globalStorage/bmd.stm32-for-vscode/@xpack-dev-tools/arm-none-eabi-gcc/15.2.1-1.1.1/.content/bin/../lib/gcc/arm-none-eabi/15.2.1/../../../../arm-none-eabi/lib/thumb/v7e-m+fp/hard\libc_nano.a(libc_a-mallocr.o)
                0x0800119c                _malloc_r
 .text.__malloc_lock
                0x08001294        0xc c:/Users/aniru.000/AppData/Roaming/Code/User/globalStorage/bmd.stm32-for-vscode/@xpack-dev-tools/arm-none-eabi-gcc/15.2.1-1.1.1/.content/bin/../lib/gcc/arm-none-eabi/15.2.1/../../../../arm-none-eabi/lib/thumb/v7e-m+fp/hard\libc_nano.a(libc_a-mlock.o)
                0x08001294                __malloc_lock
 .text.__malloc_unlock
                0x080012a0        0xc c:/Users/aniru.000/AppData/Roaming/Code/User/globalStorage/bmd.stm32-for-vscode/@xpack-dev-tools/arm-none-eabi-gcc/15.2.1-1.1.1/.content/bin/../lib/gcc/arm-none-eabi/15.2.1/../../../../arm-none-eabi/lib/thumb/v7e-m+fp/hard\libc_nano.a(libc_a-mlock.o)
                0x080012a0                __malloc_unlock
 .text.memset   0x080012ac       0x10 c:/Users/aniru.000/AppData/Roaming/Code/User/globalStorage/bmd.stm32-for-vscode/@xpack-dev-tools/arm-none-eabi-gcc/15.2.1-1.1.1/.content/bin/../lib/gcc/arm-none-eabi/15.2.1/../../../../arm-none-eabi/lib/thumb/v7e-m+fp/hard\libc_nano.a(libc_a-memset.o)
                0x080012ac                memset
 .text._raise_r
                0x080012bc       0x50 c:/Users/aniru.000/AppData/Roaming/Code/User/globalStorage/bmd.stm32-for-vscode/@xpack-dev-tools/arm-none-eabi-gcc/15.2.1-1.1.1/.content/bin/../lib/gcc/arm-none-eabi/15.2.1/../../../../arm-none-eabi/lib/thumb/v7e-m+fp/hard\libc_nano.a(libc_a-signal.o)
                0x080012bc                _raise_r
 .text.raise    0x0800130c       0x10 c:/Users/aniru.000/AppData/Roaming/Code/User/globalStorage/bmd.stm32-for-vscode/@xpack-dev-tools/arm-none-eabi-gcc/15.2.1-1.1.1/.content/bin/../lib/gcc/arm-none-eabi/15.2.1/../../../../arm-none-eabi/lib/thumb/v7e-m+fp/hard\libc_nano.a(libc_a-signal.o)
                0x0800130c                raise
 .text._kill_r  0x0800131c       0x24 c:/Users/aniru.000/AppData/Roaming/Code/User/globalStorage/bmd.stm32-for-vscode/@xpack-dev-tools/arm-none-eabi-gcc/15.2.1-1.1.1/.content/bin/../lib/gcc/arm-none-eabi/15.2.1/../../../../arm-none-eabi/lib/thumb/v7e-m+fp/hard\libc_nano.a(libc_a-signalr.o)
                0x0800131c                _kill_r
 .text._getpid_r
                0x08001340        0x4 c:/Users/aniru.000/AppData/Roaming/Code/User/globalStorage/bmd.stm32-for-vscode/@xpack-dev-tools/arm-none-eabi-gcc/15.2.1-1.1.1/.content/bin/../lib/gcc/arm-none-eabi/15.2.1/../../../../arm-none-eabi/lib/thumb/v7e-m+fp/hard\libc_nano.a(libc_a-signalr.o)
                0x08001340                _getpid_r
 .text._sbrk_r  0x08001344       0x20 c:/Users/aniru.000/AppData/Roaming/Code/User/globalStorage/bmd.stm32-for-vscode/@xpack-dev-tools/arm-none-eabi-gcc/15.2.1-1.1.1/.content/bin/../lib/gcc/arm-none-eabi/15.2.1/../../../../arm-none-eabi/lib/thumb/v7e-m+fp/hard\libc_nano.a(libc_a-sbrkr.o)
                0x08001344                _sbrk_r
 .text.__errno  0x08001364        0xc c:/Users/aniru.000/AppData/Roaming/Code/User/globalStorage/bmd.stm32-for-vscode/@xpack-dev-tools/arm-none-eabi-gcc/15.2.1-1.1.1/.content/bin/../lib/gcc/arm-none-eabi/15.2.1/../../../../arm-none-eabi/lib/thumb/v7e-m+fp/hard\libc_nano.a(libc_a-errno.o)
                0x08001364                __errno
 .text.__libc_init_array
                0x08001370       0x48 c:/Users/aniru.000/AppData/Roaming/Code/User/globalStorage/bmd.stm32-for-vscode/@xpack-dev-tools/arm-none-eabi-gcc/15.2.1-1.1.1/.content/bin/../lib/gcc/arm-none-eabi/15.2.1/../../../../arm-none-eabi/lib/thumb/v7e-m+fp/hard\libc_nano.a(libc_a-init.o)
                0x08001370                __libc_init_array
 .text.__retarget_lock_acquire_recursive
                0x080013b8        0x2 c:/Users/aniru.000/AppData/Roaming/Code/User/globalStorage/bmd.stm32-for-vscode/@xpack-dev-tools/arm-none-eabi-gcc/15.2.1-1.1.1/.content/bin/../lib/gcc/arm-none-eabi/15.2.1/../../../../arm-none-eabi/lib/thumb/v7e-m+fp/hard\libc_nano.a(libc_a-lock.o)
                0x080013b8                __retarget_lock_acquire_recursive
 .text.__retarget_lock_release_recursive
                0x080013ba        0x2 c:/Users/aniru.000/AppData/Roaming/Code/User/globalStorage/bmd.stm32-for-vscode/@xpack-dev-tools/arm-none-eabi-gcc/15.2.1-1.1.1/.content/bin/../lib/gcc/arm-none-eabi/15.2.1/../../../../arm-none-eabi/lib/thumb/v7e-m+fp/hard\libc_nano.a(libc_a-lock.o)
                0x080013ba                __retarget_lock_release_recursive
 *(.glue_7)
 .glue_7        0x080013bc        0x0 linker stubs
 *(.glue_7t)
 .glue_7t       0x080013bc        0x0 linker stubs
 *(.eh_frame)
 .eh_frame      0x080013bc        0x0 c:/Users/aniru.000/AppData/Roaming/Code/User/globalStorage/bmd.stm32-for-vscode/@xpack-dev-tools/arm-none-eabi-gcc/15.2.1-1.1.1/.content/bin/../lib/gcc/arm-none-eabi/15.2.1/thumb/v7e-m+fp/hard/crtbegin.o
 *(.init)
 .init          0x080013bc        0x4 c:/Users/aniru.000/AppData/Roaming/Code/User/globalStorage/bmd.stm32-for-vscode/@xpack-dev-tools/arm-none-eabi-gcc/15.2.1-1.1.1/.content/bin/../lib/gcc/arm-none-eabi/15.2.1/thumb/v7e-m+fp/hard/crti.o
                0x080013bc                _init
 .init          0x080013c0        0x8 c:/Users/aniru.000/AppData/Roaming/Code/User/globalStorage/bmd.stm32-for-vscode/@xpack-dev-tools/arm-none-eabi-gcc/15.2.1-1.1.1/.content/bin/../lib/gcc/arm-none-eabi/15.2.1/thumb/v7e-m+fp/hard/crtn.o
 *(.fini)
 .fini          0x080013c8        0x4 c:/Users/aniru.000/AppData/Roaming/Code/User/globalStorage/bmd.stm32-for-vscode/@xpack-dev-tools/arm-none-eabi-gcc/15.2.1-1.1.1/.content/bin/../lib/gcc/arm-none-eabi/15.2.1/thumb/v7e-m+fp/hard/crti.o
                0x080013c8                _fini
 .fini          0x080013cc        0x8 c:/Users/aniru.000/AppData/Roaming/Code/User/globalStorage/bmd.stm32-for-vscode/@xpack-dev-tools/arm-none-eabi-gcc/15.2.1-1.1.1/.content/bin/../lib/gcc/arm-none-eabi/15.2.1/thumb/v7e-m+fp/hard/crtn.o
                0x080013d4                        . = ALIGN (0x4)
                0x080013d4                        _etext = .

.vfp11_veneer   0x080013d4        0x0
 .vfp11_veneer  0x080013d4        0x0 linker stubs

.v4_bx          0x080013d4        0x0
 .v4_bx         0x080013d4        0x0 linker stubs

.iplt           0x080013d4        0x0
 .iplt          0x080013d4        0x0 c:/Users/aniru.000/AppData/Roaming/Code/User/globalStorage/bmd.stm32-for-vscode/@xpack-dev-tools/arm-none-eabi-gcc/15.2.1-1.1.1/.content/bin/../lib/gcc/arm-none-eabi/15.2.1/thumb/v7e-m+fp/hard/crtbegin.o

.rodata         0x080013d4       0x10
                0x080013d4                        . = ALIGN (0x4)
 *(.rodata)
 *(.rodata*)
 .rodata.AHBPrescTable
                0x080013d4       0x10 build/release/system_stm32g4xx.o
                0x080013d4                AHBPrescTable
                0x080013e4                        . = ALIGN (0x4)

.ARM.extab      0x080013e4        0x0
                0x080013e4                        . = ALIGN (0x4)
 *(.ARM.extab* .gnu.linkonce.armextab.*)
                0x080013e4                        . = ALIGN (0x4)

.ARM            0x080013e4        0x0
                0x080013e4                        . = ALIGN (0x4)
                0x080013e4                        __exidx_start = .
 *(.ARM.exidx*)
                0x080013e4                        __exidx_end = .
                0x080013e4                        . = ALIGN (0x4)

.preinit_array  0x080013e4        0x0
                0x080013e4                        . = ALIGN (0x4)
                0x080013e4                        PROVIDE (__preinit_array_start = .)
 *(.preinit_array*)
                0x080013e4                        PROVIDE (__preinit_array_end = .)
                0x080013e4                        . = ALIGN (0x4)

.init_array     0x080013e4        0x4
                0x080013e4                        . = ALIGN (0x4)
                0x080013e4                        PROVIDE (__init_array_start = .)
 *(SORT_BY_NAME(.init_array.*))
 *(.init_array*)
 .init_array    0x080013e4        0x4 c:/Users/aniru.000/AppData/Roaming/Code/User/globalStorage/bmd.stm32-for-vscode/@xpack-dev-tools/arm-none-eabi-gcc/15.2.1-1.1.1/.content/bin/../lib/gcc/arm-none-eabi/15.2.1/thumb/v7e-m+fp/hard/crtbegin.o
                0x080013e8                        PROVIDE (__init_array_end = .)
                0x080013e8                        . = ALIGN (0x4)

.fini_array     0x080013e8        0x4
                0x080013e8                        . = ALIGN (0x4)
                0x080013e8                        PROVIDE (__fini_array_start = .)
 *(SORT_BY_NAME(.fini_array.*))
 *(.fini_array*)
 .fini_array    0x080013e8        0x4 c:/Users/aniru.000/AppData/Roaming/Code/User/globalStorage/bmd.stm32-for-vscode/@xpack-dev-tools/arm-none-eabi-gcc/15.2.1-1.1.1/.content/bin/../lib/gcc/arm-none-eabi/15.2.1/thumb/v7e-m+fp/hard/crtbegin.o
                0x080013ec                        PROVIDE (__fini_array_end = .)
                0x080013ec                        . = ALIGN (0x4)
                0x080013ec                        _sidata = LOADADDR (.data)

.rel.dyn        0x080013ec        0x0
 .rel.iplt      0x080013ec        0x0 c:/Users/aniru.000/AppData/Roaming/Code/User/globalStorage/bmd.stm32-for-vscode/@xpack-dev-tools/arm-none-eabi-gcc/15.2.1-1.1.1/.content/bin/../lib/gcc/arm-none-eabi/15.2.1/thumb/v7e-m+fp/hard/crtbegin.o

.data           0x20000000       0x5c load address 0x080013ec
                0x20000000                        . = ALIGN (0x4)
                0x20000000                        _sdata = .
 *(.data)
 *(.data*)
 .data.uwTickFreq
                0x20000000        0x4 build/release/stm32g4xx_hal.o
                0x20000000                uwTickFreq
 .data.uwTickPrio
                0x20000004        0x4 build/release/stm32g4xx_hal.o
                0x20000004                uwTickPrio
 .data.SystemCoreClock
                0x20000008        0x4 build/release/system_stm32g4xx.o
                0x20000008                SystemCoreClock
 .data._impure_ptr
                0x2000000c        0x4 c:/Users/aniru.000/AppData/Roaming/Code/User/globalStorage/bmd.stm32-for-vscode/@xpack-dev-tools/arm-none-eabi-gcc/15.2.1-1.1.1/.content/bin/../lib/gcc/arm-none-eabi/15.2.1/../../../../arm-none-eabi/lib/thumb/v7e-m+fp/hard\libc_nano.a(libc_a-impure.o)
                0x2000000c                _impure_ptr
 .data._impure_data
                0x20000010       0x4c c:/Users/aniru.000/AppData/Roaming/Code/User/globalStorage/bmd.stm32-for-vscode/@xpack-dev-tools/arm-none-eabi-gcc/15.2.1-1.1.1/.content/bin/../lib/gcc/arm-none-eabi/15.2.1/../../../../arm-none-eabi/lib/thumb/v7e-m+fp/hard\libc_nano.a(libc_a-impure.o)
                0x20000010                _impure_data
 *(.RamFunc)
 *(.RamFunc*)
                0x2000005c                        . = ALIGN (0x4)
                0x2000005c                        _edata = .

.igot.plt       0x2000005c        0x0 load address 0x08001448
 .igot.plt      0x2000005c        0x0 c:/Users/aniru.000/AppData/Roaming/Code/User/globalStorage/bmd.stm32-for-vscode/@xpack-dev-tools/arm-none-eabi-gcc/15.2.1-1.1.1/.content/bin/../lib/gcc/arm-none-eabi/15.2.1/thumb/v7e-m+fp/hard/crtbegin.o
                0x2000005c                        . = ALIGN (0x4)

.bss            0x2000005c      0x174 load address 0x08001448
                0x2000005c                        _sbss = .
                0x2000005c                        __bss_start__ = _sbss
 *(.bss)
 *(.bss*)
 .bss.completed.1
                0x2000005c        0x1 c:/Users/aniru.000/AppData/Roaming/Code/User/globalStorage/bmd.stm32-for-vscode/@xpack-dev-tools/arm-none-eabi-gcc/15.2.1-1.1.1/.content/bin/../lib/gcc/arm-none-eabi/15.2.1/thumb/v7e-m+fp/hard/crtbegin.o
 *fill*         0x2000005d        0x3 
 .bss.object.0  0x20000060       0x18 c:/Users/aniru.000/AppData/Roaming/Code/User/globalStorage/bmd.stm32-for-vscode/@xpack-dev-tools/arm-none-eabi-gcc/15.2.1-1.1.1/.content/bin/../lib/gcc/arm-none-eabi/15.2.1/thumb/v7e-m+fp/hard/crtbegin.o
 .bss.uwTick    0x20000078        0x4 build/release/stm32g4xx_hal.o
                0x20000078                uwTick
 .bss.__sbrk_heap_end
                0x2000007c        0x4 build/release/sysmem.o
 .bss.bm        0x20000080        0x4 build/release/main.o
                0x20000080                bm
 .bss._ZN12_GLOBAL__N_1L13__new_handlerE
                0x20000084        0x4 c:/Users/aniru.000/AppData/Roaming/Code/User/globalStorage/bmd.stm32-for-vscode/@xpack-dev-tools/arm-none-eabi-gcc/15.2.1-1.1.1/.content/bin/../lib/gcc/arm-none-eabi/15.2.1/../../../../arm-none-eabi/lib/thumb/v7e-m+fp/hard\libstdc++_nano.a(new_handler.o)
 .bss.__malloc_sbrk_start
                0x20000088        0x4 c:/Users/aniru.000/AppData/Roaming/Code/User/globalStorage/bmd.stm32-for-vscode/@xpack-dev-tools/arm-none-eabi-gcc/15.2.1-1.1.1/.content/bin/../lib/gcc/arm-none-eabi/15.2.1/../../../../arm-none-eabi/lib/thumb/v7e-m+fp/hard\libc_nano.a(libc_a-mallocr.o)
                0x20000088                __malloc_sbrk_start
 .bss.__malloc_free_list
                0x2000008c        0x4 c:/Users/aniru.000/AppData/Roaming/Code/User/globalStorage/bmd.stm32-for-vscode/@xpack-dev-tools/arm-none-eabi-gcc/15.2.1-1.1.1/.content/bin/../lib/gcc/arm-none-eabi/15.2.1/../../../../arm-none-eabi/lib/thumb/v7e-m+fp/hard\libc_nano.a(libc_a-mallocr.o)
                0x2000008c                __malloc_free_list
 .bss.__sf      0x20000090      0x138 c:/Users/aniru.000/AppData/Roaming/Code/User/globalStorage/bmd.stm32-for-vscode/@xpack-dev-tools/arm-none-eabi-gcc/15.2.1-1.1.1/.content/bin/../lib/gcc/arm-none-eabi/15.2.1/../../../../arm-none-eabi/lib/thumb/v7e-m+fp/hard\libc_nano.a(libc_a-findfp.o)
                0x20000090                __sf
 .bss.errno     0x200001c8        0x4 c:/Users/aniru.000/AppData/Roaming/Code/User/globalStorage/bmd.stm32-for-vscode/@xpack-dev-tools/arm-none-eabi-gcc/15.2.1-1.1.1/.content/bin/../lib/gcc/arm-none-eabi/15.2.1/../../../../arm-none-eabi/lib/thumb/v7e-m+fp/hard\libc_nano.a(libc_a-reent.o)
                0x200001c8                errno
 .bss.__lock___malloc_recursive_mutex
                0x200001cc        0x1 c:/Users/aniru.000/AppData/Roaming/Code/User/globalStorage/bmd.stm32-for-vscode/@xpack-dev-tools/arm-none-eabi-gcc/15.2.1-1.1.1/.content/bin/../lib/gcc/arm-none-eabi/15.2.1/../../../../arm-none-eabi/lib/thumb/v7e-m+fp/hard\libc_nano.a(libc_a-lock.o)
                0x200001cc                __lock___malloc_recursive_mutex
 *(COMMON)
                0x200001d0                        . = ALIGN (0x4)
 *fill*         0x200001cd        0x3 
                0x200001d0                        _ebss = .
                0x200001d0                        __bss_end__ = _ebss

._user_heap_stack
                0x200001d0      0x600 load address 0x08001448
                0x200001d0                        . = ALIGN (0x8)
                [!provide]                        PROVIDE (end = .)
                0x200001d0                        PROVIDE (_end = .)
                0x200003d0                        . = (. + _Min_Heap_Size)
 *fill*         0x200001d0      0x200 
                0x200007d0                        . = (. + _Min_Stack_Size)
 *fill*         0x200003d0      0x400 
                0x200007d0                        . = ALIGN (0x8)

/DISCARD/
 libc.a(*)
 libm.a(*)
 libgcc.a(*)

.ARM.attributes
                0x00000000       0x30
 *(.ARM.attributes)
 .ARM.attributes
                0x00000000       0x22 c:/Users/aniru.000/AppData/Roaming/Code/User/globalStorage/bmd.stm32-for-vscode/@xpack-dev-tools/arm-none-eabi-gcc/15.2.1-1.1.1/.content/bin/../lib/gcc/arm-none-eabi/15.2.1/thumb/v7e-m+fp/hard/crti.o
 .ARM.attributes
                0x00000022       0x34 c:/Users/aniru.000/AppData/Roaming/Code/User/globalStorage/bmd.stm32-for-vscode/@xpack-dev-tools/arm-none-eabi-gcc/15.2.1-1.1.1/.content/bin/../lib/gcc/arm-none-eabi/15.2.1/thumb/v7e-m+fp/hard/crtbegin.o
 .ARM.attributes
                0x00000056       0x34 build/release/gpio.o
 .ARM.attributes
                0x0000008a       0x34 build/release/stm32g4xx_hal.o
 .ARM.attributes
                0x000000be       0x34 build/release/stm32g4xx_hal_cortex.o
 .ARM.attributes
                0x000000f2       0x34 build/release/stm32g4xx_hal_gpio.o
 .ARM.attributes
                0x00000126       0x34 build/release/stm32g4xx_hal_msp.o
 .ARM.attributes
                0x0000015a       0x34 build/release/stm32g4xx_hal_pwr_ex.o
 .ARM.attributes
                0x0000018e       0x34 build/release/stm32g4xx_hal_rcc.o
 .ARM.attributes
                0x000001c2       0x34 build/release/stm32g4xx_it.o
 .ARM.attributes
                0x000001f6       0x34 build/release/syscalls.o
 .ARM.attributes
                0x0000022a       0x34 build/release/sysmem.o
 .ARM.attributes
                0x0000025e       0x34 build/release/system_stm32g4xx.o
 .ARM.attributes
                0x00000292       0x34 build/release/BoardManager.o
 .ARM.attributes
                0x000002c6       0x34 build/release/BoardManagerWrapper.o
 .ARM.attributes
                0x000002fa       0x34 build/release/IOPin.o
 .ARM.attributes
                0x0000032e       0x34 build/release/IOPinwrapper.o
 .ARM.attributes
                0x00000362       0x34 build/release/main.o
 .ARM.attributes
                0x00000396       0x21 build/release/startup_stm32g491vetx.o
 .ARM.attributes
                0x000003b7       0x34 c:/Users/aniru.000/AppData/Roaming/Code/User/globalStorage/bmd.stm32-for-vscode/@xpack-dev-tools/arm-none-eabi-gcc/15.2.1-1.1.1/.content/bin/../lib/gcc/arm-none-eabi/15.2.1/../../../../arm-none-eabi/lib/thumb/v7e-m+fp/hard\libstdc++_nano.a(new_op.o)
 .ARM.attributes
                0x000003eb       0x34 c:/Users/aniru.000/AppData/Roaming/Code/User/globalStorage/bmd.stm32-for-vscode/@xpack-dev-tools/arm-none-eabi-gcc/15.2.1-1.1.1/.content/bin/../lib/gcc/arm-none-eabi/15.2.1/../../../../arm-none-eabi/lib/thumb/v7e-m+fp/hard\libstdc++_nano.a(new_handler.o)
 .ARM.attributes
                0x0000041f       0x34 c:/Users/aniru.000/AppData/Roaming/Code/User/globalStorage/bmd.stm32-for-vscode/@xpack-dev-tools/arm-none-eabi-gcc/15.2.1-1.1.1/.content/bin/../lib/gcc/arm-none-eabi/15.2.1/../../../../arm-none-eabi/lib/thumb/v7e-m+fp/hard\libc_nano.a(libc_a-abort.o)
 .ARM.attributes
                0x00000453       0x34 c:/Users/aniru.000/AppData/Roaming/Code/User/globalStorage/bmd.stm32-for-vscode/@xpack-dev-tools/arm-none-eabi-gcc/15.2.1-1.1.1/.content/bin/../lib/gcc/arm-none-eabi/15.2.1/../../../../arm-none-eabi/lib/thumb/v7e-m+fp/hard\libc_nano.a(libc_a-malloc.o)
 .ARM.attributes
                0x00000487       0x34 c:/Users/aniru.000/AppData/Roaming/Code/User/globalStorage/bmd.stm32-for-vscode/@xpack-dev-tools/arm-none-eabi-gcc/15.2.1-1.1.1/.content/bin/../lib/gcc/arm-none-eabi/15.2.1/../../../../arm-none-eabi/lib/thumb/v7e-m+fp/hard\libc_nano.a(libc_a-mallocr.o)
 .ARM.attributes
                0x000004bb       0x34 c:/Users/aniru.000/AppData/Roaming/Code/User/globalStorage/bmd.stm32-for-vscode/@xpack-dev-tools/arm-none-eabi-gcc/15.2.1-1.1.1/.content/bin/../lib/gcc/arm-none-eabi/15.2.1/../../../../arm-none-eabi/lib/thumb/v7e-m+fp/hard\libc_nano.a(libc_a-mlock.o)
 .ARM.attributes
                0x000004ef       0x34 c:/Users/aniru.000/AppData/Roaming/Code/User/globalStorage/bmd.stm32-for-vscode/@xpack-dev-tools/arm-none-eabi-gcc/15.2.1-1.1.1/.content/bin/../lib/gcc/arm-none-eabi/15.2.1/../../../../arm-none-eabi/lib/thumb/v7e-m+fp/hard\libc_nano.a(libc_a-findfp.o)
 .ARM.attributes
                0x00000523       0x34 c:/Users/aniru.000/AppData/Roaming/Code/User/globalStorage/bmd.stm32-for-vscode/@xpack-dev-tools/arm-none-eabi-gcc/15.2.1-1.1.1/.content/bin/../lib/gcc/arm-none-eabi/15.2.1/../../../../arm-none-eabi/lib/thumb/v7e-m+fp/hard\libc_nano.a(libc_a-memset.o)
 .ARM.attributes
                0x00000557       0x34 c:/Users/aniru.000/AppData/Roaming/Code/User/globalStorage/bmd.stm32-for-vscode/@xpack-dev-tools/arm-none-eabi-gcc/15.2.1-1.1.1/.content/bin/../lib/gcc/arm-none-eabi/15.2.1/../../../../arm-none-eabi/lib/thumb/v7e-m+fp/hard\libc_nano.a(libc_a-signal.o)
 .ARM.attributes
                0x0000058b       0x34 c:/Users/aniru.000/AppData/Roaming/Code/User/globalStorage/bmd.stm32-for-vscode/@xpack-dev-tools/arm-none-eabi-gcc/15.2.1-1.1.1/.content/bin/../lib/gcc/arm-none-eabi/15.2.1/../../../../arm-none-eabi/lib/thumb/v7e-m+fp/hard\libc_nano.a(libc_a-reent.o)
 .ARM.attributes
                0x000005bf       0x34 c:/Users/aniru.000/AppData/Roaming/Code/User/globalStorage/bmd.stm32-for-vscode/@xpack-dev-tools/arm-none-eabi-gcc/15.2.1-1.1.1/.content/bin/../lib/gcc/arm-none-eabi/15.2.1/../../../../arm-none-eabi/lib/thumb/v7e-m+fp/hard\libc_nano.a(libc_a-impure.o)
 .ARM.attributes
                0x000005f3       0x34 c:/Users/aniru.000/AppData/Roaming/Code/User/globalStorage/bmd.stm32-for-vscode/@xpack-dev-tools/arm-none-eabi-gcc/15.2.1-1.1.1/.content/bin/../lib/gcc/arm-none-eabi/15.2.1/../../../../arm-none-eabi/lib/thumb/v7e-m+fp/hard\libc_nano.a(libc_a-signalr.o)
 .ARM.attributes
                0x00000627       0x34 c:/Users/aniru.000/AppData/Roaming/Code/User/globalStorage/bmd.stm32-for-vscode/@xpack-dev-tools/arm-none-eabi-gcc/15.2.1-1.1.1/.content/bin/../lib/gcc/arm-none-eabi/15.2.1/../../../../arm-none-eabi/lib/thumb/v7e-m+fp/hard\libc_nano.a(libc_a-sbrkr.o)
 .ARM.attributes
                0x0000065b       0x34 c:/Users/aniru.000/AppData/Roaming/Code/User/globalStorage/bmd.stm32-for-vscode/@xpack-dev-tools/arm-none-eabi-gcc/15.2.1-1.1.1/.content/bin/../lib/gcc/arm-none-eabi/15.2.1/../../../../arm-none-eabi/lib/thumb/v7e-m+fp/hard\libc_nano.a(libc_a-errno.o)
 .ARM.attributes
                0x0000068f       0x34 c:/Users/aniru.000/AppData/Roaming/Code/User/globalStorage/bmd.stm32-for-vscode/@xpack-dev-tools/arm-none-eabi-gcc/15.2.1-1.1.1/.content/bin/../lib/gcc/arm-none-eabi/15.2.1/../../../../arm-none-eabi/lib/thumb/v7e-m+fp/hard\libc_nano.a(libc_a-init.o)
 .ARM.attributes
                0x000006c3       0x34 c:/Users/aniru.000/AppData/Roaming/Code/User/globalStorage/bmd.stm32-for-vscode/@xpack-dev-tools/arm-none-eabi-gcc/15.2.1-1.1.1/.content/bin/../lib/gcc/arm-none-eabi/15.2.1/../../../../arm-none-eabi/lib/thumb/v7e-m+fp/hard\libc_nano.a(libc_a-lock.o)
 .ARM.attributes
                0x000006f7       0x22 c:/Users/aniru.000/AppData/Roaming/Code/User/globalStorage/bmd.stm32-for-vscode/@xpack-dev-tools/arm-none-eabi-gcc/15.2.1-1.1.1/.content/bin/../lib/gcc/arm-none-eabi/15.2.1/thumb/v7e-m+fp/hard/crtn.o
OUTPUT(build/release/Led.elf elf32-littlearm)
LOAD linker stubs
LOAD c:/Users/aniru.000/AppData/Roaming/Code/User/globalStorage/bmd.stm32-for-vscode/@xpack-dev-tools/arm-none-eabi-gcc/15.2.1-1.1.1/.content/bin/../lib/gcc/arm-none-eabi/15.2.1/../../../../arm-none-eabi/lib/thumb/v7e-m+fp/hard\libc.a
LOAD c:/Users/aniru.000/AppData/Roaming/Code/User/globalStorage/bmd.stm32-for-vscode/@xpack-dev-tools/arm-none-eabi-gcc/15.2.1-1.1.1/.content/bin/../lib/gcc/arm-none-eabi/15.2.1/../../../../arm-none-eabi/lib/thumb/v7e-m+fp/hard\libm.a
LOAD c:/Users/aniru.000/AppData/Roaming/Code/User/globalStorage/bmd.stm32-for-vscode/@xpack-dev-tools/arm-none-eabi-gcc/15.2.1-1.1.1/.content/bin/../lib/gcc/arm-none-eabi/15.2.1/thumb/v7e-m+fp/hard\libgcc.a

.comment        0x00000000       0x39
 .comment       0x00000000       0x39 c:/Users/aniru.000/AppData/Roaming/Code/User/globalStorage/bmd.stm32-for-vscode/@xpack-dev-tools/arm-none-eabi-gcc/15.2.1-1.1.1/.content/bin/../lib/gcc/arm-none-eabi/15.2.1/thumb/v7e-m+fp/hard/crtbegin.o
                                 0x3a (size before relaxing)
 .comment       0x00000039        0x0 build/release/gpio.o
                                 0x3a (size before relaxing)
 .comment       0x00000039        0x0 build/release/stm32g4xx_hal.o
                                 0x3a (size before relaxing)
 .comment       0x00000039        0x0 build/release/stm32g4xx_hal_cortex.o
                                 0x3a (size before relaxing)
 .comment       0x00000039        0x0 build/release/stm32g4xx_hal_gpio.o
                                 0x3a (size before relaxing)
 .comment       0x00000039        0x0 build/release/stm32g4xx_hal_msp.o
                                 0x3a (size before relaxing)
 .comment       0x00000039        0x0 build/release/stm32g4xx_hal_pwr_ex.o
                                 0x3a (size before relaxing)
 .comment       0x00000039        0x0 build/release/stm32g4xx_hal_rcc.o
                                 0x3a (size before relaxing)
 .comment       0x00000039        0x0 build/release/stm32g4xx_it.o
                                 0x3a (size before relaxing)
 .comment       0x00000039        0x0 build/release/syscalls.o
                                 0x3a (size before relaxing)
 .comment       0x00000039        0x0 build/release/sysmem.o
                                 0x3a (size before relaxing)
 .comment       0x00000039        0x0 build/release/system_stm32g4xx.o
                                 0x3a (size before relaxing)
 .comment       0x00000039        0x0 build/release/BoardManager.o
                                 0x3a (size before relaxing)
 .comment       0x00000039        0x0 build/release/BoardManagerWrapper.o
                                 0x3a (size before relaxing)
 .comment       0x00000039        0x0 build/release/IOPin.o
                                 0x3a (size before relaxing)
 .comment       0x00000039        0x0 build/release/IOPinwrapper.o
                                 0x3a (size before relaxing)
 .comment       0x00000039        0x0 build/release/main.o
                                 0x3a (size before relaxing)
 .comment       0x00000039        0x0 c:/Users/aniru.000/AppData/Roaming/Code/User/globalStorage/bmd.stm32-for-vscode/@xpack-dev-tools/arm-none-eabi-gcc/15.2.1-1.1.1/.content/bin/../lib/gcc/arm-none-eabi/15.2.1/../../../../arm-none-eabi/lib/thumb/v7e-m+fp/hard\libstdc++_nano.a(new_op.o)
                                 0x3a (size before relaxing)
 .comment       0x00000039        0x0 c:/Users/aniru.000/AppData/Roaming/Code/User/globalStorage/bmd.stm32-for-vscode/@xpack-dev-tools/arm-none-eabi-gcc/15.2.1-1.1.1/.content/bin/../lib/gcc/arm-none-eabi/15.2.1/../../../../arm-none-eabi/lib/thumb/v7e-m+fp/hard\libstdc++_nano.a(new_handler.o)
                                 0x3a (size before relaxing)
 .comment       0x00000039        0x0 c:/Users/aniru.000/AppData/Roaming/Code/User/globalStorage/bmd.stm32-for-vscode/@xpack-dev-tools/arm-none-eabi-gcc/15.2.1-1.1.1/.content/bin/../lib/gcc/arm-none-eabi/15.2.1/../../../../arm-none-eabi/lib/thumb/v7e-m+fp/hard\libc_nano.a(libc_a-abort.o)
                                 0x3a (size before relaxing)
 .comment       0x00000039        0x0 c:/Users/aniru.000/AppData/Roaming/Code/User/globalStorage/bmd.stm32-for-vscode/@xpack-dev-tools/arm-none-eabi-gcc/15.2.1-1.1.1/.content/bin/../lib/gcc/arm-none-eabi/15.2.1/../../../../arm-none-eabi/lib/thumb/v7e-m+fp/hard\libc_nano.a(libc_a-malloc.o)
                                 0x3a (size before relaxing)
 .comment       0x00000039        0x0 c:/Users/aniru.000/AppData/Roaming/Code/User/globalStorage/bmd.stm32-for-vscode/@xpack-dev-tools/arm-none-eabi-gcc/15.2.1-1.1.1/.content/bin/../lib/gcc/arm-none-eabi/15.2.1/../../../../arm-none-eabi/lib/thumb/v7e-m+fp/hard\libc_nano.a(libc_a-mallocr.o)
                                 0x3a (size before relaxing)
 .comment       0x00000039        0x0 c:/Users/aniru.000/AppData/Roaming/Code/User/globalStorage/bmd.stm32-for-vscode/@xpack-dev-tools/arm-none-eabi-gcc/15.2.1-1.1.1/.content/bin/../lib/gcc/arm-none-eabi/15.2.1/../../../../arm-none-eabi/lib/thumb/v7e-m+fp/hard\libc_nano.a(libc_a-mlock.o)
                                 0x3a (size before relaxing)
 .comment       0x00000039        0x0 c:/Users/aniru.000/AppData/Roaming/Code/User/globalStorage/bmd.stm32-for-vscode/@xpack-dev-tools/arm-none-eabi-gcc/15.2.1-1.1.1/.content/bin/../lib/gcc/arm-none-eabi/15.2.1/../../../../arm-none-eabi/lib/thumb/v7e-m+fp/hard\libc_nano.a(libc_a-findfp.o)
                                 0x3a (size before relaxing)
 .comment       0x00000039        0x0 c:/Users/aniru.000/AppData/Roaming/Code/User/globalStorage/bmd.stm32-for-vscode/@xpack-dev-tools/arm-none-eabi-gcc/15.2.1-1.1.1/.content/bin/../lib/gcc/arm-none-eabi/15.2.1/../../../../arm-none-eabi/lib/thumb/v7e-m+fp/hard\libc_nano.a(libc_a-memset.o)
                                 0x3a (size before relaxing)
 .comment       0x00000039        0x0 c:/Users/aniru.000/AppData/Roaming/Code/User/globalStorage/bmd.stm32-for-vscode/@xpack-dev-tools/arm-none-eabi-gcc/15.2.1-1.1.1/.content/bin/../lib/gcc/arm-none-eabi/15.2.1/../../../../arm-none-eabi/lib/thumb/v7e-m+fp/hard\libc_nano.a(libc_a-signal.o)
                                 0x3a (size before relaxing)
 .comment       0x00000039        0x0 c:/Users/aniru.000/AppData/Roaming/Code/User/globalStorage/bmd.stm32-for-vscode/@xpack-dev-tools/arm-none-eabi-gcc/15.2.1-1.1.1/.content/bin/../lib/gcc/arm-none-eabi/15.2.1/../../../../arm-none-eabi/lib/thumb/v7e-m+fp/hard\libc_nano.a(libc_a-reent.o)
                                 0x3a (size before relaxing)
 .comment       0x00000039        0x0 c:/Users/aniru.000/AppData/Roaming/Code/User/globalStorage/bmd.stm32-for-vscode/@xpack-dev-tools/arm-none-eabi-gcc/15.2.1-1.1.1/.content/bin/../lib/gcc/arm-none-eabi/15.2.1/../../../../arm-none-eabi/lib/thumb/v7e-m+fp/hard\libc_nano.a(libc_a-impure.o)
                                 0x3a (size before relaxing)
 .comment       0x00000039        0x0 c:/Users/aniru.000/AppData/Roaming/Code/User/globalStorage/bmd.stm32-for-vscode/@xpack-dev-tools/arm-none-eabi-gcc/15.2.1-1.1.1/.content/bin/../lib/gcc/arm-none-eabi/15.2.1/../../../../arm-none-eabi/lib/thumb/v7e-m+fp/hard\libc_nano.a(libc_a-signalr.o)
                                 0x3a (size before relaxing)
 .comment       0x00000039        0x0 c:/Users/aniru.000/AppData/Roaming/Code/User/globalStorage/bmd.stm32-for-vscode/@xpack-dev-tools/arm-none-eabi-gcc/15.2.1-1.1.1/.content/bin/../lib/gcc/arm-none-eabi/15.2.1/../../../../arm-none-eabi/lib/thumb/v7e-m+fp/hard\libc_nano.a(libc_a-sbrkr.o)
                                 0x3a (size before relaxing)
 .comment       0x00000039        0x0 c:/Users/aniru.000/AppData/Roaming/Code/User/globalStorage/bmd.stm32-for-vscode/@xpack-dev-tools/arm-none-eabi-gcc/15.2.1-1.1.1/.content/bin/../lib/gcc/arm-none-eabi/15.2.1/../../../../arm-none-eabi/lib/thumb/v7e-m+fp/hard\libc_nano.a(libc_a-errno.o)
                                 0x3a (size before relaxing)
 .comment       0x00000039        0x0 c:/Users/aniru.000/AppData/Roaming/Code/User/globalStorage/bmd.stm32-for-vscode/@xpack-dev-tools/arm-none-eabi-gcc/15.2.1-1.1.1/.content/bin/../lib/gcc/arm-none-eabi/15.2.1/../../../../arm-none-eabi/lib/thumb/v7e-m+fp/hard\libc_nano.a(libc_a-init.o)
                                 0x3a (size before relaxing)
 .comment       0x00000039        0x0 c:/Users/aniru.000/AppData/Roaming/Code/User/globalStorage/bmd.stm32-for-vscode/@xpack-dev-tools/arm-none-eabi-gcc/15.2.1-1.1.1/.content/bin/../lib/gcc/arm-none-eabi/15.2.1/../../../../arm-none-eabi/lib/thumb/v7e-m+fp/hard\libc_nano.a(libc_a-lock.o)
                                 0x3a (size before relaxing)

Cross Reference Table

Symbol                                            File
ADC1_2_IRQHandler                                 build/release/startup_stm32g491vetx.o
ADC3_IRQHandler                                   build/release/startup_stm32g491vetx.o
AHBPrescTable                                     build/release/system_stm32g4xx.o
                                                  build/release/stm32g4xx_hal_rcc.o
APBPrescTable                                     build/release/system_stm32g4xx.o
                                                  build/release/stm32g4xx_hal_rcc.o
BoardManager::BoardManager()                      build/release/BoardManager.o
                                                  build/release/BoardManagerWrapper.o
BoardManager::BoardManager()                      build/release/BoardManager.o
BoardManager::execute()                           build/release/BoardManager.o
                                                  build/release/BoardManagerWrapper.o
BusFault_Handler                                  build/release/stm32g4xx_it.o
COMP1_2_3_IRQHandler                              build/release/startup_stm32g491vetx.o
COMP4_IRQHandler                                  build/release/startup_stm32g491vetx.o
CORDIC_IRQHandler                                 build/release/startup_stm32g491vetx.o
CRS_IRQHandler                                    build/release/startup_stm32g491vetx.o
DMA1_Channel1_IRQHandler                          build/release/startup_stm32g491vetx.o
DMA1_Channel2_IRQHandler                          build/release/startup_stm32g491vetx.o
DMA1_Channel3_IRQHandler                          build/release/startup_stm32g491vetx.o
DMA1_Channel4_IRQHandler                          build/release/startup_stm32g491vetx.o
DMA1_Channel5_IRQHandler                          build/release/startup_stm32g491vetx.o
DMA1_Channel6_IRQHandler                          build/release/startup_stm32g491vetx.o
DMA1_Channel7_IRQHandler                          build/release/startup_stm32g491vetx.o
DMA1_Channel8_IRQHandler                          build/release/startup_stm32g491vetx.o
DMA2_Channel1_IRQHandler                          build/release/startup_stm32g491vetx.o
DMA2_Channel2_IRQHandler                          build/release/startup_stm32g491vetx.o
DMA2_Channel3_IRQHandler                          build/release/startup_stm32g491vetx.o
DMA2_Channel4_IRQHandler                          build/release/startup_stm32g491vetx.o
DMA2_Channel5_IRQHandler                          build/release/startup_stm32g491vetx.o
DMA2_Channel6_IRQHandler                          build/release/startup_stm32g491vetx.o
DMA2_Channel7_IRQHandler                          build/release/startup_stm32g491vetx.o
DMA2_Channel8_IRQHandler                          build/release/startup_stm32g491vetx.o
DMAMUX_OVR_IRQHandler                             build/release/startup_stm32g491vetx.o
DebugMon_Handler                                  build/release/stm32g4xx_it.o
Default_Handler                                   build/release/startup_stm32g491vetx.o
EXTI0_IRQHandler                                  build/release/startup_stm32g491vetx.o
EXTI15_10_IRQHandler                              build/release/startup_stm32g491vetx.o
EXTI1_IRQHandler                                  build/release/startup_stm32g491vetx.o
EXTI2_IRQHandler                                  build/release/startup_stm32g491vetx.o
EXTI3_IRQHandler                                  build/release/startup_stm32g491vetx.o
EXTI4_IRQHandler                                  build/release/startup_stm32g491vetx.o
EXTI9_5_IRQHandler                                build/release/startup_stm32g491vetx.o
Error_Handler                                     build/release/main.o
FDCAN1_IT0_IRQHandler                             build/release/startup_stm32g491vetx.o
FDCAN1_IT1_IRQHandler                             build/release/startup_stm32g491vetx.o
FDCAN2_IT0_IRQHandler                             build/release/startup_stm32g491vetx.o
FDCAN2_IT1_IRQHandler                             build/release/startup_stm32g491vetx.o
FLASH_FlushCaches                                 build/release/stm32g4xx_hal_flash_ex.o
                                                  build/release/stm32g4xx_hal_flash.o
FLASH_IRQHandler                                  build/release/startup_stm32g491vetx.o
FLASH_PageErase                                   build/release/stm32g4xx_hal_flash_ex.o
                                                  build/release/stm32g4xx_hal_flash.o
FLASH_WaitForLastOperation                        build/release/stm32g4xx_hal_flash.o
                                                  build/release/stm32g4xx_hal_flash_ex.o
FMAC_IRQHandler                                   build/release/startup_stm32g491vetx.o
FPU_IRQHandler                                    build/release/startup_stm32g491vetx.o
HAL_DBGMCU_DisableDBGSleepMode                    build/release/stm32g4xx_hal.o
HAL_DBGMCU_DisableDBGStandbyMode                  build/release/stm32g4xx_hal.o
HAL_DBGMCU_DisableDBGStopMode                     build/release/stm32g4xx_hal.o
HAL_DBGMCU_EnableDBGSleepMode                     build/release/stm32g4xx_hal.o
HAL_DBGMCU_EnableDBGStandbyMode                   build/release/stm32g4xx_hal.o
HAL_DBGMCU_EnableDBGStopMode                      build/release/stm32g4xx_hal.o
HAL_DMAEx_ConfigMuxRequestGenerator               build/release/stm32g4xx_hal_dma_ex.o
HAL_DMAEx_ConfigMuxSync                           build/release/stm32g4xx_hal_dma_ex.o
HAL_DMAEx_DisableMuxRequestGenerator              build/release/stm32g4xx_hal_dma_ex.o
HAL_DMAEx_EnableMuxRequestGenerator               build/release/stm32g4xx_hal_dma_ex.o
HAL_DMAEx_MUX_IRQHandler                          build/release/stm32g4xx_hal_dma_ex.o
HAL_DMA_Abort                                     build/release/stm32g4xx_hal_dma.o
HAL_DMA_Abort_IT                                  build/release/stm32g4xx_hal_dma.o
HAL_DMA_DeInit                                    build/release/stm32g4xx_hal_dma.o
HAL_DMA_GetError                                  build/release/stm32g4xx_hal_dma.o
HAL_DMA_GetState                                  build/release/stm32g4xx_hal_dma.o
HAL_DMA_IRQHandler                                build/release/stm32g4xx_hal_dma.o
HAL_DMA_Init                                      build/release/stm32g4xx_hal_dma.o
HAL_DMA_PollForTransfer                           build/release/stm32g4xx_hal_dma.o
HAL_DMA_RegisterCallback                          build/release/stm32g4xx_hal_dma.o
HAL_DMA_Start                                     build/release/stm32g4xx_hal_dma.o
HAL_DMA_Start_IT                                  build/release/stm32g4xx_hal_dma.o
HAL_DMA_UnRegisterCallback                        build/release/stm32g4xx_hal_dma.o
HAL_DeInit                                        build/release/stm32g4xx_hal.o
HAL_Delay                                         build/release/stm32g4xx_hal.o
                                                  build/release/main.o
HAL_EXTI_ClearConfigLine                          build/release/stm32g4xx_hal_exti.o
HAL_EXTI_ClearPending                             build/release/stm32g4xx_hal_exti.o
HAL_EXTI_GenerateSWI                              build/release/stm32g4xx_hal_exti.o
HAL_EXTI_GetConfigLine                            build/release/stm32g4xx_hal_exti.o
HAL_EXTI_GetHandle                                build/release/stm32g4xx_hal_exti.o
HAL_EXTI_GetPending                               build/release/stm32g4xx_hal_exti.o
HAL_EXTI_IRQHandler                               build/release/stm32g4xx_hal_exti.o
HAL_EXTI_RegisterCallback                         build/release/stm32g4xx_hal_exti.o
HAL_EXTI_SetConfigLine                            build/release/stm32g4xx_hal_exti.o
HAL_FLASHEx_DisableDebugger                       build/release/stm32g4xx_hal_flash_ex.o
HAL_FLASHEx_DisableRunPowerDown                   build/release/stm32g4xx_hal_flash_ramfunc.o
HAL_FLASHEx_EnableDebugger                        build/release/stm32g4xx_hal_flash_ex.o
HAL_FLASHEx_EnableRunPowerDown                    build/release/stm32g4xx_hal_flash_ramfunc.o
HAL_FLASHEx_EnableSecMemProtection                build/release/stm32g4xx_hal_flash_ex.o
HAL_FLASHEx_Erase                                 build/release/stm32g4xx_hal_flash_ex.o
HAL_FLASHEx_Erase_IT                              build/release/stm32g4xx_hal_flash_ex.o
HAL_FLASHEx_OBGetConfig                           build/release/stm32g4xx_hal_flash_ex.o
HAL_FLASHEx_OBProgram                             build/release/stm32g4xx_hal_flash_ex.o
HAL_FLASH_EndOfOperationCallback                  build/release/stm32g4xx_hal_flash.o
HAL_FLASH_GetError                                build/release/stm32g4xx_hal_flash.o
HAL_FLASH_IRQHandler                              build/release/stm32g4xx_hal_flash.o
HAL_FLASH_Lock                                    build/release/stm32g4xx_hal_flash.o
HAL_FLASH_OB_Launch                               build/release/stm32g4xx_hal_flash.o
HAL_FLASH_OB_Lock                                 build/release/stm32g4xx_hal_flash.o
HAL_FLASH_OB_Unlock                               build/release/stm32g4xx_hal_flash.o
HAL_FLASH_OperationErrorCallback                  build/release/stm32g4xx_hal_flash.o
HAL_FLASH_Program                                 build/release/stm32g4xx_hal_flash.o
HAL_FLASH_Program_IT                              build/release/stm32g4xx_hal_flash.o
HAL_FLASH_Unlock                                  build/release/stm32g4xx_hal_flash.o
HAL_GPIO_DeInit                                   build/release/stm32g4xx_hal_gpio.o
HAL_GPIO_EXTI_Callback                            build/release/stm32g4xx_hal_gpio.o
HAL_GPIO_EXTI_IRQHandler                          build/release/stm32g4xx_hal_gpio.o
HAL_GPIO_Init                                     build/release/stm32g4xx_hal_gpio.o
                                                  build/release/stm32g4xx_hal_rcc_ex.o
                                                  build/release/stm32g4xx_hal_rcc.o
                                                  build/release/gpio.o
HAL_GPIO_LockPin                                  build/release/stm32g4xx_hal_gpio.o
HAL_GPIO_ReadPin                                  build/release/stm32g4xx_hal_gpio.o
HAL_GPIO_TogglePin                                build/release/stm32g4xx_hal_gpio.o
                                                  build/release/IOPin.o
HAL_GPIO_WritePin                                 build/release/stm32g4xx_hal_gpio.o
                                                  build/release/gpio.o
HAL_GetDEVID                                      build/release/stm32g4xx_hal.o
HAL_GetHalVersion                                 build/release/stm32g4xx_hal.o
HAL_GetREVID                                      build/release/stm32g4xx_hal.o
HAL_GetTick                                       build/release/stm32g4xx_hal.o
                                                  build/release/stm32g4xx_hal_rcc_ex.o
                                                  build/release/stm32g4xx_hal_rcc.o
                                                  build/release/stm32g4xx_hal_flash.o
                                                  build/release/stm32g4xx_hal_dma.o
HAL_GetTickFreq                                   build/release/stm32g4xx_hal.o
HAL_GetTickPrio                                   build/release/stm32g4xx_hal.o
HAL_GetUIDw0                                      build/release/stm32g4xx_hal.o
HAL_GetUIDw1                                      build/release/stm32g4xx_hal.o
HAL_GetUIDw2                                      build/release/stm32g4xx_hal.o
HAL_IncTick                                       build/release/stm32g4xx_hal.o
                                                  build/release/stm32g4xx_it.o
HAL_Init                                          build/release/stm32g4xx_hal.o
                                                  build/release/main.o
HAL_InitTick                                      build/release/stm32g4xx_hal.o
                                                  build/release/stm32g4xx_hal_rcc.o
HAL_MPU_ConfigRegion                              build/release/stm32g4xx_hal_cortex.o
HAL_MPU_Disable                                   build/release/stm32g4xx_hal_cortex.o
HAL_MPU_DisableRegion                             build/release/stm32g4xx_hal_cortex.o
HAL_MPU_Enable                                    build/release/stm32g4xx_hal_cortex.o
HAL_MPU_EnableRegion                              build/release/stm32g4xx_hal_cortex.o
HAL_MspDeInit                                     build/release/stm32g4xx_hal.o
HAL_MspInit                                       build/release/stm32g4xx_hal_msp.o
                                                  build/release/stm32g4xx_hal.o
HAL_NVIC_ClearPendingIRQ                          build/release/stm32g4xx_hal_cortex.o
HAL_NVIC_DisableIRQ                               build/release/stm32g4xx_hal_cortex.o
HAL_NVIC_EnableIRQ                                build/release/stm32g4xx_hal_cortex.o
HAL_NVIC_GetActive                                build/release/stm32g4xx_hal_cortex.o
HAL_NVIC_GetPendingIRQ                            build/release/stm32g4xx_hal_cortex.o
HAL_NVIC_GetPriority                              build/release/stm32g4xx_hal_cortex.o
HAL_NVIC_GetPriorityGrouping                      build/release/stm32g4xx_hal_cortex.o
HAL_NVIC_SetPendingIRQ                            build/release/stm32g4xx_hal_cortex.o
HAL_NVIC_SetPriority                              build/release/stm32g4xx_hal_cortex.o
                                                  build/release/stm32g4xx_hal.o
HAL_NVIC_SetPriorityGrouping                      build/release/stm32g4xx_hal_cortex.o
                                                  build/release/stm32g4xx_hal.o
HAL_NVIC_SystemReset                              build/release/stm32g4xx_hal_cortex.o
HAL_PWREx_ConfigPVM                               build/release/stm32g4xx_hal_pwr_ex.o
HAL_PWREx_ControlVoltageScaling                   build/release/stm32g4xx_hal_pwr_ex.o
                                                  build/release/main.o
HAL_PWREx_DisableBatteryCharging                  build/release/stm32g4xx_hal_pwr_ex.o
HAL_PWREx_DisableGPIOPullDown                     build/release/stm32g4xx_hal_pwr_ex.o
HAL_PWREx_DisableGPIOPullUp                       build/release/stm32g4xx_hal_pwr_ex.o
HAL_PWREx_DisableInternalWakeUpLine               build/release/stm32g4xx_hal_pwr_ex.o
HAL_PWREx_DisableLowPowerRunMode                  build/release/stm32g4xx_hal_pwr_ex.o
                                                  build/release/stm32g4xx_hal_pwr.o
HAL_PWREx_DisablePVM1                             build/release/stm32g4xx_hal_pwr_ex.o
HAL_PWREx_DisablePVM2                             build/release/stm32g4xx_hal_pwr_ex.o
HAL_PWREx_DisablePVM3                             build/release/stm32g4xx_hal_pwr_ex.o
HAL_PWREx_DisablePVM4                             build/release/stm32g4xx_hal_pwr_ex.o
HAL_PWREx_DisablePullUpPullDownConfig             build/release/stm32g4xx_hal_pwr_ex.o
HAL_PWREx_DisableSRAM2ContentRetention            build/release/stm32g4xx_hal_pwr_ex.o
HAL_PWREx_DisableUCPDDeadBattery                  build/release/stm32g4xx_hal_pwr_ex.o
HAL_PWREx_DisableUCPDStandbyMode                  build/release/stm32g4xx_hal_pwr_ex.o
HAL_PWREx_EnableBatteryCharging                   build/release/stm32g4xx_hal_pwr_ex.o
HAL_PWREx_EnableGPIOPullDown                      build/release/stm32g4xx_hal_pwr_ex.o
HAL_PWREx_EnableGPIOPullUp                        build/release/stm32g4xx_hal_pwr_ex.o
HAL_PWREx_EnableInternalWakeUpLine                build/release/stm32g4xx_hal_pwr_ex.o
HAL_PWREx_EnableLowPowerRunMode                   build/release/stm32g4xx_hal_pwr_ex.o
                                                  build/release/stm32g4xx_hal_pwr.o
HAL_PWREx_EnablePVM1                              build/release/stm32g4xx_hal_pwr_ex.o
HAL_PWREx_EnablePVM2                              build/release/stm32g4xx_hal_pwr_ex.o
HAL_PWREx_EnablePVM3                              build/release/stm32g4xx_hal_pwr_ex.o
HAL_PWREx_EnablePVM4                              build/release/stm32g4xx_hal_pwr_ex.o
HAL_PWREx_EnablePullUpPullDownConfig              build/release/stm32g4xx_hal_pwr_ex.o
HAL_PWREx_EnableSRAM2ContentRetention             build/release/stm32g4xx_hal_pwr_ex.o
HAL_PWREx_EnableUCPDDeadBattery                   build/release/stm32g4xx_hal_pwr_ex.o
HAL_PWREx_EnableUCPDStandbyMode                   build/release/stm32g4xx_hal_pwr_ex.o
HAL_PWREx_EnterSHUTDOWNMode                       build/release/stm32g4xx_hal_pwr_ex.o
HAL_PWREx_EnterSTOP0Mode                          build/release/stm32g4xx_hal_pwr_ex.o
                                                  build/release/stm32g4xx_hal_pwr.o
HAL_PWREx_EnterSTOP1Mode                          build/release/stm32g4xx_hal_pwr_ex.o
                                                  build/release/stm32g4xx_hal_pwr.o
HAL_PWREx_GetVoltageRange                         build/release/stm32g4xx_hal_pwr_ex.o
HAL_PWREx_PVD_PVM_IRQHandler                      build/release/stm32g4xx_hal_pwr_ex.o
HAL_PWREx_PVM1Callback                            build/release/stm32g4xx_hal_pwr_ex.o
HAL_PWREx_PVM2Callback                            build/release/stm32g4xx_hal_pwr_ex.o
HAL_PWREx_PVM3Callback                            build/release/stm32g4xx_hal_pwr_ex.o
HAL_PWREx_PVM4Callback                            build/release/stm32g4xx_hal_pwr_ex.o
HAL_PWR_ConfigPVD                                 build/release/stm32g4xx_hal_pwr.o
HAL_PWR_DeInit                                    build/release/stm32g4xx_hal_pwr.o
HAL_PWR_DisableBkUpAccess                         build/release/stm32g4xx_hal_pwr.o
                                                  build/release/stm32g4xx_hal_rcc_ex.o
HAL_PWR_DisablePVD                                build/release/stm32g4xx_hal_pwr.o
HAL_PWR_DisableSEVOnPend                          build/release/stm32g4xx_hal_pwr.o
HAL_PWR_DisableSleepOnExit                        build/release/stm32g4xx_hal_pwr.o
HAL_PWR_DisableWakeUpPin                          build/release/stm32g4xx_hal_pwr.o
HAL_PWR_EnableBkUpAccess                          build/release/stm32g4xx_hal_pwr.o
                                                  build/release/stm32g4xx_hal_rcc_ex.o
HAL_PWR_EnablePVD                                 build/release/stm32g4xx_hal_pwr.o
HAL_PWR_EnableSEVOnPend                           build/release/stm32g4xx_hal_pwr.o
HAL_PWR_EnableSleepOnExit                         build/release/stm32g4xx_hal_pwr.o
HAL_PWR_EnableWakeUpPin                           build/release/stm32g4xx_hal_pwr.o
HAL_PWR_EnterSLEEPMode                            build/release/stm32g4xx_hal_pwr.o
HAL_PWR_EnterSTANDBYMode                          build/release/stm32g4xx_hal_pwr.o
HAL_PWR_EnterSTOPMode                             build/release/stm32g4xx_hal_pwr.o
HAL_PWR_PVDCallback                               build/release/stm32g4xx_hal_pwr.o
                                                  build/release/stm32g4xx_hal_pwr_ex.o
HAL_RCCEx_CRSConfig                               build/release/stm32g4xx_hal_rcc_ex.o
HAL_RCCEx_CRSGetSynchronizationInfo               build/release/stm32g4xx_hal_rcc_ex.o
HAL_RCCEx_CRSSoftwareSynchronizationGenerate      build/release/stm32g4xx_hal_rcc_ex.o
HAL_RCCEx_CRSWaitSynchronization                  build/release/stm32g4xx_hal_rcc_ex.o
HAL_RCCEx_CRS_ErrorCallback                       build/release/stm32g4xx_hal_rcc_ex.o
HAL_RCCEx_CRS_ExpectedSyncCallback                build/release/stm32g4xx_hal_rcc_ex.o
HAL_RCCEx_CRS_IRQHandler                          build/release/stm32g4xx_hal_rcc_ex.o
HAL_RCCEx_CRS_SyncOkCallback                      build/release/stm32g4xx_hal_rcc_ex.o
HAL_RCCEx_CRS_SyncWarnCallback                    build/release/stm32g4xx_hal_rcc_ex.o
HAL_RCCEx_DisableLSCO                             build/release/stm32g4xx_hal_rcc_ex.o
HAL_RCCEx_DisableLSECSS                           build/release/stm32g4xx_hal_rcc_ex.o
HAL_RCCEx_EnableLSCO                              build/release/stm32g4xx_hal_rcc_ex.o
HAL_RCCEx_EnableLSECSS                            build/release/stm32g4xx_hal_rcc_ex.o
HAL_RCCEx_EnableLSECSS_IT                         build/release/stm32g4xx_hal_rcc_ex.o
HAL_RCCEx_GetPeriphCLKConfig                      build/release/stm32g4xx_hal_rcc_ex.o
HAL_RCCEx_GetPeriphCLKFreq                        build/release/stm32g4xx_hal_rcc_ex.o
HAL_RCCEx_LSECSS_Callback                         build/release/stm32g4xx_hal_rcc_ex.o
HAL_RCCEx_LSECSS_IRQHandler                       build/release/stm32g4xx_hal_rcc_ex.o
HAL_RCCEx_PeriphCLKConfig                         build/release/stm32g4xx_hal_rcc_ex.o
HAL_RCC_CSSCallback                               build/release/stm32g4xx_hal_rcc.o
HAL_RCC_ClockConfig                               build/release/stm32g4xx_hal_rcc.o
                                                  build/release/main.o
HAL_RCC_DeInit                                    build/release/stm32g4xx_hal_rcc.o
HAL_RCC_DisableLSECSS                             build/release/stm32g4xx_hal_rcc.o
HAL_RCC_EnableCSS                                 build/release/stm32g4xx_hal_rcc.o
HAL_RCC_EnableLSECSS                              build/release/stm32g4xx_hal_rcc.o
HAL_RCC_GetClockConfig                            build/release/stm32g4xx_hal_rcc.o
HAL_RCC_GetHCLKFreq                               build/release/stm32g4xx_hal_rcc.o
HAL_RCC_GetOscConfig                              build/release/stm32g4xx_hal_rcc.o
HAL_RCC_GetPCLK1Freq                              build/release/stm32g4xx_hal_rcc.o
                                                  build/release/stm32g4xx_hal_rcc_ex.o
HAL_RCC_GetPCLK2Freq                              build/release/stm32g4xx_hal_rcc.o
                                                  build/release/stm32g4xx_hal_rcc_ex.o
HAL_RCC_GetSysClockFreq                           build/release/stm32g4xx_hal_rcc.o
                                                  build/release/stm32g4xx_hal_rcc_ex.o
HAL_RCC_MCOConfig                                 build/release/stm32g4xx_hal_rcc.o
HAL_RCC_NMI_IRQHandler                            build/release/stm32g4xx_hal_rcc.o
HAL_RCC_OscConfig                                 build/release/stm32g4xx_hal_rcc.o
                                                  build/release/main.o
HAL_ResumeTick                                    build/release/stm32g4xx_hal.o
HAL_SYSCFG_CCMSRAMErase                           build/release/stm32g4xx_hal.o
HAL_SYSCFG_CCMSRAM_WriteProtectionEnable          build/release/stm32g4xx_hal.o
HAL_SYSCFG_DisableIOSwitchBooster                 build/release/stm32g4xx_hal.o
HAL_SYSCFG_DisableIOSwitchVDD                     build/release/stm32g4xx_hal.o
HAL_SYSCFG_DisableMemorySwappingBank              build/release/stm32g4xx_hal.o
HAL_SYSCFG_DisableVREFBUF                         build/release/stm32g4xx_hal.o
HAL_SYSCFG_EnableIOSwitchBooster                  build/release/stm32g4xx_hal.o
HAL_SYSCFG_EnableIOSwitchVDD                      build/release/stm32g4xx_hal.o
HAL_SYSCFG_EnableMemorySwappingBank               build/release/stm32g4xx_hal.o
HAL_SYSCFG_EnableVREFBUF                          build/release/stm32g4xx_hal.o
HAL_SYSCFG_VREFBUF_HighImpedanceConfig            build/release/stm32g4xx_hal.o
HAL_SYSCFG_VREFBUF_TrimmingConfig                 build/release/stm32g4xx_hal.o
HAL_SYSCFG_VREFBUF_VoltageScalingConfig           build/release/stm32g4xx_hal.o
HAL_SYSTICK_CLKSourceConfig                       build/release/stm32g4xx_hal_cortex.o
HAL_SYSTICK_Callback                              build/release/stm32g4xx_hal_cortex.o
HAL_SYSTICK_Config                                build/release/stm32g4xx_hal_cortex.o
                                                  build/release/stm32g4xx_hal.o
HAL_SYSTICK_IRQHandler                            build/release/stm32g4xx_hal_cortex.o
HAL_SetTickFreq                                   build/release/stm32g4xx_hal.o
HAL_SuspendTick                                   build/release/stm32g4xx_hal.o
HardFault_Handler                                 build/release/stm32g4xx_it.o
I2C1_ER_IRQHandler                                build/release/startup_stm32g491vetx.o
I2C1_EV_IRQHandler                                build/release/startup_stm32g491vetx.o
I2C2_ER_IRQHandler                                build/release/startup_stm32g491vetx.o
I2C2_EV_IRQHandler                                build/release/startup_stm32g491vetx.o
I2C3_ER_IRQHandler                                build/release/startup_stm32g491vetx.o
I2C3_EV_IRQHandler                                build/release/startup_stm32g491vetx.o
IOPin::IOPin(GPIO_TypeDef*, unsigned short)       build/release/IOPin.o
                                                  build/release/BoardManager.o
IOPin::IOPin(GPIO_TypeDef*, unsigned short)       build/release/IOPin.o
IOPin::toggle()                                   build/release/IOPin.o
                                                  build/release/IOPinwrapper.o
IOPin_wrapper::IOPin_wrapper(IOPin&)              build/release/IOPinwrapper.o
IOPin_wrapper::IOPin_wrapper(IOPin&)              build/release/IOPinwrapper.o
                                                  build/release/BoardManager.o
IOPin_wrapper::toggle_led()                       build/release/IOPinwrapper.o
                                                  build/release/BoardManager.o
LPTIM1_IRQHandler                                 build/release/startup_stm32g491vetx.o
LPUART1_IRQHandler                                build/release/startup_stm32g491vetx.o
MX_GPIO_Init                                      build/release/gpio.o
                                                  build/release/main.o
MemManage_Handler                                 build/release/stm32g4xx_it.o
NMI_Handler                                       build/release/stm32g4xx_it.o
PVD_PVM_IRQHandler                                build/release/startup_stm32g491vetx.o
PendSV_Handler                                    build/release/stm32g4xx_it.o
QUADSPI_IRQHandler                                build/release/startup_stm32g491vetx.o
RCC_IRQHandler                                    build/release/startup_stm32g491vetx.o
RNG_IRQHandler                                    build/release/startup_stm32g491vetx.o
RTC_Alarm_IRQHandler                              build/release/startup_stm32g491vetx.o
RTC_TAMP_LSECSS_IRQHandler                        build/release/startup_stm32g491vetx.o
RTC_WKUP_IRQHandler                               build/release/startup_stm32g491vetx.o
Reset_Handler                                     build/release/startup_stm32g491vetx.o
SAI1_IRQHandler                                   build/release/startup_stm32g491vetx.o
SPI1_IRQHandler                                   build/release/startup_stm32g491vetx.o
SPI2_IRQHandler                                   build/release/startup_stm32g491vetx.o
SPI3_IRQHandler                                   build/release/startup_stm32g491vetx.o
SVC_Handler                                       build/release/stm32g4xx_it.o
SysTick_Handler                                   build/release/stm32g4xx_it.o
SystemClock_Config                                build/release/main.o
SystemCoreClock                                   build/release/system_stm32g4xx.o
                                                  build/release/stm32g4xx_hal_rcc.o
                                                  build/release/stm32g4xx_hal_pwr_ex.o
                                                  build/release/stm32g4xx_hal.o
SystemCoreClockUpdate                             build/release/system_stm32g4xx.o
SystemInit                                        build/release/system_stm32g4xx.o
                                                  build/release/startup_stm32g491vetx.o
TIM1_BRK_TIM15_IRQHandler                         build/release/startup_stm32g491vetx.o
TIM1_CC_IRQHandler                                build/release/startup_stm32g491vetx.o
TIM1_TRG_COM_TIM17_IRQHandler                     build/release/startup_stm32g491vetx.o
TIM1_UP_TIM16_IRQHandler                          build/release/startup_stm32g491vetx.o
TIM20_BRK_IRQHandler                              build/release/startup_stm32g491vetx.o
TIM20_CC_IRQHandler                               build/release/startup_stm32g491vetx.o
TIM20_TRG_COM_IRQHandler                          build/release/startup_stm32g491vetx.o
TIM20_UP_IRQHandler                               build/release/startup_stm32g491vetx.o
TIM2_IRQHandler                                   build/release/startup_stm32g491vetx.o
TIM3_IRQHandler                                   build/release/startup_stm32g491vetx.o
TIM4_IRQHandler                                   build/release/startup_stm32g491vetx.o
TIM6_DAC_IRQHandler                               build/release/startup_stm32g491vetx.o
TIM7_IRQHandler                                   build/release/startup_stm32g491vetx.o
TIM8_BRK_IRQHandler                               build/release/startup_stm32g491vetx.o
TIM8_CC_IRQHandler                                build/release/startup_stm32g491vetx.o
TIM8_TRG_COM_IRQHandler                           build/release/startup_stm32g491vetx.o
TIM8_UP_IRQHandler                                build/release/startup_stm32g491vetx.o
UART4_IRQHandler                                  build/release/startup_stm32g491vetx.o
UART5_IRQHandler                                  build/release/startup_stm32g491vetx.o
UCPD1_IRQHandler                                  build/release/startup_stm32g491vetx.o
USART1_IRQHandler                                 build/release/startup_stm32g491vetx.o
USART2_IRQHandler                                 build/release/startup_stm32g491vetx.o
USART3_IRQHandler                                 build/release/startup_stm32g491vetx.o
USBWakeUp_IRQHandler                              build/release/startup_stm32g491vetx.o
USB_HP_IRQHandler                                 build/release/startup_stm32g491vetx.o
USB_LP_IRQHandler                                 build/release/startup_stm32g491vetx.o
UsageFault_Handler                                build/release/stm32g4xx_it.o
WWDG_IRQHandler                                   build/release/startup_stm32g491vetx.o
_Min_Stack_Size                                   build/release/sysmem.o
__atexit                                          c:/Users/aniru.000/AppData/Roaming/Code/User/globalStorage/bmd.stm32-for-vscode/@xpack-dev-tools/arm-none-eabi-gcc/15.2.1-1.1.1/.content/bin/../lib/gcc/arm-none-eabi/15.2.1/../../../../arm-none-eabi/lib/thumb/v7e-m+fp/hard\libc_nano.a(libc_a-__call_atexit.o)
                                                  c:/Users/aniru.000/AppData/Roaming/Code/User/globalStorage/bmd.stm32-for-vscode/@xpack-dev-tools/arm-none-eabi-gcc/15.2.1-1.1.1/.content/bin/../lib/gcc/arm-none-eabi/15.2.1/../../../../arm-none-eabi/lib/thumb/v7e-m+fp/hard\libc_nano.a(libc_a-__atexit.o)
__atexit0                                         c:/Users/aniru.000/AppData/Roaming/Code/User/globalStorage/bmd.stm32-for-vscode/@xpack-dev-tools/arm-none-eabi-gcc/15.2.1-1.1.1/.content/bin/../lib/gcc/arm-none-eabi/15.2.1/../../../../arm-none-eabi/lib/thumb/v7e-m+fp/hard\libc_nano.a(libc_a-__atexit.o)
__atexit_dummy                                    c:/Users/aniru.000/AppData/Roaming/Code/User/globalStorage/bmd.stm32-for-vscode/@xpack-dev-tools/arm-none-eabi-gcc/15.2.1-1.1.1/.content/bin/../lib/gcc/arm-none-eabi/15.2.1/../../../../arm-none-eabi/lib/thumb/v7e-m+fp/hard\libc_nano.a(libc_a-__atexit.o)
__atexit_recursive_mutex                          c:/Users/aniru.000/AppData/Roaming/Code/User/globalStorage/bmd.stm32-for-vscode/@xpack-dev-tools/arm-none-eabi-gcc/15.2.1-1.1.1/.content/bin/../lib/gcc/arm-none-eabi/15.2.1/../../../../arm-none-eabi/lib/thumb/v7e-m+fp/hard\libc_nano.a(libc_a-__call_atexit.o)
                                                  c:/Users/aniru.000/AppData/Roaming/Code/User/globalStorage/bmd.stm32-for-vscode/@xpack-dev-tools/arm-none-eabi-gcc/15.2.1-1.1.1/.content/bin/../lib/gcc/arm-none-eabi/15.2.1/../../../../arm-none-eabi/lib/thumb/v7e-m+fp/hard\libc_nano.a(libc_a-__atexit.o)
__bss_end__                                       c:/Users/aniru.000/AppData/Roaming/Code/User/globalStorage/bmd.stm32-for-vscode/@xpack-dev-tools/arm-none-eabi-gcc/15.2.1-1.1.1/.content/bin/../lib/gcc/arm-none-eabi/15.2.1/../../../../arm-none-eabi/lib/thumb/v7e-m+fp/hard/crt0.o
__bss_start__                                     c:/Users/aniru.000/AppData/Roaming/Code/User/globalStorage/bmd.stm32-for-vscode/@xpack-dev-tools/arm-none-eabi-gcc/15.2.1-1.1.1/.content/bin/../lib/gcc/arm-none-eabi/15.2.1/../../../../arm-none-eabi/lib/thumb/v7e-m+fp/hard/crt0.o
__call_exitprocs                                  c:/Users/aniru.000/AppData/Roaming/Code/User/globalStorage/bmd.stm32-for-vscode/@xpack-dev-tools/arm-none-eabi-gcc/15.2.1-1.1.1/.content/bin/../lib/gcc/arm-none-eabi/15.2.1/../../../../arm-none-eabi/lib/thumb/v7e-m+fp/hard\libc_nano.a(libc_a-__call_atexit.o)
                                                  c:/Users/aniru.000/AppData/Roaming/Code/User/globalStorage/bmd.stm32-for-vscode/@xpack-dev-tools/arm-none-eabi-gcc/15.2.1-1.1.1/.content/bin/../lib/gcc/arm-none-eabi/15.2.1/../../../../arm-none-eabi/lib/thumb/v7e-m+fp/hard\libc_nano.a(libc_a-__atexit.o)
                                                  c:/Users/aniru.000/AppData/Roaming/Code/User/globalStorage/bmd.stm32-for-vscode/@xpack-dev-tools/arm-none-eabi-gcc/15.2.1-1.1.1/.content/bin/../lib/gcc/arm-none-eabi/15.2.1/../../../../arm-none-eabi/lib/thumb/v7e-m+fp/hard\libc_nano.a(libc_a-exit.o)
__deregister_frame_info                           c:/Users/aniru.000/AppData/Roaming/Code/User/globalStorage/bmd.stm32-for-vscode/@xpack-dev-tools/arm-none-eabi-gcc/15.2.1-1.1.1/.content/bin/../lib/gcc/arm-none-eabi/15.2.1/thumb/v7e-m+fp/hard/crtbegin.o
__dso_handle                                      c:/Users/aniru.000/AppData/Roaming/Code/User/globalStorage/bmd.stm32-for-vscode/@xpack-dev-tools/arm-none-eabi-gcc/15.2.1-1.1.1/.content/bin/../lib/gcc/arm-none-eabi/15.2.1/thumb/v7e-m+fp/hard/crtbegin.o
__env                                             build/release/syscalls.o
__errno                                           c:/Users/aniru.000/AppData/Roaming/Code/User/globalStorage/bmd.stm32-for-vscode/@xpack-dev-tools/arm-none-eabi-gcc/15.2.1-1.1.1/.content/bin/../lib/gcc/arm-none-eabi/15.2.1/../../../../arm-none-eabi/lib/thumb/v7e-m+fp/hard\libc_nano.a(libc_a-errno.o)
                                                  build/release/sysmem.o
                                                  build/release/syscalls.o
__fini_array_end                                  c:/Users/aniru.000/AppData/Roaming/Code/User/globalStorage/bmd.stm32-for-vscode/@xpack-dev-tools/arm-none-eabi-gcc/15.2.1-1.1.1/.content/bin/../lib/gcc/arm-none-eabi/15.2.1/../../../../arm-none-eabi/lib/thumb/v7e-m+fp/hard\libc_nano.a(libc_a-fini.o)
__fini_array_start                                c:/Users/aniru.000/AppData/Roaming/Code/User/globalStorage/bmd.stm32-for-vscode/@xpack-dev-tools/arm-none-eabi-gcc/15.2.1-1.1.1/.content/bin/../lib/gcc/arm-none-eabi/15.2.1/../../../../arm-none-eabi/lib/thumb/v7e-m+fp/hard\libc_nano.a(libc_a-fini.o)
__fp_lock_all                                     c:/Users/aniru.000/AppData/Roaming/Code/User/globalStorage/bmd.stm32-for-vscode/@xpack-dev-tools/arm-none-eabi-gcc/15.2.1-1.1.1/.content/bin/../lib/gcc/arm-none-eabi/15.2.1/../../../../arm-none-eabi/lib/thumb/v7e-m+fp/hard\libc_nano.a(libc_a-findfp.o)
__fp_unlock_all                                   c:/Users/aniru.000/AppData/Roaming/Code/User/globalStorage/bmd.stm32-for-vscode/@xpack-dev-tools/arm-none-eabi-gcc/15.2.1-1.1.1/.content/bin/../lib/gcc/arm-none-eabi/15.2.1/../../../../arm-none-eabi/lib/thumb/v7e-m+fp/hard\libc_nano.a(libc_a-findfp.o)
__init_array_end                                  c:/Users/aniru.000/AppData/Roaming/Code/User/globalStorage/bmd.stm32-for-vscode/@xpack-dev-tools/arm-none-eabi-gcc/15.2.1-1.1.1/.content/bin/../lib/gcc/arm-none-eabi/15.2.1/../../../../arm-none-eabi/lib/thumb/v7e-m+fp/hard\libc_nano.a(libc_a-init.o)
__init_array_start                                c:/Users/aniru.000/AppData/Roaming/Code/User/globalStorage/bmd.stm32-for-vscode/@xpack-dev-tools/arm-none-eabi-gcc/15.2.1-1.1.1/.content/bin/../lib/gcc/arm-none-eabi/15.2.1/../../../../arm-none-eabi/lib/thumb/v7e-m+fp/hard\libc_nano.a(libc_a-init.o)
__io_getchar                                      build/release/syscalls.o
__io_putchar                                      build/release/syscalls.o
__libc_fini_array                                 c:/Users/aniru.000/AppData/Roaming/Code/User/globalStorage/bmd.stm32-for-vscode/@xpack-dev-tools/arm-none-eabi-gcc/15.2.1-1.1.1/.content/bin/../lib/gcc/arm-none-eabi/15.2.1/../../../../arm-none-eabi/lib/thumb/v7e-m+fp/hard\libc_nano.a(libc_a-fini.o)
                                                  c:/Users/aniru.000/AppData/Roaming/Code/User/globalStorage/bmd.stm32-for-vscode/@xpack-dev-tools/arm-none-eabi-gcc/15.2.1-1.1.1/.content/bin/../lib/gcc/arm-none-eabi/15.2.1/../../../../arm-none-eabi/lib/thumb/v7e-m+fp/hard/crt0.o
__libc_init_array                                 c:/Users/aniru.000/AppData/Roaming/Code/User/globalStorage/bmd.stm32-for-vscode/@xpack-dev-tools/arm-none-eabi-gcc/15.2.1-1.1.1/.content/bin/../lib/gcc/arm-none-eabi/15.2.1/../../../../arm-none-eabi/lib/thumb/v7e-m+fp/hard\libc_nano.a(libc_a-init.o)
                                                  build/release/startup_stm32g491vetx.o
                                                  c:/Users/aniru.000/AppData/Roaming/Code/User/globalStorage/bmd.stm32-for-vscode/@xpack-dev-tools/arm-none-eabi-gcc/15.2.1-1.1.1/.content/bin/../lib/gcc/arm-none-eabi/15.2.1/../../../../arm-none-eabi/lib/thumb/v7e-m+fp/hard/crt0.o
__lock___arc4random_mutex                         c:/Users/aniru.000/AppData/Roaming/Code/User/globalStorage/bmd.stm32-for-vscode/@xpack-dev-tools/arm-none-eabi-gcc/15.2.1-1.1.1/.content/bin/../lib/gcc/arm-none-eabi/15.2.1/../../../../arm-none-eabi/lib/thumb/v7e-m+fp/hard\libc_nano.a(libc_a-lock.o)
__lock___at_quick_exit_mutex                      c:/Users/aniru.000/AppData/Roaming/Code/User/globalStorage/bmd.stm32-for-vscode/@xpack-dev-tools/arm-none-eabi-gcc/15.2.1-1.1.1/.content/bin/../lib/gcc/arm-none-eabi/15.2.1/../../../../arm-none-eabi/lib/thumb/v7e-m+fp/hard\libc_nano.a(libc_a-lock.o)
__lock___atexit_recursive_mutex                   c:/Users/aniru.000/AppData/Roaming/Code/User/globalStorage/bmd.stm32-for-vscode/@xpack-dev-tools/arm-none-eabi-gcc/15.2.1-1.1.1/.content/bin/../lib/gcc/arm-none-eabi/15.2.1/../../../../arm-none-eabi/lib/thumb/v7e-m+fp/hard\libc_nano.a(libc_a-lock.o)
                                                  c:/Users/aniru.000/AppData/Roaming/Code/User/globalStorage/bmd.stm32-for-vscode/@xpack-dev-tools/arm-none-eabi-gcc/15.2.1-1.1.1/.content/bin/../lib/gcc/arm-none-eabi/15.2.1/../../../../arm-none-eabi/lib/thumb/v7e-m+fp/hard\libc_nano.a(libc_a-__call_atexit.o)
__lock___dd_hash_mutex                            c:/Users/aniru.000/AppData/Roaming/Code/User/globalStorage/bmd.stm32-for-vscode/@xpack-dev-tools/arm-none-eabi-gcc/15.2.1-1.1.1/.content/bin/../lib/gcc/arm-none-eabi/15.2.1/../../../../arm-none-eabi/lib/thumb/v7e-m+fp/hard\libc_nano.a(libc_a-lock.o)
__lock___env_recursive_mutex                      c:/Users/aniru.000/AppData/Roaming/Code/User/globalStorage/bmd.stm32-for-vscode/@xpack-dev-tools/arm-none-eabi-gcc/15.2.1-1.1.1/.content/bin/../lib/gcc/arm-none-eabi/15.2.1/../../../../arm-none-eabi/lib/thumb/v7e-m+fp/hard\libc_nano.a(libc_a-lock.o)
__lock___malloc_recursive_mutex                   c:/Users/aniru.000/AppData/Roaming/Code/User/globalStorage/bmd.stm32-for-vscode/@xpack-dev-tools/arm-none-eabi-gcc/15.2.1-1.1.1/.content/bin/../lib/gcc/arm-none-eabi/15.2.1/../../../../arm-none-eabi/lib/thumb/v7e-m+fp/hard\libc_nano.a(libc_a-lock.o)
                                                  c:/Users/aniru.000/AppData/Roaming/Code/User/globalStorage/bmd.stm32-for-vscode/@xpack-dev-tools/arm-none-eabi-gcc/15.2.1-1.1.1/.content/bin/../lib/gcc/arm-none-eabi/15.2.1/../../../../arm-none-eabi/lib/thumb/v7e-m+fp/hard\libc_nano.a(libc_a-mlock.o)
__lock___sfp_recursive_mutex                      c:/Users/aniru.000/AppData/Roaming/Code/User/globalStorage/bmd.stm32-for-vscode/@xpack-dev-tools/arm-none-eabi-gcc/15.2.1-1.1.1/.content/bin/../lib/gcc/arm-none-eabi/15.2.1/../../../../arm-none-eabi/lib/thumb/v7e-m+fp/hard\libc_nano.a(libc_a-lock.o)
                                                  c:/Users/aniru.000/AppData/Roaming/Code/User/globalStorage/bmd.stm32-for-vscode/@xpack-dev-tools/arm-none-eabi-gcc/15.2.1-1.1.1/.content/bin/../lib/gcc/arm-none-eabi/15.2.1/../../../../arm-none-eabi/lib/thumb/v7e-m+fp/hard\libc_nano.a(libc_a-findfp.o)
__lock___tz_mutex                                 c:/Users/aniru.000/AppData/Roaming/Code/User/globalStorage/bmd.stm32-for-vscode/@xpack-dev-tools/arm-none-eabi-gcc/15.2.1-1.1.1/.content/bin/../lib/gcc/arm-none-eabi/15.2.1/../../../../arm-none-eabi/lib/thumb/v7e-m+fp/hard\libc_nano.a(libc_a-lock.o)
__malloc_free_list                                c:/Users/aniru.000/AppData/Roaming/Code/User/globalStorage/bmd.stm32-for-vscode/@xpack-dev-tools/arm-none-eabi-gcc/15.2.1-1.1.1/.content/bin/../lib/gcc/arm-none-eabi/15.2.1/../../../../arm-none-eabi/lib/thumb/v7e-m+fp/hard\libc_nano.a(libc_a-mallocr.o)
                                                  c:/Users/aniru.000/AppData/Roaming/Code/User/globalStorage/bmd.stm32-for-vscode/@xpack-dev-tools/arm-none-eabi-gcc/15.2.1-1.1.1/.content/bin/../lib/gcc/arm-none-eabi/15.2.1/../../../../arm-none-eabi/lib/thumb/v7e-m+fp/hard\libc_nano.a(libc_a-freer.o)
__malloc_lock                                     c:/Users/aniru.000/AppData/Roaming/Code/User/globalStorage/bmd.stm32-for-vscode/@xpack-dev-tools/arm-none-eabi-gcc/15.2.1-1.1.1/.content/bin/../lib/gcc/arm-none-eabi/15.2.1/../../../../arm-none-eabi/lib/thumb/v7e-m+fp/hard\libc_nano.a(libc_a-mlock.o)
                                                  c:/Users/aniru.000/AppData/Roaming/Code/User/globalStorage/bmd.stm32-for-vscode/@xpack-dev-tools/arm-none-eabi-gcc/15.2.1-1.1.1/.content/bin/../lib/gcc/arm-none-eabi/15.2.1/../../../../arm-none-eabi/lib/thumb/v7e-m+fp/hard\libc_nano.a(libc_a-freer.o)
                                                  c:/Users/aniru.000/AppData/Roaming/Code/User/globalStorage/bmd.stm32-for-vscode/@xpack-dev-tools/arm-none-eabi-gcc/15.2.1-1.1.1/.content/bin/../lib/gcc/arm-none-eabi/15.2.1/../../../../arm-none-eabi/lib/thumb/v7e-m+fp/hard\libc_nano.a(libc_a-mallocr.o)
__malloc_sbrk_start                               c:/Users/aniru.000/AppData/Roaming/Code/User/globalStorage/bmd.stm32-for-vscode/@xpack-dev-tools/arm-none-eabi-gcc/15.2.1-1.1.1/.content/bin/../lib/gcc/arm-none-eabi/15.2.1/../../../../arm-none-eabi/lib/thumb/v7e-m+fp/hard\libc_nano.a(libc_a-mallocr.o)